Component: ARM Compiler 5.06 update 4 (build 422) Tool: armlink [4d35d2]

==============================================================================

Section Cross References

    main.o(i.ArtFire_Init) refers to system_stm32f10x.o(i.SystemInit) for SystemInit
    main.o(i.ArtFire_Init) refers to xb_delay.o(i.SysTick_Configuration) for SysTick_Configuration
    main.o(i.ArtFire_Init) refers to xb_eeprom_24c0x.o(i.EEPROM_24C0x_Low_Init) for EEPROM_24C0x_Low_Init
    main.o(i.ArtFire_Init) refers to main.o(i.Read_Save_Para) for Read_Save_Para
    main.o(i.ArtFire_Init) refers to stm32f10x_rcc.o(i.RCC_APB1PeriphClockCmd) for RCC_APB1PeriphClockCmd
    main.o(i.ArtFire_Init) refers to stm32f10x_wwdg.o(i.WWDG_SetPrescaler) for WWDG_SetPrescaler
    main.o(i.ArtFire_Init) refers to stm32f10x_wwdg.o(i.WWDG_SetWindowValue) for WWDG_SetWindowValue
    main.o(i.ArtFire_Init) refers to stm32f10x_wwdg.o(i.WWDG_Enable) for WWDG_Enable
    main.o(i.ArtFire_Init) refers to safe_check.o(i.Safe_Check_Init) for Safe_Check_Init
    main.o(i.ArtFire_Init) refers to stm32f10x_rcc.o(i.RCC_APB2PeriphClockCmd) for RCC_APB2PeriphClockCmd
    main.o(i.ArtFire_Init) refers to main.o(i.Debug_USART_Init) for Debug_USART_Init
    main.o(i.ArtFire_Init) refers to stm32f10x_gpio.o(i.GPIO_Init) for GPIO_Init
    main.o(i.ArtFire_Init) refers to stm32f10x_gpio.o(i.GPIO_ResetBits) for GPIO_ResetBits
    main.o(i.ArtFire_Init) refers to stm32f10x_gpio.o(i.GPIO_SetBits) for GPIO_SetBits
    main.o(i.ArtFire_Init) refers to stm32f10x_gpio.o(i.GPIO_PinRemapConfig) for GPIO_PinRemapConfig
    main.o(i.ArtFire_Init) refers to main.o(i.YF017_Init) for YF017_Init
    main.o(i.ArtFire_Init) refers to xb_wifi.o(i.XB_WIFI_Init) for XB_WIFI_Init
    main.o(i.ArtFire_Init) refers to main.o(.bss) for XB_WIFI_Structure
    main.o(i.Critical_Problem_Handler) refers to stm32f10x_tim.o(i.TIM_Cmd) for TIM_Cmd
    main.o(i.Critical_Problem_Handler) refers to stm32f10x_gpio.o(i.GPIO_SetBits) for GPIO_SetBits
    main.o(i.Critical_Problem_Handler) refers to stm32f10x_gpio.o(i.GPIO_ResetBits) for GPIO_ResetBits
    main.o(i.Critical_Problem_Handler) refers to xb_delay.o(i.Delay_ms) for Delay_ms
    main.o(i.Critical_Problem_Handler) refers to xb_wifi.o(i.XB_Alcohol_AP_Send_Data) for XB_Alcohol_AP_Send_Data
    main.o(i.Critical_Problem_Handler) refers to main.o(i.Debug_USART_Send_Char) for Debug_USART_Send_Char
    main.o(i.Critical_Problem_Handler) refers to main.o(.data) for System_Status
    main.o(i.Debug_USART_Init) refers to stm32f10x_rcc.o(i.RCC_APB2PeriphClockCmd) for RCC_APB2PeriphClockCmd
    main.o(i.Debug_USART_Init) refers to stm32f10x_rcc.o(i.RCC_APB1PeriphClockCmd) for RCC_APB1PeriphClockCmd
    main.o(i.Debug_USART_Init) refers to stm32f10x_usart.o(i.USART_Cmd) for USART_Cmd
    main.o(i.Debug_USART_Init) refers to stm32f10x_usart.o(i.USART_Init) for USART_Init
    main.o(i.Debug_USART_Init) refers to stm32f10x_gpio.o(i.GPIO_Init) for GPIO_Init
    main.o(i.Debug_USART_Send_Char) refers to stm32f10x_usart.o(i.USART_GetFlagStatus) for USART_GetFlagStatus
    main.o(i.Debug_USART_Send_Char) refers to stm32f10x_usart.o(i.USART_SendData) for USART_SendData
    main.o(i.Debug_USART_Send_Str) refers to main.o(i.Debug_USART_Send_Char) for Debug_USART_Send_Char
    main.o(i.Get_Remote_Action) refers to stm32f10x_gpio.o(i.GPIO_ReadInputDataBit) for GPIO_ReadInputDataBit
    main.o(i.Get_Remote_Action) refers to xb_delay.o(i.Delay_ms) for Delay_ms
    main.o(i.Get_Remote_Action) refers to main.o(i.Set_Play) for Set_Play
    main.o(i.Get_Remote_Action) refers to main.o(.data) for System_Status
    main.o(i.Get_Remote_Action) refers to xb_wifi.o(.data) for RX_Frame_User_Data_Flag
    main.o(i.Get_Remote_Action) refers to xb_wifi.o(.bss) for XB_WIFI_RX_USER_Buf
    main.o(i.Pump_Alcohol) refers to stm32f10x_gpio.o(i.GPIO_SetBits) for GPIO_SetBits
    main.o(i.Pump_Alcohol) refers to stm32f10x_gpio.o(i.GPIO_ResetBits) for GPIO_ResetBits
    main.o(i.Pump_Alcohol) refers to xb_delay.o(i.Delay_ms) for Delay_ms
    main.o(i.Pump_Alcohol) refers to stm32f10x_gpio.o(i.GPIO_ReadInputDataBit) for GPIO_ReadInputDataBit
    main.o(i.Pump_Alcohol) refers to main.o(i.Critical_Problem_Handler) for Critical_Problem_Handler
    main.o(i.Pump_Alcohol) refers to main.o(.data) for Alcohol_Low_Alarm_Cnt
    main.o(i.Pump_Alcohol) refers to safe_check.o(.data) for Critical_Problem_Handler_Flag
    main.o(i.Read_Save_Para) refers to xb_eeprom_24c0x.o(i.EEPROM_24C0x_Read) for EEPROM_24C0x_Read
    main.o(i.Read_Save_Para) refers to safe_check.o(.data) for Acc_Adjust_X
    main.o(i.Set_Play) refers to stm32f10x_gpio.o(i.GPIO_ReadInputDataBit) for GPIO_ReadInputDataBit
    main.o(i.Set_Play) refers to stm32f10x_gpio.o(i.GPIO_SetBits) for GPIO_SetBits
    main.o(i.Set_Play) refers to xb_delay.o(i.Delay_ms) for Delay_ms
    main.o(i.Set_Play) refers to stm32f10x_gpio.o(i.GPIO_ResetBits) for GPIO_ResetBits
    main.o(i.Start_Fire) refers to main.o(i.Set_Play) for Set_Play
[...]
    i.Wait_Ack                               0x08003e2c   Section        0  xb_mma845x.o(i.Wait_Ack)
    i.Wait_For_Signal                        0x08003e74   Section        0  xb_wifi.o(i.Wait_For_Signal)
    i.XB_18B20_Delay_10us                    0x08003ec4   Section        0  xb_18b20.o(i.XB_18B20_Delay_10us)
    i.XB_18B20_Get_Temperture                0x08003ee0   Section        0  xb_18b20.o(i.XB_18B20_Get_Temperture)
    i.XB_18B20_IO_Mode                       0x08003f18   Section        0  xb_18b20.o(i.XB_18B20_IO_Mode)
    i.XB_18B20_Init                          0x08003f68   Section        0  xb_18b20.o(i.XB_18B20_Init)
    i.XB_18B20_Low_Init                      0x08003f9e   Section        0  xb_18b20.o(i.XB_18B20_Low_Init)
    i.XB_18B20_Math_Temperture               0x08003fa8   Section        0  xb_18b20.o(i.XB_18B20_Math_Temperture)
    i.XB_18B20_Read_Byte                     0x08004004   Section        0  xb_18b20.o(i.XB_18B20_Read_Byte)
    i.XB_18B20_Reset                         0x08004050   Section        0  xb_18b20.o(i.XB_18B20_Reset)
    i.XB_18B20_Start_Convert                 0x080040d0   Section        0  xb_18b20.o(i.XB_18B20_Start_Convert)
    i.XB_18B20_Write_Byte                    0x080040e4   Section        0  xb_18b20.o(i.XB_18B20_Write_Byte)
    i.XB_ADC_Filter                          0x0800414c   Section        0  xb_adc.o(i.XB_ADC_Filter)
    i.XB_ADC_Init                            0x08004190   Section        0  xb_adc.o(i.XB_ADC_Init)
    i.XB_Alcohol_AP_Send_Data                0x0800419c   Section        0  xb_wifi.o(i.XB_Alcohol_AP_Send_Data)
    i.XB_USART_Init                          0x080041f4   Section        0  xb_wifi.o(i.XB_USART_Init)
    i.XB_WIFI_Init                           0x08004308   Section        0  xb_wifi.o(i.XB_WIFI_Init)
    i.XB_WIFI_Send_Str                       0x0800445c   Section        0  xb_wifi.o(i.XB_WIFI_Send_Str)
    i.XB_WIFI_USART_Send_Char                0x080044a8   Section        0  xb_wifi.o(i.XB_WIFI_USART_Send_Char)
    i.YF017_Init                             0x080044c8   Section        0  main.o(i.YF017_Init)
    i.__ARM_fpclassify                       0x08004538   Section        0  fpclassify.o(i.__ARM_fpclassify)
    i._is_digit                              0x08004560   Section        0  __printf_wp.o(i._is_digit)
    i.main                                   0x08004570   Section        0  main.o(i.main)
    i.sqrtf                                  0x080046a0   Section        0  sqrtf.o(i.sqrtf)
    locale$$code                             0x080046cc   Section       44  lc_ctype_c.o(locale$$code)
    locale$$code                             0x080046f8   Section       44  lc_numeric_c.o(locale$$code)
    x$fpl$dcmpinf                            0x08004724   Section       24  dcmpi.o(x$fpl$dcmpinf)
    x$fpl$dleqf                              0x0800473c   Section      120  dleqf.o(x$fpl$dleqf)
    x$fpl$dnaninf                            0x080047b4   Section      156  dnaninf.o(x$fpl$dnaninf)
    x$fpl$dretinf                            0x08004850   Section       12  dretinf.o(x$fpl$dretinf)
    x$fpl$drleqf                             0x0800485c   Section      108  drleqf.o(x$fpl$drleqf)
    x$fpl$f2d                                0x080048c8   Section       86  f2d.o(x$fpl$f2d)
    x$fpl$fadd                               0x08004920   Section      196  faddsub_clz.o(x$fpl$fadd)
    _fadd1                                   0x0800492f   Thumb Code     0  faddsub_clz.o(x$fpl$fadd)
    x$fpl$fcmpinf                            0x080049e4   Section       24  fcmpi.o(x$fpl$fcmpinf)
    x$fpl$fdiv                               0x080049fc   Section      388  fdiv.o(x$fpl$fdiv)
    _fdiv1                                   0x080049fd   Thumb Code     0  fdiv.o(x$fpl$fdiv)
    x$fpl$fflt                               0x08004b80   Section       48  fflt_clz.o(x$fpl$fflt)
    x$fpl$fleqf                              0x08004bb0   Section      104  fleqf.o(x$fpl$fleqf)
    x$fpl$fmul                               0x08004c18   Section      258  fmul.o(x$fpl$fmul)
    x$fpl$fnaninf                            0x08004d1a   Section      140  fnaninf.o(x$fpl$fnaninf)
    x$fpl$fretinf                            0x08004da6   Section       10  fretinf.o(x$fpl$fretinf)
    x$fpl$frleqf                             0x08004db0   Section       98  frleqf.o(x$fpl$frleqf)
    x$fpl$frsb                               0x08004e12   Section       20  faddsub_clz.o(x$fpl$frsb)
    x$fpl$fsqrt                              0x08004e28   Section      272  fsqrt.o(x$fpl$fsqrt)
    x$fpl$fsub                               0x08004f38   Section      234  faddsub_clz.o(x$fpl$fsub)
    _fsub1                                   0x08004f47   Thumb Code     0  faddsub_clz.o(x$fpl$fsub)
    x$fpl$printf1                            0x08005022   Section        4  printf1.o(x$fpl$printf1)
    x$fpl$usenofp                            0x08005026   Section        0  usenofp.o(x$fpl$usenofp)
    .constdata                               0x08005028   Section        8  _printf_wctomb.o(.constdata)
    initial_mbstate                          0x08005028   Data           8  _printf_wctomb.o(.constdata)
    .constdata                               0x08005030   Section       40  _printf_hex_int_ll_ptr.o(.constdata)
    uc_hextab                                0x08005030   Data          20  _printf_hex_int_ll_ptr.o(.constdata)
    lc_hextab                                0x08005044   Data          20  _printf_hex_int_ll_ptr.o(.constdata)
    .constdata                               0x08005058   Section       17  __printf_flags_ss_wp.o(.constdata)
    maptable                                 0x08005058   Data          17  __printf_flags_ss_wp.o(.constdata)
    .constdata                               0x0800506c   Section      148  bigflt0.o(.constdata)
    tenpwrs_x                                0x0800506c   Data          60  bigflt0.o(.constdata)
    tenpwrs_i                                0x080050a8   Data          64  bigflt0.o(.constdata)
    locale$$data                             0x08005120   Section      272  lc_ctype_c.o(locale$$data)
    __lcctype_c_name                         0x08005124   Data           2  lc_ctype_c.o(locale$$data)
    __lcctype_c_start                        0x0800512c   Data           0  lc_ctype_c.o(locale$$data)
    locale$$data                             0x08005230   Section       28  lc_numeric_c.o(locale$$data)
    __lcctype_c_end                          0x08005230   Data           0  lc_ctype_c.o(locale$$data)
    __lcnum_c_name                           0x08005234   Data           2  lc_numeric_c.o(locale$$data)
    __lcnum_c_start                          0x0800523c   Data           0  lc_numeric_c.o(locale$$data)
    __lcnum_c_point                          0x08005248   Data           0  lc_numeric_c.o(locale$$data)
    __lcnum_c_thousands                      0x0800524a   Data           0  lc_numeric_c.o(locale$$data)
    __lcnum_c_grouping                       0x0800524b   Data           0  lc_numeric_c.o(locale$$data)
    __lcnum_c_end                            0x0800524c   Data           0  lc_numeric_c.o(locale$$data)
    .data                                    0x20000000   Section       28  main.o(.data)
    .data                                    0x2000001c   Section       26  safe_check.o(.data)
    .data                                    0x20000036   Section        6  xb_adc.o(.data)
    .data                                    0x2000003c   Section        5  xb_delay.o(.data)
    .data                                    0x20000044   Section        6  xb_wifi.o(.data)
    .data                                    0x2000004a   Section       20  stm32f10x_rcc.o(.data)
    APBAHBPrescTable                         0x2000004a   Data          16  stm32f10x_rcc.o(.data)
    ADCPrescTable                            0x2000005a   Data           4  stm32f10x_rcc.o(.data)
    .bss                                     0x20000060   Section       28  main.o(.bss)
    .bss                                     0x2000007c   Section       60  safe_check.o(.bss)
    .bss                                     0x200000b8   Section      200  xb_adc.o(.bss)
    .bss                                     0x20000180   Section      512  xb_wifi.o(.bss)
    .bss                                     0x20000380   Section       96  libspace.o(.bss)
    HEAP                                     0x200003e0   Section      512  startup_stm32f10x_hd.o(HEAP)
    Heap_Mem                                 0x200003e0   Data         512  startup_stm32f10x_hd.o(HEAP)
    STACK                                    0x200005e0   Section     1024  startup_stm32f10x_hd.o(STACK)
    Stack_Mem                                0x200005e0   Data        1024  startup_stm32f10x_hd.o(STACK)
    __initial_sp                             0x200009e0   Data           0  startup_stm32f10x_hd.o(STACK)

    Global Symbols

    Symbol Name                              Value     Ov Type        Size  Object(Section)

    BuildAttributes$$THM_ISAv4$P$D$K$B$S$PE$A:L22UL41UL21$X:L11$S22US41US21$IEEE1$IW$USESV6$~STKCKD$USESV7$~SHL$OTIME$ROPI$IEEEJ$EBA8$UX$STANDARDLIB$REQ8$PRES8$EABIv2 0x00000000   Number         0  anon$$obj.o ABSOLUTE
    __ARM_use_no_argv                        0x00000000   Number         0  main.o ABSOLUTE
    _printf_flags                            0x00000000   Number         0  printf_stubs.o ABSOLUTE
    _printf_return_value                     0x00000000   Number         0  printf_stubs.o ABSOLUTE
    _printf_sizespec                         0x00000000   Number         0  printf_stubs.o ABSOLUTE
    _printf_widthprec                        0x00000000   Number         0  printf_stubs.o ABSOLUTE
    __ARM_exceptions_init                     - Undefined Weak Reference
    __alloca_initialize                       - Undefined Weak Reference
    __arm_preinit_                            - Undefined Weak Reference
    __cpp_initialize__aeabi_                  - Undefined Weak Reference
    __cxa_finalize                            - Undefined Weak Reference
    __sigvec_lookup                           - Undefined Weak Reference
    _atexit_init                              - Undefined Weak Reference
    _call_atexit_fns                          - Undefined Weak Reference
    _clock_init                               - Undefined Weak Reference
    _fp_trap_init                             - Undefined Weak Reference
    _fp_trap_shutdown                         - Undefined Weak Reference
    _get_lc_collate                           - Undefined Weak Reference
    _get_lc_monetary                          - Undefined Weak Reference
    _get_lc_time                              - Undefined Weak Reference
    _getenv_init                              - Undefined Weak Reference
    _handle_redirection                       - Undefined Weak Reference
    _init_alloc                               - Undefined Weak Reference
    _init_user_alloc                          - Undefined Weak Reference
    _initio                                   - Undefined Weak Reference
    _printf_fp_hex                            - Undefined Weak Reference
    _printf_mbtowc                            - Undefined Weak Reference
    _printf_wc                                - Undefined Weak Reference
    _rand_init                                - Undefined Weak Reference
    _signal_finish                            - Undefined Weak Reference
    _signal_init                              - Undefined Weak Reference
    _terminate_alloc                          - Undefined Weak Reference
    _terminate_user_alloc                     - Undefined Weak Reference
    _terminateio                              - Undefined Weak Reference
    __Vectors_Size                           0x00000130   Number         0  startup_stm32f10x_hd.o ABSOLUTE
    __Vectors                                0x08000000   Data           4  startup_stm32f10x_hd.o(RESET)
    __Vectors_End                            0x08000130   Data           0  startup_stm32f10x_hd.o(RESET)
    __main                                   0x08000131   Thumb Code     8  __main.o(!!!main)
    __scatterload                            0x08000139   Thumb Code     0  __scatter.o(!!!scatter)
    __scatterload_rt2                        0x08000139   Thumb Code    44  __scatter.o(!!!scatter)
    __scatterload_rt2_thumb_only             0x08000139   Thumb Code     0  __scatter.o(!!!scatter)
    __scatterload_null                       0x08000147   Thumb Code     0  __scatter.o(!!!scatter)
    __scatterload_copy                       0x0800016d   Thumb Code    26  __scatter_copy.o(!!handler_copy)
    __scatterload_zeroinit                   0x08000189   Thumb Code    28  __scatter_zi.o(!!handler_zi)
    _printf_n                                0x080001a5   Thumb Code     0  _printf_n.o(.ARM.Collect$$_printf_percent$$00000001)
    _printf_percent                          0x080001a5   Thumb Code     0  _printf_percent.o(.ARM.Collect$$_printf_percent$$00000000)
    _printf_p                                0x080001ab   Thumb Code     0  _printf_p.o(.ARM.Collect$$_printf_percent$$00000002)
    _printf_f                                0x080001b1   Thumb Code     0  _printf_f.o(.ARM.Collect$$_printf_percent$$00000003)
    _printf_e                                0x080001b7   Thumb Code     0  _printf_e.o(.ARM.Collect$$_printf_percent$$00000004)
    _printf_g                                0x080001bd   Thumb Code     0  _printf_g.o(.ARM.Collect$$_printf_percent$$00000005)
    _printf_a                                0x080001c3   Thumb Code     0  _printf_a.o(.ARM.Collect$$_printf_percent$$00000006)
    _printf_ll                               0x080001c9   Thumb Code     0  _printf_ll.o(.ARM.Collect$$_printf_percent$$00000007)
    _printf_i                                0x080001d3   Thumb Code     0  _printf_i.o(.ARM.Collect$$_printf_percent$$00000008)
    _printf_d                                0x080001d9   Thumb Code     0  _printf_d.o(.ARM.Collect$$_printf_percent$$00000009)
    _printf_u                                0x080001df   Thumb Code     0  _printf_u.o(.ARM.Collect$$_printf_percent$$0000000A)
    _printf_o                                0x080001e5   Thumb Code     0  _printf_o.o(.ARM.Collect$$_printf_percent$$0000000B)
    _printf_x                                0x080001eb   Thumb Code     0  _printf_x.o(.ARM.Collect$$_printf_percent$$0000000C)
    _printf_lli                              0x080001f1   Thumb Code     0  _printf_lli.o(.ARM.Collect$$_printf_percent$$0000000D)
    _printf_lld                              0x080001f7   Thumb Code     0  _printf_lld.o(.ARM.Collect$$_printf_percent$$0000000E)
    _printf_llu                              0x080001fd   Thumb Code     0  _printf_llu.o(.ARM.Collect$$_printf_percent$$0000000F)
    _printf_llo                              0x08000203   Thumb Code     0  _printf_llo.o(.ARM.Collect$$_printf_percent$$00000010)
    _printf_llx                              0x08000209   Thumb Code     0  _printf_llx.o(.ARM.Collect$$_printf_percent$$00000011)
    _printf_l                                0x0800020f   Thumb Code     0  _printf_l.o(.ARM.Collect$$_printf_percent$$00000012)
    _printf_c                                0x08000219   Thumb Code     0  _printf_c.o(.ARM.Collect$$_printf_percent$$00000013)
    _printf_s                                0x0800021f   Thumb Code     0  _printf_s.o(.ARM.Collect$$_printf_percent$$00000014)
    _printf_lc                               0x08000225   Thumb Code     0  _printf_lc.o(.ARM.Collect$$_printf_percent$$00000015)
    _printf_ls                               0x0800022b   Thumb Code     0  _printf_ls.o(.ARM.Collect$$_printf_percent$$00000016)
    _printf_percent_end                      0x08000231   Thumb Code     0  _printf_percent_end.o(.ARM.Collect$$_printf_percent$$00000017)
    __rt_lib_init                            0x08000235   Thumb Code     0  libinit.o(.ARM.Collect$$libinit$$00000000)
    __rt_lib_init_fp_1                       0x08000237   Thumb Code     0  libinit2.o(.ARM.Collect$$libinit$$00000002)
    __rt_lib_init_heap_1                     0x08000237   Thumb Code     0  libinit2.o(.ARM.Collect$$libinit$$0000000A)
    __rt_lib_init_lc_common                  0x08000237   Thumb Code     0  libinit2.o(.ARM.Collect$$libinit$$0000000F)
    __rt_lib_init_preinit_1                  0x08000237   Thumb Code     0  libinit2.o(.ARM.Collect$$libinit$$00000004)
    __rt_lib_init_rand_1                     0x08000237   Thumb Code     0  libinit2.o(.ARM.Collect$$libinit$$0000000E)
    __rt_lib_init_user_alloc_1               0x08000237   Thumb Code     0  libinit2.o(.ARM.Collect$$libinit$$0000000C)
    __rt_lib_init_lc_collate_1               0x0800023d   Thumb Code     0  libinit2.o(.ARM.Collect$$libinit$$00000011)
    __rt_lib_init_lc_ctype_2                 0x0800023d   Thumb Code     0  libinit2.o(.ARM.Collect$$libinit$$00000012)
    __rt_lib_init_lc_ctype_1                 0x08000249   Thumb Code     0  libinit2.o(.ARM.Collect$$libinit$$00000013)
    __rt_lib_init_lc_monetary_1              0x08000249   Thumb Code     0  libinit2.o(.ARM.Collect$$libinit$$00000015)
    __rt_lib_init_lc_numeric_2               0x08000249   Thumb Code     0  libinit2.o(.ARM.Collect$$libinit$$00000016)
    __rt_lib_init_alloca_1                   0x08000253   Thumb Code     0  libinit2.o(.ARM.Collect$$libinit$$0000002E)
    __rt_lib_init_argv_1                     0x08000253   Thumb Code     0  libinit2.o(.ARM.Collect$$libinit$$0000002C)
    __rt_lib_init_atexit_1                   0x08000253   Thumb Code     0  libinit2.o(.ARM.Collect$$libinit$$0000001B)
    __rt_lib_init_clock_1                    0x08000253   Thumb Code     0  libinit2.o(.ARM.Collect$$libinit$$00000021)
    __rt_lib_init_cpp_1                      0x08000253   Thumb Code     0  libinit2.o(.ARM.Collect$$libinit$$00000032)
    __rt_lib_init_exceptions_1               0x08000253   Thumb Code     0  libinit2.o(.ARM.Collect$$libinit$$00000030)
    __rt_lib_init_fp_trap_1                  0x08000253   Thumb Code     0  libinit2.o(.ARM.Collect$$libinit$$0000001F)
    __rt_lib_init_getenv_1                   0x08000253   Thumb Code     0  libinit2.o(.ARM.Collect$$libinit$$00000023)
    __rt_lib_init_lc_numeric_1               0x08000253   Thumb Code     0  libinit2.o(.ARM.Collect$$libinit$$00000017)
    __rt_lib_init_lc_time_1                  0x08000253   Thumb Code     0  libinit2.o(.ARM.Collect$$libinit$$00000019)
    __rt_lib_init_return                     0x08000253   Thumb Code     0  libinit2.o(.ARM.Collect$$libinit$$00000033)
    __rt_lib_init_signal_1                   0x08000253   Thumb Code     0  libinit2.o(.ARM.Collect$$libinit$$0000001D)
    __rt_lib_init_stdio_1                    0x08000253   Thumb Code     0  libinit2.o(.ARM.Collect$$libinit$$00000025)
    __rt_lib_shutdown                        0x08000255   Thumb Code     0  libshutdown.o(.ARM.Collect$$libshutdown$$00000000)
    __rt_lib_shutdown_cpp_1                  0x08000257   Thumb Code     0  libshutdown2.o(.ARM.Collect$$libshutdown$$00000002)
    __rt_lib_shutdown_fp_trap_1              0x08000257   Thumb Code     0  libshutdown2.o(.ARM.Collect$$libshutdown$$00000007)
    __rt_lib_shutdown_heap_1                 0x08000257   Thumb Code     0  libshutdown2.o(.ARM.Collect$$libshutdown$$0000000F)
    __rt_lib_shutdown_return                 0x08000257   Thumb Code     0  libshutdown2.o(.ARM.Collect$$libshutdown$$00000010)
    __rt_lib_shutdown_signal_1               0x08000257   Thumb Code     0  libshutdown2.o(.ARM.Collect$$libshutdown$$0000000A)
    __rt_lib_shutdown_stdio_1                0x08000257   Thumb Code     0  libshutdown2.o(.ARM.Collect$$libshutdown$$00000004)
    __rt_lib_shutdown_user_alloc_1           0x08000257   Thumb Code     0  libshutdown2.o(.ARM.Collect$$libshutdown$$0000000C)
    __rt_entry                               0x08000259   Thumb Code     0  __rtentry.o(.ARM.Collect$$rtentry$$00000000)
    __rt_entry_presh_1                       0x08000259   Thumb Code     0  __rtentry2.o(.ARM.Collect$$rtentry$$00000002)
    __rt_entry_sh                            0x08000259   Thumb Code     0  __rtentry4.o(.ARM.Collect$$rtentry$$00000004)
    __rt_entry_li                            0x0800025f   Thumb Code     0  __rtentry2.o(.ARM.Collect$$rtentry$$0000000A)
    __rt_entry_postsh_1                      0x0800025f   Thumb Code     0  __rtentry2.o(.ARM.Collect$$rtentry$$00000009)
    __rt_entry_main                          0x08000263   Thumb Code     0  __rtentry2.o(.ARM.Collect$$rtentry$$0000000D)
    __rt_entry_postli_1                      0x08000263   Thumb Code     0  __rtentry2.o(.ARM.Collect$$rtentry$$0000000C)
    __rt_exit                                0x0800026b   Thumb Code     0  rtexit.o(.ARM.Collect$$rtexit$$00000000)
    __rt_exit_ls                             0x0800026d   Thumb Code     0  rtexit2.o(.ARM.Collect$$rtexit$$00000003)
    __rt_exit_prels_1                        0x0800026d   Thumb Code     0  rtexit2.o(.ARM.Collect$$rtexit$$00000002)
    __rt_exit_exit                           0x08000271   Thumb Code     0  rtexit2.o(.ARM.Collect$$rtexit$$00000004)
    Reset_Handler                            0x08000279   Thumb Code     8  startup_stm32f10x_hd.o(.text)
    NMI_Handler                              0x08000281   Thumb Code     2  startup_stm32f10x_hd.o(.text)
    HardFault_Handler                        0x08000283   Thumb Code     2  startup_stm32f10x_hd.o(.text)
    MemManage_Handler                        0x08000285   Thumb Code     2  startup_stm32f10x_hd.o(.text)
    BusFault_Handler                         0x08000287   Thumb Code     2  startup_stm32f10x_hd.o(.text)
    UsageFault_Handler                       0x08000289   Thumb Code     2  startup_stm32f10x_hd.o(.text)
    SVC_Handler                              0x0800028b   Thumb Code     2  startup_stm32f10x_hd.o(.text)
    DebugMon_Handler                         0x0800028d   Thumb Code     2  startup_stm32f10x_hd.o(.text)
    PendSV_Handler                           0x0800028f   Thumb Code     2  startup_stm32f10x_hd.o(.text)
    ADC1_2_IRQHandler                        0x08000293   Thumb Code     0  startup_stm32f10x_hd.o(.text)
    ADC3_IRQHandler                          0x08000293   Thumb Code     0  startup_stm32f10x_hd.o(.text)
    CAN1_RX1_IRQHandler                      0x08000293   Thumb Code     0  startup_stm32f10x_hd.o(.text)
    CAN1_SCE_IRQHandler                      0x08000293   Thumb Code     0  startup_stm32f10x_hd.o(.text)
    DMA1_Channel1_IRQHandler                 0x08000293   Thumb Code     0  startup_stm32f10x_hd.o(.text)
    DMA1_Channel2_IRQHandler                 0x08000293   Thumb Code     0  startup_stm32f10x_hd.o(.text)
    DMA1_Channel3_IRQHandler                 0x08000293   Thumb Code     0  startup_stm32f10x_hd.o(.text)
    DMA1_Channel4_IRQHandler                 0x08000293   Thumb Code     0  startup_stm32f10x_hd.o(.text)
    DMA1_Channel5_IRQHandler                 0x08000293   Thumb Code     0  startup_stm32f10x_hd.o(.text)
    DMA1_Channel6_IRQHandler                 0x08000293   Thumb Code     0  startup_stm32f10x_hd.o(.text)
    DMA1_Channel7_IRQHandler                 0x08000293   Thumb Code     0  startup_stm32f10x_hd.o(.text)
    DMA2_Channel1_IRQHandler                 0x08000293   Thumb Code     0  startup_stm32f10x_hd.o(.text)
    DMA2_Channel2_IRQHandler                 0x08000293   Thumb Code     0  startup_stm32f10x_hd.o(.text)
    DMA2_Channel3_IRQHandler                 0x08000293   Thumb Code     0  startup_stm32f10x_hd.o(.text)
    DMA2_Channel4_5_IRQHandler               0x08000293   Thumb Code     0  startup_stm32f10x_hd.o(.text)
    EXTI0_IRQHandler                         0x08000293   Thumb Code     0  startup_stm32f10x_hd.o(.text)
    EXTI15_10_IRQHandler                     0x08000293   Thumb Code     0  startup_stm32f10x_hd.o(.text)
    EXTI1_IRQHandler                         0x08000293   Thumb Code     0  startup_stm32f10x_hd.o(.text)
    EXTI2_IRQHandler                         0x08000293   Thumb Code     0  startup_stm32f10x_hd.o(.text)
    EXTI3_IRQHandler                         0x08000293   Thumb Code     0  startup_stm32f10x_hd.o(.text)
    EXTI4_IRQHandler                         0x08000293   Thumb Code     0  startup_stm32f10x_hd.o(.text)
    EXTI9_5_IRQHandler                       0x08000293   Thumb Code     0  startup_stm32f10x_hd.o(.text)
    FLASH_IRQHandler                         0x08000293   Thumb Code     0  startup_stm32f10x_hd.o(.text)
    FSMC_IRQHandler                          0x08000293   Thumb Code     0  startup_stm32f10x_hd.o(.text)
    I2C1_ER_IRQHandler                       0x08000293   Thumb Code     0  startup_stm32f10x_hd.o(.text)
    I2C1_EV_IRQHandler                       0x08000293   Thumb Code     0  startup_stm32f10x_hd.o(.text)
    I2C2_ER_IRQHandler                       0x08000293   Thumb Code     0  startup_stm32f10x_hd.o(.text)
    I2C2_EV_IRQHandler                       0x08000293   Thumb Code     0  startup_stm32f10x_hd.o(.text)
    PVD_IRQHandler                           0x08000293   Thumb Code     0  startup_stm32f10x_hd.o(.text)
    RCC_IRQHandler                           0x08000293   Thumb Code     0  startup_stm32f10x_hd.o(.text)
    RTCAlarm_IRQHandler                      0x08000293   Thumb Code     0  startup_stm32f10x_hd.o(.text)
    RTC_IRQHandler                           0x08000293   Thumb Code     0  startup_stm32f10x_hd.o(.text)
    SDIO_IRQHandler                          0x08000293   Thumb Code     0  startup_stm32f10x_hd.o(.text)
    SPI1_IRQHandler                          0x08000293   Thumb Code     0  startup_stm32f10x_hd.o(.text)
    SPI2_IRQHandler                          0x08000293   Thumb Code     0  startup_stm32f10x_hd.o(.text)
    SPI3_IRQHandler                          0x08000293   Thumb Code     0  startup_stm32f10x_hd.o(.text)
    TAMPER_IRQHandler                        0x08000293   Thumb Code     0  startup_stm32f10x_hd.o(.text)
    TIM1_BRK_IRQHandler                      0x08000293   Thumb Code     0  startup_stm32f10x_hd.o(.text)
    TIM1_CC_IRQHandler                       0x08000293   Thumb Code     0  startup_stm32f10x_hd.o(.text)
    TIM1_TRG_COM_IRQHandler                  0x08000293   Thumb Code     0  startup_stm32f10x_hd.o(.text)
    TIM1_UP_IRQHandler                       0x08000293   Thumb Code     0  startup_stm32f10x_hd.o(.text)
    TIM2_IRQHandler                          0x08000293   Thumb Code     0  startup_stm32f10x_hd.o(.text)
    TIM3_IRQHandler                          0x08000293   Thumb Code     0  startup_stm32f10x_hd.o(.text)
    TIM4_IRQHandler                          0x08000293   Thumb Code     0  startup_stm32f10x_hd.o(.text)
    TIM5_IRQHandler                          0x08000293   Thumb Code     0  startup_stm32f10x_hd.o(.text)
    TIM8_BRK_IRQHandler                      0x08000293   Thumb Code     0  startup_stm32f10x_hd.o(.text)
    TIM8_CC_IRQHandler                       0x08000293   Thumb Code     0  startup_stm32f10x_hd.o(.text)
    TIM8_TRG_COM_IRQHandler                  0x08000293   Thumb Code     0  startup_stm32f10x_hd.o(.text)
    TIM8_UP_IRQHandler                       0x08000293   Thumb Code     0  startup_stm32f10x_hd.o(.text)
    UART4_IRQHandler                         0x08000293   Thumb Code     0  startup_stm32f10x_hd.o(.text)
    UART5_IRQHandler                         0x08000293   Thumb Code     0  startup_stm32f10x_hd.o(.text)
    USART1_IRQHandler                        0x08000293   Thumb Code     0  startup_stm32f10x_hd.o(.text)
    USART3_IRQHandler                        0x08000293   Thumb Code     0  startup_stm32f10x_hd.o(.text)
    USBWakeUp_IRQHandler                     0x08000293   Thumb Code     0  startup_stm32f10x_hd.o(.text)
    USB_HP_CAN1_TX_IRQHandler                0x08000293   Thumb Code     0  startup_stm32f10x_hd.o(.text)
    USB_LP_CAN1_RX0_IRQHandler               0x08000293   Thumb Code     0  startup_stm32f10x_hd.o(.text)
    WWDG_IRQHandler                          0x08000293   Thumb Code     0  startup_stm32f10x_hd.o(.text)
    __user_initial_stackheap                 0x08000295   Thumb Code     0  startup_stm32f10x_hd.o(.text)
    __c89vsprintf                            0x080002b9   Thumb Code    32  c89vsprintf.o(.text)
    atoi                                     0x080002dd   Thumb Code    26  atoi.o(.text)
    strcpy                                   0x080002f7   Thumb Code    72  strcpy.o(.text)
    strlen                                   0x0800033f   Thumb Code    62  strlen.o(.text)
    strncmp                                  0x0800037d   Thumb Code   150  strncmp.o(.text)
    strcmp                                   0x08000415   Thumb Code   128  strcmpv7m.o(.text)
    __use_two_region_memory                  0x08000495   Thumb Code     2  heapauxi.o(.text)
    __rt_heap_escrow$2region                 0x08000497   Thumb Code     2  heapauxi.o(.text)
    __rt_heap_expand$2region                 0x08000499   Thumb Code     2  heapauxi.o(.text)
    __aeabi_errno_addr                       0x0800049d   Thumb Code     8  rt_errno_addr_intlibspace.o(.text)
    __errno$intlibspace                      0x0800049d   Thumb Code     0  rt_errno_addr_intlibspace.o(.text)
    __rt_errno_addr$intlibspace              0x0800049d   Thumb Code     0  rt_errno_addr_intlibspace.o(.text)
    __read_errno                             0x080004a5   Thumb Code    10  _rserrno.o(.text)
    __set_errno                              0x080004af   Thumb Code    12  _rserrno.o(.text)
    _printf_pre_padding                      0x080004bb   Thumb Code    44  _printf_pad.o(.text)
    _printf_post_padding                     0x080004e7   Thumb Code    34  _printf_pad.o(.text)
    _printf_truncate_signed                  0x08000509   Thumb Code    18  _printf_truncate.o(.text)
    _printf_truncate_unsigned                0x0800051b   Thumb Code    18  _printf_truncate.o(.text)
    _printf_str                              0x0800052d   Thumb Code    82  _printf_str.o(.text)
    _printf_int_dec                          0x08000581   Thumb Code   104  _printf_dec.o(.text)
    _printf_charcount                        0x080005f9   Thumb Code    40  _printf_charcount.o(.text)
    _printf_char_common                      0x0800062b   Thumb Code    32  _printf_char_common.o(.text)
    _sputc                                   0x08000651   Thumb Code    10  _sputc.o(.text)
    _printf_wctomb                           0x0800065d   Thumb Code   182  _printf_wctomb.o(.text)
    _printf_longlong_dec                     0x08000719   Thumb Code   108  _printf_longlong_dec.o(.text)
    _printf_longlong_oct                     0x08000795   Thumb Code    66  _printf_oct_int_ll.o(.text)
    _printf_int_oct                          0x080007d7   Thumb Code    24  _printf_oct_int_ll.o(.text)
    _printf_ll_oct                           0x080007ef   Thumb Code    12  _printf_oct_int_ll.o(.text)
    _printf_longlong_hex                     0x08000805   Thumb Code    86  _printf_hex_int_ll_ptr.o(.text)
    _printf_int_hex                          0x0800085b   Thumb Code    28  _printf_hex_int_ll_ptr.o(.text)
    _printf_ll_hex                           0x08000877   Thumb Code    12  _printf_hex_int_ll_ptr.o(.text)
    _printf_hex_ptr                          0x08000883   Thumb Code    18  _printf_hex_int_ll_ptr.o(.text)
    __printf                                 0x08000899   Thumb Code   388  __printf_flags_ss_wp.o(.text)
    strtol                                   0x08000a21   Thumb Code   112  strtol.o(.text)
    __user_libspace                          0x08000a91   Thumb Code     8  libspace.o(.text)
    __user_perproc_libspace                  0x08000a91   Thumb Code     0  libspace.o(.text)
    __user_perthread_libspace                0x08000a91   Thumb Code     0  libspace.o(.text)
    __rt_ctype_table                         0x08000a99   Thumb Code    16  rt_ctype_table.o(.text)
    _ll_udiv10                               0x08000aa9   Thumb Code   138  lludiv10.o(.text)
    _printf_int_common                       0x08000b33   Thumb Code   178  _printf_intcommon.o(.text)
    __lib_sel_fp_printf                      0x08000be5   Thumb Code     2  _printf_fp_dec.o(.text)
    _printf_fp_dec_real                      0x08000d93   Thumb Code   620  _printf_fp_dec.o(.text)
    _printf_cs_common                        0x08000fff   Thumb Code    20  _printf_char.o(.text)
    _printf_char                             0x08001013   Thumb Code    16  _printf_char.o(.text)
    _printf_string                           0x08001023   Thumb Code     8  _printf_char.o(.text)
    _printf_lcs_common                       0x0800102b   Thumb Code    20  _printf_wchar.o(.text)
    _printf_wchar                            0x0800103f   Thumb Code    16  _printf_wchar.o(.text)
    _printf_wstring                          0x0800104f   Thumb Code     8  _printf_wchar.o(.text)
    _strtoul                                 0x08001057   Thumb Code   158  _strtoul.o(.text)
    _wcrtomb                                 0x080010f5   Thumb Code    64  _wcrtomb.o(.text)
    __user_setup_stackheap                   0x08001135   Thumb Code    74  sys_stackheap_outer.o(.text)
    __rt_locale                              0x08001181   Thumb Code     8  rt_locale_intlibspace.o(.text)
    _printf_fp_infnan                        0x08001189   Thumb Code   112  _printf_fp_infnan.o(.text)
    _chval                                   0x08001209   Thumb Code    28  _chval.o(.text)
    _btod_etento                             0x08001225   Thumb Code   216  bigflt0.o(.text)
    exit                                     0x08001301   Thumb Code    18  exit.o(.text)
    _sys_exit                                0x08001315   Thumb Code     8  sys_exit.o(.text)
    __I$use$semihosting                      0x08001321   Thumb Code     0  use_no_semi.o(.text)
    __use_no_semihosting_swi                 0x08001321   Thumb Code     2  use_no_semi.o(.text)
    __semihosting_library_function           0x08001323   Thumb Code     0  indicate_semi.o(.text)
    _btod_d2e                                0x08001323   Thumb Code    62  btod.o(CL$$btod_d2e)
    _d2e_denorm_low                          0x08001361   Thumb Code    70  btod.o(CL$$btod_d2e_denorm_low)
    _d2e_norm_op1                            0x080013a7   Thumb Code    96  btod.o(CL$$btod_d2e_norm_op1)
    __btod_div_common                        0x08001407   Thumb Code   696  btod.o(CL$$btod_div_common)
    _e2e                                     0x0800173f   Thumb Code   198  btod.o(CL$$btod_e2e)
    _btod_ediv                               0x08001805   Thumb Code    40  btod.o(CL$$btod_ediv)
    _btod_emul                               0x0800182d   Thumb Code    40  btod.o(CL$$btod_emul)
    __btod_mult_common                       0x08001855   Thumb Code   580  btod.o(CL$$btod_mult_common)
    ADC_Cmd                                  0x08001a99   Thumb Code    22  stm32f10x_adc.o(i.ADC_Cmd)
    ADC_DMACmd                               0x08001aaf   Thumb Code    22  stm32f10x_adc.o(i.ADC_DMACmd)
    ADC_GPIO_Config                          0x08001ac5   Thumb Code    32  xb_adc.o(i.ADC_GPIO_Config)
    ADC_GetCalibrationStatus                 0x08001ae9   Thumb Code    20  stm32f10x_adc.o(i.ADC_GetCalibrationStatus)
    ADC_GetResetCalibrationStatus            0x08001afd   Thumb Code    20  stm32f10x_adc.o(i.ADC_GetResetCalibrationStatus)
    ADC_Init                                 0x08001b11   Thumb Code    70  stm32f10x_adc.o(i.ADC_Init)
    ADC_Mode_Config                          0x08001b61   Thumb Code   232  xb_adc.o(i.ADC_Mode_Config)
    ADC_RegularChannelConfig                 0x08001c55   Thumb Code   184  stm32f10x_adc.o(i.ADC_RegularChannelConfig)
    ADC_ResetCalibration                     0x08001d0d   Thumb Code    10  stm32f10x_adc.o(i.ADC_ResetCalibration)
    ADC_SoftwareStartConvCmd                 0x08001d17   Thumb Code    22  stm32f10x_adc.o(i.ADC_SoftwareStartConvCmd)
    ADC_StartCalibration                     0x08001d2d   Thumb Code    10  stm32f10x_adc.o(i.ADC_StartCalibration)
    Acc_Adjust                               0x08001d39   Thumb Code   288  safe_check.o(i.Acc_Adjust)
    Acc_Check                                0x08001e69   Thumb Code   316  safe_check.o(i.Acc_Check)
    Ack                                      0x08001fcd   Thumb Code    50  xb_mma845x.o(i.Ack)
    Alcohol_Concentration_Check              0x08002005   Thumb Code    18  safe_check.o(i.Alcohol_Concentration_Check)
    ArtFire_Init                             0x0800201d   Thumb Code   538  main.o(i.ArtFire_Init)
    Critical_Problem_Handler                 0x08002265   Thumb Code   156  main.o(i.Critical_Problem_Handler)
    DMA_Cmd                                  0x0800231d   Thumb Code    24  stm32f10x_dma.o(i.DMA_Cmd)
    DMA_DeInit                               0x08002335   Thumb Code   324  stm32f10x_dma.o(i.DMA_DeInit)
    DMA_GetCurrDataCounter                   0x08002481   Thumb Code     8  stm32f10x_dma.o(i.DMA_GetCurrDataCounter)
    DMA_Init                                 0x08002489   Thumb Code    60  stm32f10x_dma.o(i.DMA_Init)
    DMA_SetCurrDataCounter                   0x080024c5   Thumb Code     4  stm32f10x_dma.o(i.DMA_SetCurrDataCounter)
    Debug_USART_Init                         0x080024c9   Thumb Code   136  main.o(i.Debug_USART_Init)
    Debug_USART_Send_Char                    0x08002559   Thumb Code    28  main.o(i.Debug_USART_Send_Char)
    Delay_10us                               0x08002579   Thumb Code    16  xb_mma845x.o(i.Delay_10us)
    Delay_ms                                 0x08002589   Thumb Code    16  xb_delay.o(i.Delay_ms)
    EEPROM_24C0x_Delay                       0x0800259d   Thumb Code    16  xb_eeprom_24c0x.o(i.EEPROM_24C0x_Delay)
    EEPROM_24C0x_End                         0x080025ad   Thumb Code    48  xb_eeprom_24c0x.o(i.EEPROM_24C0x_End)
    EEPROM_24C0x_Low_Init                    0x080025e1   Thumb Code    66  xb_eeprom_24c0x.o(i.EEPROM_24C0x_Low_Init)
    EEPROM_24C0x_No_ACK                      0x08002629   Thumb Code    58  xb_eeprom_24c0x.o(i.EEPROM_24C0x_No_ACK)
    EEPROM_24C0x_Read                        0x08002669   Thumb Code    78  xb_eeprom_24c0x.o(i.EEPROM_24C0x_Read)
    EEPROM_24C0x_Read_Byte                   0x080026b9   Thumb Code    84  xb_eeprom_24c0x.o(i.EEPROM_24C0x_Read_Byte)
    EEPROM_24C0x_SDA_Mode                    0x08002711   Thumb Code    76  xb_eeprom_24c0x.o(i.EEPROM_24C0x_SDA_Mode)
    EEPROM_24C0x_Start                       0x08002761   Thumb Code    58  xb_eeprom_24c0x.o(i.EEPROM_24C0x_Start)
    EEPROM_24C0x_Wait_ACK                    0x080027a1   Thumb Code    70  xb_eeprom_24c0x.o(i.EEPROM_24C0x_Wait_ACK)
    EEPROM_24C0x_Write                       0x080027ed   Thumb Code    66  xb_eeprom_24c0x.o(i.EEPROM_24C0x_Write)
    EEPROM_24C0x_Write_Byte                  0x08002831   Thumb Code   104  xb_eeprom_24c0x.o(i.EEPROM_24C0x_Write_Byte)
    Fire_Detect                              0x0800289d   Thumb Code    40  safe_check.o(i.Fire_Detect)
    GPIO_Init                                0x080028c9   Thumb Code   278  stm32f10x_gpio.o(i.GPIO_Init)
    GPIO_PinRemapConfig                      0x080029e1   Thumb Code   138  stm32f10x_gpio.o(i.GPIO_PinRemapConfig)
    GPIO_ReadInputDataBit                    0x08002a71   Thumb Code    18  stm32f10x_gpio.o(i.GPIO_ReadInputDataBit)
    GPIO_ResetBits                           0x08002a83   Thumb Code     4  stm32f10x_gpio.o(i.GPIO_ResetBits)
    GPIO_SetBits                             0x08002a87   Thumb Code     4  stm32f10x_gpio.o(i.GPIO_SetBits)
    Get_Remote_Action                        0x08002a8d   Thumb Code   228  main.o(i.Get_Remote_Action)
    MMA845x_End                              0x08002b89   Thumb Code    46  xb_mma845x.o(i.MMA845x_End)
    MMA845x_Init                             0x08002bbd   Thumb Code    84  xb_mma845x.o(i.MMA845x_Init)
    MMA845x_Read_ACC_Buf                     0x08002c15   Thumb Code   130  xb_mma845x.o(i.MMA845x_Read_ACC_Buf)
    MMA845x_Read_Byte                        0x08002c99   Thumb Code    86  xb_mma845x.o(i.MMA845x_Read_Byte)
    MMA845x_SDA_Type                         0x08002cf5   Thumb Code    70  xb_mma845x.o(i.MMA845x_SDA_Type)
    MMA845x_Start                            0x08002d41   Thumb Code    46  xb_mma845x.o(i.MMA845x_Start)
    MMA845x_Write_Byte                       0x08002d75   Thumb Code   100  xb_mma845x.o(i.MMA845x_Write_Byte)
    MMA845x_Write_Reg                        0x08002ddd   Thumb Code    66  xb_mma845x.o(i.MMA845x_Write_Reg)
    NVIC_Init                                0x08002e21   Thumb Code   100  misc.o(i.NVIC_Init)
    No_Ack                                   0x08002e91   Thumb Code    50  xb_mma845x.o(i.No_Ack)
    PWR_BackupAccessCmd                      0x08002ec9   Thumb Code     6  stm32f10x_pwr.o(i.PWR_BackupAccessCmd)
    Pump_Alcohol                             0x08002ed5   Thumb Code   228  main.o(i.Pump_Alcohol)
    RCC_AHBPeriphClockCmd                    0x08002fcd   Thumb Code    26  stm32f10x_rcc.o(i.RCC_AHBPeriphClockCmd)
    RCC_APB1PeriphClockCmd                   0x08002fed   Thumb Code    26  stm32f10x_rcc.o(i.RCC_APB1PeriphClockCmd)
    RCC_APB2PeriphClockCmd                   0x0800300d   Thumb Code    26  stm32f10x_rcc.o(i.RCC_APB2PeriphClockCmd)
    RCC_GetClocksFreq                        0x0800302d   Thumb Code   192  stm32f10x_rcc.o(i.RCC_GetClocksFreq)
    RCC_LSEConfig                            0x08003101   Thumb Code    46  stm32f10x_rcc.o(i.RCC_LSEConfig)
    Read_Save_Para                           0x08003135   Thumb Code    82  main.o(i.Read_Save_Para)
    Rx_Data_Hanndle                          0x08003195   Thumb Code   144  xb_wifi.o(i.Rx_Data_Hanndle)
    Safe_Check                               0x0800324d   Thumb Code   488  safe_check.o(i.Safe_Check)
    Safe_Check_Init                          0x08003451   Thumb Code   216  safe_check.o(i.Safe_Check_Init)
    Set_Play                                 0x0800361d   Thumb Code   100  main.o(i.Set_Play)
    Start_Fire                               0x08003685   Thumb Code   614  main.o(i.Start_Fire)
    SysTick_Configuration                    0x08003911   Thumb Code    24  xb_delay.o(i.SysTick_Configuration)
    SysTick_Handler                          0x0800392d   Thumb Code    78  xb_delay.o(i.SysTick_Handler)
    SystemInit                               0x0800398d   Thumb Code    78  system_stm32f10x.o(i.SystemInit)
    TIM6_IRQHandler                          0x080039ed   Thumb Code    64  safe_check.o(i.TIM6_IRQHandler)
    TIM7_IRQHandler                          0x08003a39   Thumb Code    26  safe_check.o(i.TIM7_IRQHandler)
    TIM_ClearITPendingBit                    0x08003a59   Thumb Code     6  stm32f10x_tim.o(i.TIM_ClearITPendingBit)
    TIM_Cmd                                  0x08003a5f   Thumb Code    24  stm32f10x_tim.o(i.TIM_Cmd)
    TIM_GetITStatus                          0x08003a77   Thumb Code    34  stm32f10x_tim.o(i.TIM_GetITStatus)
    TIM_ITConfig                             0x08003a99   Thumb Code    18  stm32f10x_tim.o(i.TIM_ITConfig)
    TIM_TimeBaseInit                         0x08003aad   Thumb Code   122  stm32f10x_tim.o(i.TIM_TimeBaseInit)
    Temperture_Check                         0x08003b51   Thumb Code    78  safe_check.o(i.Temperture_Check)
    USART2_IRQHandler                        0x08003ba5   Thumb Code    84  xb_wifi.o(i.USART2_IRQHandler)
    USART_Cmd                                0x08003c09   Thumb Code    24  stm32f10x_usart.o(i.USART_Cmd)
    USART_DMACmd                             0x08003c21   Thumb Code    18  stm32f10x_usart.o(i.USART_DMACmd)
    USART_GetFlagStatus                      0x08003c33   Thumb Code    26  stm32f10x_usart.o(i.USART_GetFlagStatus)
    USART_GetITStatus                        0x08003c4d   Thumb Code    84  stm32f10x_usart.o(i.USART_GetITStatus)
    USART_ITConfig                           0x08003ca1   Thumb Code    74  stm32f10x_usart.o(i.USART_ITConfig)
    USART_Init                               0x08003ced   Thumb Code   210  stm32f10x_usart.o(i.USART_Init)
    USART_SendData                           0x08003dc5   Thumb Code     8  stm32f10x_usart.o(i.USART_SendData)
    WWDG_Enable                              0x08003dcd   Thumb Code    10  stm32f10x_wwdg.o(i.WWDG_Enable)
    WWDG_SetCounter                          0x08003ddd   Thumb Code    10  stm32f10x_wwdg.o(i.WWDG_SetCounter)
    WWDG_SetPrescaler                        0x08003ded   Thumb Code    18  stm32f10x_wwdg.o(i.WWDG_SetPrescaler)
    WWDG_SetWindowValue                      0x08003e05   Thumb Code    34  stm32f10x_wwdg.o(i.WWDG_SetWindowValue)
    Wait_Ack                                 0x08003e2d   Thumb Code    66  xb_mma845x.o(i.Wait_Ack)
    Wait_For_Signal                          0x08003e75   Thumb Code    72  xb_wifi.o(i.Wait_For_Signal)
    XB_18B20_Delay_10us                      0x08003ec5   Thumb Code    28  xb_18b20.o(i.XB_18B20_Delay_10us)
    XB_18B20_Get_Temperture                  0x08003ee1   Thumb Code    54  xb_18b20.o(i.XB_18B20_Get_Temperture)
    XB_18B20_IO_Mode                         0x08003f19   Thumb Code    76  xb_18b20.o(i.XB_18B20_IO_Mode)
    XB_18B20_Init                            0x08003f69   Thumb Code    54  xb_18b20.o(i.XB_18B20_Init)
    XB_18B20_Low_Init                        0x08003f9f   Thumb Code    10  xb_18b20.o(i.XB_18B20_Low_Init)
    XB_18B20_Math_Temperture                 0x08003fa9   Thumb Code    82  xb_18b20.o(i.XB_18B20_Math_Temperture)
    XB_18B20_Read_Byte                       0x08004005   Thumb Code    72  xb_18b20.o(i.XB_18B20_Read_Byte)
    XB_18B20_Reset                           0x08004051   Thumb Code   122  xb_18b20.o(i.XB_18B20_Reset)
    XB_18B20_Start_Convert                   0x080040d1   Thumb Code    20  xb_18b20.o(i.XB_18B20_Start_Convert)
    XB_18B20_Write_Byte                      0x080040e5   Thumb Code    98  xb_18b20.o(i.XB_18B20_Write_Byte)
    XB_ADC_Filter                            0x0800414d   Thumb Code    60  xb_adc.o(i.XB_ADC_Filter)
    XB_ADC_Init                              0x08004191   Thumb Code    12  xb_adc.o(i.XB_ADC_Init)
    XB_Alcohol_AP_Send_Data                  0x0800419d   Thumb Code    68  xb_wifi.o(i.XB_Alcohol_AP_Send_Data)
    XB_USART_Init                            0x080041f5   Thumb Code   258  xb_wifi.o(i.XB_USART_Init)
    XB_WIFI_Init                             0x08004309   Thumb Code   220  xb_wifi.o(i.XB_WIFI_Init)
    XB_WIFI_Send_Str                         0x0800445d   Thumb Code    76  xb_wifi.o(i.XB_WIFI_Send_Str)
    XB_WIFI_USART_Send_Char                  0x080044a9   Thumb Code    28  xb_wifi.o(i.XB_WIFI_USART_Send_Char)
    YF017_Init                               0x080044c9   Thumb Code   106  main.o(i.YF017_Init)
    __ARM_fpclassify                         0x08004539   Thumb Code    40  fpclassify.o(i.__ARM_fpclassify)
    _is_digit                                0x08004561   Thumb Code    14  __printf_wp.o(i._is_digit)
    main                                     0x08004571   Thumb Code   278  main.o(i.main)
    sqrtf                                    0x080046a1   Thumb Code    44  sqrtf.o(i.sqrtf)
    _get_lc_ctype                            0x080046cd   Thumb Code    44  lc_ctype_c.o(locale$$code)
    _get_lc_numeric                          0x080046f9   Thumb Code    44  lc_numeric_c.o(locale$$code)
    __fpl_dcmp_Inf                           0x08004725   Thumb Code    24  dcmpi.o(x$fpl$dcmpinf)
    __aeabi_cdcmple                          0x0800473d   Thumb Code     0  dleqf.o(x$fpl$dleqf)
    _dcmple                                  0x0800473d   Thumb Code   120  dleqf.o(x$fpl$dleqf)
    __fpl_dcmple_InfNaN                      0x0800479f   Thumb Code     0  dleqf.o(x$fpl$dleqf)
    __fpl_dnaninf                            0x080047b5   Thumb Code   156  dnaninf.o(x$fpl$dnaninf)
    __fpl_dretinf                            0x08004851   Thumb Code    12  dretinf.o(x$fpl$dretinf)
    __aeabi_cdrcmple                         0x0800485d   Thumb Code     0  drleqf.o(x$fpl$drleqf)
    _drcmple                                 0x0800485d   Thumb Code   108  drleqf.o(x$fpl$drleqf)
    __aeabi_f2d                              0x080048c9   Thumb Code     0  f2d.o(x$fpl$f2d)
    _f2d                                     0x080048c9   Thumb Code    86  f2d.o(x$fpl$f2d)
    __aeabi_fadd                             0x08004921   Thumb Code     0  faddsub_clz.o(x$fpl$fadd)
    _fadd                                    0x08004921   Thumb Code   196  faddsub_clz.o(x$fpl$fadd)
    __fpl_fcmp_Inf                           0x080049e5   Thumb Code    24  fcmpi.o(x$fpl$fcmpinf)
    __aeabi_fdiv                             0x080049fd   Thumb Code     0  fdiv.o(x$fpl$fdiv)
    _fdiv                                    0x080049fd   Thumb Code   384  fdiv.o(x$fpl$fdiv)
    __aeabi_i2f                              0x08004b81   Thumb Code     0  fflt_clz.o(x$fpl$fflt)
    _fflt                                    0x08004b81   Thumb Code    48  fflt_clz.o(x$fpl$fflt)
    __aeabi_cfcmple                          0x08004bb1   Thumb Code     0  fleqf.o(x$fpl$fleqf)
    _fcmple                                  0x08004bb1   Thumb Code   104  fleqf.o(x$fpl$fleqf)
    __fpl_fcmple_InfNaN                      0x08004c03   Thumb Code     0  fleqf.o(x$fpl$fleqf)
    __aeabi_fmul                             0x08004c19   Thumb Code     0  fmul.o(x$fpl$fmul)
    _fmul                                    0x08004c19   Thumb Code   258  fmul.o(x$fpl$fmul)
    __fpl_fnaninf                            0x08004d1b   Thumb Code   140  fnaninf.o(x$fpl$fnaninf)
    __fpl_fretinf                            0x08004da7   Thumb Code    10  fretinf.o(x$fpl$fretinf)
    __aeabi_cfrcmple                         0x08004db1   Thumb Code     0  frleqf.o(x$fpl$frleqf)
    _frcmple                                 0x08004db1   Thumb Code    98  frleqf.o(x$fpl$frleqf)
    __aeabi_frsub                            0x08004e13   Thumb Code     0  faddsub_clz.o(x$fpl$frsb)
    _frsb                                    0x08004e13   Thumb Code    20  faddsub_clz.o(x$fpl$frsb)
    _fsqrt                                   0x08004e29   Thumb Code   272  fsqrt.o(x$fpl$fsqrt)
    __aeabi_fsub                             0x08004f39   Thumb Code     0  faddsub_clz.o(x$fpl$fsub)
    _fsub                                    0x08004f39   Thumb Code   234  faddsub_clz.o(x$fpl$fsub)
    _printf_fp_dec                           0x08005023   Thumb Code     4  printf1.o(x$fpl$printf1)
    __I$use$fp                               0x08005026   Number         0  usenofp.o(x$fpl$usenofp)
    Region$$Table$$Base                      0x08005100   Number         0  anon$$obj.o(Region$$Table)
    Region$$Table$$Limit                     0x08005120   Number         0  anon$$obj.o(Region$$Table)
    __ctype                                  0x0800512d   Data           0  lc_ctype_c.o(locale$$data)
    System_Status                            0x20000000   Data           4  main.o(.data)
    number                                   0x20000004   Data          16  main.o(.data)
    Fire_Time_Ctr                            0x20000014   Data           2  main.o(.data)
    WIFI_Control_Val                         0x20000016   Data           1  main.o(.data)
    Alcohol_Low_Alarm_Cnt                    0x20000017   Data           1  main.o(.data)
    WIFI_Client_Num                          0x20000018   Data           1  main.o(.data)
    WIFI_Send_Ctr                            0x2000001a   Data           2  main.o(.data)
    Acc_Ctr                                  0x2000001c   Data           1  safe_check.o(.data)
    Acc_Adjust_X                             0x20000020   Data           4  safe_check.o(.data)
    Acc_Adjust_Y                             0x20000024   Data           4  safe_check.o(.data)
    Acc_Adjust_Z                             0x20000028   Data           4  safe_check.o(.data)
    Detect_Count                             0x2000002c   Data           6  safe_check.o(.data)
    Critical_Problem_Handler_Flag            0x20000032   Data           1  safe_check.o(.data)
    Temperture                               0x20000034   Data           2  safe_check.o(.data)
    ADC_ConvertedValue                       0x20000036   Data           2  xb_adc.o(.data)
    XB_ADC_After_Filter                      0x20000038   Data           4  xb_adc.o(.data)
    TimingDelay                              0x2000003c   Data           4  xb_delay.o(.data)
    WWDG_Ctr                                 0x20000040   Data           1  xb_delay.o(.data)
    XB_WIFI_Structure_I                      0x20000044   Data           4  xb_wifi.o(.data)
    RX_Frame_Data_Flag                       0x20000048   Data           1  xb_wifi.o(.data)
    RX_Frame_User_Data_Flag                  0x20000049   Data           1  xb_wifi.o(.data)
    XB_WIFI_Structure                        0x20000060   Data          28  main.o(.bss)
    Acc_Buf                                  0x2000007c   Data          60  safe_check.o(.bss)
    AD_Value                                 0x200000b8   Data         200  xb_adc.o(.bss)
    XB_WIFI_RX_Buf                           0x20000180   Data         256  xb_wifi.o(.bss)
    XB_WIFI_RX_USER_Buf                      0x20000280   Data         256  xb_wifi.o(.bss)
    __libspace_start                         0x20000380   Data          96  libspace.o(.bss)
    __temporary_stack_top$libspace           0x200003e0   Data           0  libspace.o(.bss)



==============================================================================

Memory Map of the image

  Image Entry point : 0x08000131

  Load Region LR_IROM1 (Base: 0x08000000, Size: 0x000052ac, Max: 0x00040000, ABSOLUTE)

    Execution Region ER_IROM1 (Base: 0x08000000, Size: 0x0000524c, Max: 0x00040000, ABSOLUTE)

    Base Addr    Size         Type   Attr      Idx    E Section Name        Object

    0x08000000   0x00000130   Data   RO         2311    RESET               startup_stm32f10x_hd.o
    0x08000130   0x00000008   Code   RO         2378  * !!!main             c_w.l(__main.o)
    0x08000138   0x00000034   Code   RO         2751    !!!scatter          c_w.l(__scatter.o)
    0x0800016c   0x0000001a   Code   RO         2753    !!handler_copy      c_w.l(__scatter_copy.o)
    0x08000186   0x00000002   PAD
    0x08000188   0x0000001c   Code   RO         2755    !!handler_zi        c_w.l(__scatter_zi.o)
    0x080001a4   0x00000000   Code   RO         2503    .ARM.Collect$$_printf_percent$$00000000  c_w.l(_printf_percent.o)
    0x080001a4   0x00000006   Code   RO         2492    .ARM.Collect$$_printf_percent$$00000001  c_w.l(_printf_n.o)
    0x080001aa   0x00000006   Code   RO         2494    .ARM.Collect$$_printf_percent$$00000002  c_w.l(_printf_p.o)
    0x080001b0   0x00000006   Code   RO         2499    .ARM.Collect$$_printf_percent$$00000003  c_w.l(_printf_f.o)
    0x080001b6   0x00000006   Code   RO         2500    .ARM.Collect$$_printf_percent$$00000004  c_w.l(_printf_e.o)
    0x080001bc   0x00000006   Code   RO         2501    .ARM.Collect$$_printf_percent$$00000005  c_w.l(_printf_g.o)
    0x080001c2   0x00000006   Code   RO         2502    .ARM.Collect$$_printf_percent$$00000006  c_w.l(_printf_a.o)
    0x080001c8   0x0000000a   Code   RO         2507    .ARM.Collect$$_printf_percent$$00000007  c_w.l(_printf_ll.o)
    0x080001d2   0x00000006   Code   RO         2496    .ARM.Collect$$_printf_percent$$00000008  c_w.l(_printf_i.o)
    0x080001d8   0x00000006   Code   RO         2497    .ARM.Collect$$_printf_percent$$00000009  c_w.l(_printf_d.o)
    0x080001de   0x00000006   Code   RO         2498    .ARM.Collect$$_printf_percent$$0000000A  c_w.l(_printf_u.o)
    0x080001e4   0x00000006   Code   RO         2495    .ARM.Collect$$_printf_percent$$0000000B  c_w.l(_printf_o.o)
    0x080001ea   0x00000006   Code   RO         2493    .ARM.Collect$$_printf_percent$$0000000C  c_w.l(_printf_x.o)
    0x080001f0   0x00000006   Code   RO         2504    .ARM.Collect$$_printf_percent$$0000000D  c_w.l(_printf_lli.o)
    0x080001f6   0x00000006   Code   RO         2505    .ARM.Collect$$_printf_percent$$0000000E  c_w.l(_printf_lld.o)
    0x080001fc   0x00000006   Code   RO         2506    .ARM.Collect$$_printf_percent$$0000000F  c_w.l(_printf_llu.o)
    0x08000202   0x00000006   Code   RO         2511    .ARM.Collect$$_printf_percent$$00000010  c_w.l(_printf_llo.o)
    0x08000208   0x00000006   Code   RO         2512    .ARM.Collect$$_printf_percent$$00000011  c_w.l(_printf_llx.o)
    0x0800020e   0x0000000a   Code   RO         2508    .ARM.Collect$$_printf_percent$$00000012  c_w.l(_printf_l.o)
    0x08000218   0x00000006   Code   RO         2490    .ARM.Collect$$_printf_percent$$00000013  c_w.l(_printf_c.o)
    0x0800021e   0x00000006   Code   RO         2491    .ARM.Collect$$_printf_percent$$00000014  c_w.l(_printf_s.o)
    0x08000224   0x00000006   Code   RO         2509    .ARM.Collect$$_printf_percent$$00000015  c_w.l(_printf_lc.o)
    0x0800022a   0x00000006   Code   RO         2510    .ARM.Collect$$_printf_percent$$00000016  c_w.l(_printf_ls.o)
    0x08000230   0x00000004   Code   RO         2564    .ARM.Collect$$_printf_percent$$00000017  c_w.l(_printf_percent_end.o)
    0x08000234   0x00000002   Code   RO         2620    .ARM.Collect$$libinit$$00000000  c_w.l(libinit.o)
    0x08000236   0x00000000   Code   RO         2628    .ARM.Collect$$libinit$$00000002  c_w.l(libinit2.o)
    0x08000236   0x00000000   Code   RO         2630    .ARM.Collect$$libinit$$00000004  c_w.l(libinit2.o)
    0x08000236   0x00000000   Code   RO         2633    .ARM.Collect$$libinit$$0000000A  c_w.l(libinit2.o)
    0x08000236   0x00000000   Code   RO         2635    .ARM.Collect$$libinit$$0000000C  c_w.l(libinit2.o)
    0x08000236   0x00000000   Code   RO         2637    .ARM.Collect$$libinit$$0000000E  c_w.l(libinit2.o)
    0x08000236   0x00000006   Code   RO         2638    .ARM.Collect$$libinit$$0000000F  c_w.l(libinit2.o)
    0x0800023c   0x00000000   Code   RO         2640    .ARM.Collect$$libinit$$00000011  c_w.l(libinit2.o)
    0x0800023c   0x0000000c   Code   RO         2641    .ARM.Collect$$libinit$$00000012  c_w.l(libinit2.o)
    0x08000248   0x00000000   Code   RO         2642    .ARM.Collect$$libinit$$00000013  c_w.l(libinit2.o)
    0x08000248   0x00000000   Code   RO         2644    .ARM.Collect$$libinit$$00000015  c_w.l(libinit2.o)
    0x08000248   0x0000000a   Code   RO         2645    .ARM.Collect$$libinit$$00000016  c_w.l(libinit2.o)
    0x08000252   0x00000000   Code   RO         2646    .ARM.Collect$$libinit$$00000017  c_w.l(libinit2.o)
    0x08000252   0x00000000   Code   RO         2648    .ARM.Collect$$libinit$$00000019  c_w.l(libinit2.o)
    0x08000252   0x00000000   Code   RO         2650    .ARM.Collect$$libinit$$0000001B  c_w.l(libinit2.o)
    0x08000252   0x00000000   Code   RO         2652    .ARM.Collect$$libinit$$0000001D  c_w.l(libinit2.o)
    0x08000252   0x00000000   Code   RO         2654    .ARM.Collect$$libinit$$0000001F  c_w.l(libinit2.o)
    0x08000252   0x00000000   Code   RO         2656    .ARM.Collect$$libinit$$00000021  c_w.l(libinit2.o)
    0x08000252   0x00000000   Code   RO         2658    .ARM.Collect$$libinit$$00000023  c_w.l(libinit2.o)
    0x08000252   0x00000000   Code   RO         2660    .ARM.Collect$$libinit$$00000025  c_w.l(libinit2.o)
    0x08000252   0x00000000   Code   RO         2664    .ARM.Collect$$libinit$$0000002C  c_w.l(libinit2.o)
    0x08000252   0x00000000   Code   RO         2666    .ARM.Collect$$libinit$$0000002E  c_w.l(libinit2.o)
    0x08000252   0x00000000   Code   RO         2668    .ARM.Collect$$libinit$$00000030  c_w.l(libinit2.o)
    0x08000252   0x00000000   Code   RO         2670    .ARM.Collect$$libinit$$00000032  c_w.l(libinit2.o)
    0x08000252   0x00000002   Code   RO         2671    .ARM.Collect$$libinit$$00000033  c_w.l(libinit2.o)
    0x08000254   0x00000002   Code   RO         2691    .ARM.Collect$$libshutdown$$00000000  c_w.l(libshutdown.o)
    0x08000256   0x00000000   Code   RO         2704    .ARM.Collect$$libshutdown$$00000002  c_w.l(libshutdown2.o)
    0x08000256   0x00000000   Code   RO         2706    .ARM.Collect$$libshutdown$$00000004  c_w.l(libshutdown2.o)
    0x08000256   0x00000000   Code   RO         2709    .ARM.Collect$$libshutdown$$00000007  c_w.l(libshutdown2.o)
    0x08000256   0x00000000   Code   RO         2712    .ARM.Collect$$libshutdown$$0000000A  c_w.l(libshutdown2.o)
    0x08000256   0x00000000   Code   RO         2714    .ARM.Collect$$libshutdown$$0000000C  c_w.l(libshutdown2.o)
    0x08000256   0x00000000   Code   RO         2717    .ARM.Collect$$libshutdown$$0000000F  c_w.l(libshutdown2.o)
    0x08000256   0x00000002   Code   RO         2718    .ARM.Collect$$libshutdown$$00000010  c_w.l(libshutdown2.o)
    0x08000258   0x00000000   Code   RO         2414    .ARM.Collect$$rtentry$$00000000  c_w.l(__rtentry.o)
    0x08000258   0x00000000   Code   RO         2536    .ARM.Collect$$rtentry$$00000002  c_w.l(__rtentry2.o)
    0x08000258   0x00000006   Code   RO         2548    .ARM.Collect$$rtentry$$00000004  c_w.l(__rtentry4.o)
    0x0800025e   0x00000000   Code   RO         2538    .ARM.Collect$$rtentry$$00000009  c_w.l(__rtentry2.o)
    0x0800025e   0x00000004   Code   RO         2539    .ARM.Collect$$rtentry$$0000000A  c_w.l(__rtentry2.o)
    0x08000262   0x00000000   Code   RO         2541    .ARM.Collect$$rtentry$$0000000C  c_w.l(__rtentry2.o)
    0x08000262   0x00000008   Code   RO         2542    .ARM.Collect$$rtentry$$0000000D  c_w.l(__rtentry2.o)
    0x0800026a   0x00000002   Code   RO         2625    .ARM.Collect$$rtexit$$00000000  c_w.l(rtexit.o)
    0x0800026c   0x00000000   Code   RO         2673    .ARM.Collect$$rtexit$$00000002  c_w.l(rtexit2.o)
    0x0800026c   0x00000004   Code   RO         2674    .ARM.Collect$$rtexit$$00000003  c_w.l(rtexit2.o)
    0x08000270   0x00000006   Code   RO         2675    .ARM.Collect$$rtexit$$00000004  c_w.l(rtexit2.o)
    0x08000276   0x00000002   PAD
    0x08000278   0x00000040   Code   RO         2312    .text               startup_stm32f10x_hd.o
    0x080002b8   0x00000024   Code   RO         2364    .text               c_w.l(c89vsprintf.o)
    0x080002dc   0x0000001a   Code   RO         2366    .text               c_w.l(atoi.o)
    0x080002f6   0x00000048   Code   RO         2368    .text               c_w.l(strcpy.o)
    0x0800033e   0x0000003e   Code   RO         2370    .text               c_w.l(strlen.o)
    0x0800037c   0x00000096   Code   RO         2372    .text               c_w.l(strncmp.o)
    0x08000412   0x00000002   PAD
    0x08000414   0x00000080   Code   RO         2374    .text               c_w.l(strcmpv7m.o)
    0x08000494   0x00000006   Code   RO         2376    .text               c_w.l(heapauxi.o)
    0x0800049a   0x00000002   PAD
    0x0800049c   0x00000008   Code   RO         2418    .text               c_w.l(rt_errno_addr_intlibspace.o)
    0x080004a4   0x00000016   Code   RO         2420    .text               c_w.l(_rserrno.o)
    0x080004ba   0x0000004e   Code   RO         2424    .text               c_w.l(_printf_pad.o)
    0x08000508   0x00000024   Code   RO         2426    .text               c_w.l(_printf_truncate.o)
    0x0800052c   0x00000052   Code   RO         2428    .text               c_w.l(_printf_str.o)
    0x0800057e   0x00000002   PAD
    0x08000580   0x00000078   Code   RO         2430    .text               c_w.l(_printf_dec.o)
    0x080005f8   0x00000028   Code   RO         2432    .text               c_w.l(_printf_charcount.o)
    0x08000620   0x00000030   Code   RO         2434    .text               c_w.l(_printf_char_common.o)
    0x08000650   0x0000000a   Code   RO         2436    .text               c_w.l(_sputc.o)
    0x0800065a   0x00000002   PAD
    0x0800065c   0x000000bc   Code   RO         2438    .text               c_w.l(_printf_wctomb.o)
    0x08000718   0x0000007c   Code   RO         2441    .text               c_w.l(_printf_longlong_dec.o)
    0x08000794   0x00000070   Code   RO         2447    .text               c_w.l(_printf_oct_int_ll.o)
    0x08000804   0x00000094   Code   RO         2467    .text               c_w.l(_printf_hex_int_ll_ptr.o)
    0x08000898   0x00000188   Code   RO         2487    .text               c_w.l(__printf_flags_ss_wp.o)
    0x08000a20   0x00000070   Code   RO         2513    .text               c_w.l(strtol.o)
    0x08000a90   0x00000008   Code   RO         2532    .text               c_w.l(libspace.o)
    0x08000a98   0x00000010   Code   RO         2550    .text               c_w.l(rt_ctype_table.o)
    0x08000aa8   0x0000008a   Code   RO         2552    .text               c_w.l(lludiv10.o)
    0x08000b32   0x000000b2   Code   RO         2554    .text               c_w.l(_printf_intcommon.o)
    0x08000be4   0x0000041a   Code   RO         2556    .text               c_w.l(_printf_fp_dec.o)
    0x08000ffe   0x0000002c   Code   RO         2560    .text               c_w.l(_printf_char.o)
    0x0800102a   0x0000002c   Code   RO         2562    .text               c_w.l(_printf_wchar.o)
    0x08001056   0x0000009e   Code   RO         2565    .text               c_w.l(_strtoul.o)
    0x080010f4   0x00000040   Code   RO         2567    .text               c_w.l(_wcrtomb.o)
    0x08001134   0x0000004a   Code   RO         2571    .text               c_w.l(sys_stackheap_outer.o)
    0x0800117e   0x00000002   PAD
    0x08001180   0x00000008   Code   RO         2576    .text               c_w.l(rt_locale_intlibspace.o)
    0x08001188   0x00000080   Code   RO         2578    .text               c_w.l(_printf_fp_infnan.o)
    0x08001208   0x0000001c   Code   RO         2580    .text               c_w.l(_chval.o)
    0x08001224   0x000000dc   Code   RO         2582    .text               c_w.l(bigflt0.o)
    0x08001300   0x00000012   Code   RO         2613    .text               c_w.l(exit.o)
    0x08001312   0x00000002   PAD
    0x08001314   0x0000000c   Code   RO         2683    .text               c_w.l(sys_exit.o)
    0x08001320   0x00000002   Code   RO         2694    .text               c_w.l(use_no_semi.o)
    0x08001322   0x00000000   Code   RO         2696    .text               c_w.l(indicate_semi.o)
    0x08001322   0x0000003e   Code   RO         2585    CL$$btod_d2e        c_w.l(btod.o)
    0x08001360   0x00000046   Code   RO         2587    CL$$btod_d2e_denorm_low  c_w.l(btod.o)
    0x080013a6   0x00000060   Code   RO         2586    CL$$btod_d2e_norm_op1  c_w.l(btod.o)
    0x08001406   0x00000338   Code   RO         2595    CL$$btod_div_common  c_w.l(btod.o)
    0x0800173e   0x000000c6   Code   RO         2592    CL$$btod_e2e        c_w.l(btod.o)
    0x08001804   0x00000028   Code   RO         2589    CL$$btod_ediv       c_w.l(btod.o)
    0x0800182c   0x00000028   Code   RO         2588    CL$$btod_emul       c_w.l(btod.o)
    0x08001854   0x00000244   Code   RO         2594    CL$$btod_mult_common  c_w.l(btod.o)
    0x08001a98   0x00000016   Code   RO          772    i.ADC_Cmd           stm32f10x_adc.o
    0x08001aae   0x00000016   Code   RO          773    i.ADC_DMACmd        stm32f10x_adc.o
    0x08001ac4   0x00000024   Code   RO          279    i.ADC_GPIO_Config   xb_adc.o
    0x08001ae8   0x00000014   Code   RO          780    i.ADC_GetCalibrationStatus  stm32f10x_adc.o
    0x08001afc   0x00000014   Code   RO          786    i.ADC_GetResetCalibrationStatus  stm32f10x_adc.o
    0x08001b10   0x00000050   Code   RO          790    i.ADC_Init          stm32f10x_adc.o
    0x08001b60   0x000000f4   Code   RO          280    i.ADC_Mode_Config   xb_adc.o
    0x08001c54   0x000000b8   Code   RO          794    i.ADC_RegularChannelConfig  stm32f10x_adc.o
    0x08001d0c   0x0000000a   Code   RO          795    i.ADC_ResetCalibration  stm32f10x_adc.o
    0x08001d16   0x00000016   Code   RO          797    i.ADC_SoftwareStartConvCmd  stm32f10x_adc.o
    0x08001d2c   0x0000000a   Code   RO          799    i.ADC_StartCalibration  stm32f10x_adc.o
    0x08001d36   0x00000002   PAD
    0x08001d38   0x00000130   Code   RO          199    i.Acc_Adjust        safe_check.o
    0x08001e68   0x00000164   Code   RO          200    i.Acc_Check         safe_check.o
    0x08001fcc   0x00000038   Code   RO          538    i.Ack               xb_mma845x.o
    0x08002004   0x00000018   Code   RO          201    i.Alcohol_Concentration_Check  safe_check.o
    0x0800201c   0x00000248   Code   RO            4    i.ArtFire_Init      main.o
    0x08002264   0x000000b8   Code   RO            5    i.Critical_Problem_Handler  main.o
    0x0800231c   0x00000018   Code   RO         1002    i.DMA_Cmd           stm32f10x_dma.o
    0x08002334   0x0000014c   Code   RO         1003    i.DMA_DeInit        stm32f10x_dma.o
    0x08002480   0x00000008   Code   RO         1004    i.DMA_GetCurrDataCounter  stm32f10x_dma.o
    0x08002488   0x0000003c   Code   RO         1008    i.DMA_Init          stm32f10x_dma.o
    0x080024c4   0x00000004   Code   RO         1009    i.DMA_SetCurrDataCounter  stm32f10x_dma.o
    0x080024c8   0x00000090   Code   RO            6    i.Debug_USART_Init  main.o
    0x08002558   0x00000020   Code   RO            7    i.Debug_USART_Send_Char  main.o
    0x08002578   0x00000010   Code   RO          539    i.Delay_10us        xb_mma845x.o
    0x08002588   0x00000014   Code   RO          331    i.Delay_ms          xb_delay.o
    0x0800259c   0x00000010   Code   RO          629    i.EEPROM_24C0x_Delay  xb_eeprom_24c0x.o
    0x080025ac   0x00000034   Code   RO          630    i.EEPROM_24C0x_End  xb_eeprom_24c0x.o
    0x080025e0   0x00000048   Code   RO          631    i.EEPROM_24C0x_Low_Init  xb_eeprom_24c0x.o
    0x08002628   0x00000040   Code   RO          632    i.EEPROM_24C0x_No_ACK  xb_eeprom_24c0x.o
    0x08002668   0x0000004e   Code   RO          633    i.EEPROM_24C0x_Read  xb_eeprom_24c0x.o
    0x080026b6   0x00000002   PAD
    0x080026b8   0x00000058   Code   RO          634    i.EEPROM_24C0x_Read_Byte  xb_eeprom_24c0x.o
    0x08002710   0x00000050   Code   RO          635    i.EEPROM_24C0x_SDA_Mode  xb_eeprom_24c0x.o
    0x08002760   0x00000040   Code   RO          636    i.EEPROM_24C0x_Start  xb_eeprom_24c0x.o
    0x080027a0   0x0000004c   Code   RO          637    i.EEPROM_24C0x_Wait_ACK  xb_eeprom_24c0x.o
    0x080027ec   0x00000042   Code   RO          638    i.EEPROM_24C0x_Write  xb_eeprom_24c0x.o
    0x0800282e   0x00000002   PAD
    0x08002830   0x0000006c   Code   RO          639    i.EEPROM_24C0x_Write_Byte  xb_eeprom_24c0x.o
    0x0800289c   0x0000002c   Code   RO          202    i.Fire_Detect       safe_check.o
    0x080028c8   0x00000116   Code   RO         1090    i.GPIO_Init         stm32f10x_gpio.o
    0x080029de   0x00000002   PAD
    0x080029e0   0x00000090   Code   RO         1092    i.GPIO_PinRemapConfig  stm32f10x_gpio.o
    0x08002a70   0x00000012   Code   RO         1094    i.GPIO_ReadInputDataBit  stm32f10x_gpio.o
    0x08002a82   0x00000004   Code   RO         1097    i.GPIO_ResetBits    stm32f10x_gpio.o
    0x08002a86   0x00000004   Code   RO         1098    i.GPIO_SetBits      stm32f10x_gpio.o
    0x08002a8a   0x00000002   PAD
    0x08002a8c   0x000000fc   Code   RO            9    i.Get_Remote_Action  main.o
    0x08002b88   0x00000034   Code   RO          540    i.MMA845x_End       xb_mma845x.o
    0x08002bbc   0x00000058   Code   RO          541    i.MMA845x_Init      xb_mma845x.o
    0x08002c14   0x00000082   Code   RO          542    i.MMA845x_Read_ACC_Buf  xb_mma845x.o
    0x08002c96   0x00000002   PAD
    0x08002c98   0x0000005c   Code   RO          543    i.MMA845x_Read_Byte  xb_mma845x.o
    0x08002cf4   0x0000004c   Code   RO          544    i.MMA845x_SDA_Type  xb_mma845x.o
    0x08002d40   0x00000034   Code   RO          545    i.MMA845x_Start     xb_mma845x.o
    0x08002d74   0x00000068   Code   RO          546    i.MMA845x_Write_Byte  xb_mma845x.o
    0x08002ddc   0x00000042   Code   RO          547    i.MMA845x_Write_Reg  xb_mma845x.o
    0x08002e1e   0x00000002   PAD
    0x08002e20   0x00000070   Code   RO          718    i.NVIC_Init         misc.o
    0x08002e90   0x00000038   Code   RO          548    i.No_Ack            xb_mma845x.o
    0x08002ec8   0x0000000c   Code   RO         1210    i.PWR_BackupAccessCmd  stm32f10x_pwr.o
    0x08002ed4   0x000000f8   Code   RO           10    i.Pump_Alcohol      main.o
    0x08002fcc   0x00000020   Code   RO         1283    i.RCC_AHBPeriphClockCmd  stm32f10x_rcc.o
    0x08002fec   0x00000020   Code   RO         1284    i.RCC_APB1PeriphClockCmd  stm32f10x_rcc.o
    0x0800300c   0x00000020   Code   RO         1286    i.RCC_APB2PeriphClockCmd  stm32f10x_rcc.o
    0x0800302c   0x000000d4   Code   RO         1294    i.RCC_GetClocksFreq  stm32f10x_rcc.o
    0x08003100   0x00000034   Code   RO         1302    i.RCC_LSEConfig     stm32f10x_rcc.o
    0x08003134   0x00000060   Code   RO           11    i.Read_Save_Para    main.o
    0x08003194   0x000000b8   Code   RO          449    i.Rx_Data_Hanndle   xb_wifi.o
    0x0800324c   0x00000204   Code   RO          203    i.Safe_Check        safe_check.o
    0x08003450   0x000000e4   Code   RO          204    i.Safe_Check_Init   safe_check.o
    0x08003534   0x00000008   Code   RO         2319    i.SetSysClock       system_stm32f10x.o
    0x0800353c   0x000000e0   Code   RO         2320    i.SetSysClockTo72   system_stm32f10x.o
    0x0800361c   0x00000068   Code   RO           12    i.Set_Play          main.o
    0x08003684   0x0000028c   Code   RO           13    i.Start_Fire        main.o
    0x08003910   0x0000001c   Code   RO          332    i.SysTick_Configuration  xb_delay.o
    0x0800392c   0x00000060   Code   RO          333    i.SysTick_Handler   xb_delay.o
    0x0800398c   0x00000060   Code   RO         2322    i.SystemInit        system_stm32f10x.o
    0x080039ec   0x0000004c   Code   RO          205    i.TIM6_IRQHandler   safe_check.o
    0x08003a38   0x00000020   Code   RO          206    i.TIM7_IRQHandler   safe_check.o
    0x08003a58   0x00000006   Code   RO         1505    i.TIM_ClearITPendingBit  stm32f10x_tim.o
    0x08003a5e   0x00000018   Code   RO         1510    i.TIM_Cmd           stm32f10x_tim.o
    0x08003a76   0x00000022   Code   RO         1531    i.TIM_GetITStatus   stm32f10x_tim.o
    0x08003a98   0x00000012   Code   RO         1535    i.TIM_ITConfig      stm32f10x_tim.o
    0x08003aaa   0x00000002   PAD
    0x08003aac   0x000000a4   Code   RO         1581    i.TIM_TimeBaseInit  stm32f10x_tim.o
    0x08003b50   0x00000054   Code   RO          207    i.Temperture_Check  safe_check.o
    0x08003ba4   0x00000064   Code   RO          450    i.USART2_IRQHandler  xb_wifi.o
    0x08003c08   0x00000018   Code   RO         2058    i.USART_Cmd         stm32f10x_usart.o
    0x08003c20   0x00000012   Code   RO         2059    i.USART_DMACmd      stm32f10x_usart.o
    0x08003c32   0x0000001a   Code   RO         2061    i.USART_GetFlagStatus  stm32f10x_usart.o
    0x08003c4c   0x00000054   Code   RO         2062    i.USART_GetITStatus  stm32f10x_usart.o
    0x08003ca0   0x0000004a   Code   RO         2064    i.USART_ITConfig    stm32f10x_usart.o
    0x08003cea   0x00000002   PAD
    0x08003cec   0x000000d8   Code   RO         2065    i.USART_Init        stm32f10x_usart.o
    0x08003dc4   0x00000008   Code   RO         2075    i.USART_SendData    stm32f10x_usart.o
    0x08003dcc   0x00000010   Code   RO         2248    i.WWDG_Enable       stm32f10x_wwdg.o
    0x08003ddc   0x00000010   Code   RO         2251    i.WWDG_SetCounter   stm32f10x_wwdg.o
    0x08003dec   0x00000018   Code   RO         2252    i.WWDG_SetPrescaler  stm32f10x_wwdg.o
    0x08003e04   0x00000028   Code   RO         2253    i.WWDG_SetWindowValue  stm32f10x_wwdg.o
    0x08003e2c   0x00000048   Code   RO          549    i.Wait_Ack          xb_mma845x.o
    0x08003e74   0x00000050   Code   RO          451    i.Wait_For_Signal   xb_wifi.o
    0x08003ec4   0x0000001c   Code   RO          371    i.XB_18B20_Delay_10us  xb_18b20.o
    0x08003ee0   0x00000036   Code   RO          372    i.XB_18B20_Get_Temperture  xb_18b20.o
    0x08003f16   0x00000002   PAD
    0x08003f18   0x00000050   Code   RO          373    i.XB_18B20_IO_Mode  xb_18b20.o
    0x08003f68   0x00000036   Code   RO          374    i.XB_18B20_Init     xb_18b20.o
    0x08003f9e   0x0000000a   Code   RO          375    i.XB_18B20_Low_Init  xb_18b20.o
    0x08003fa8   0x0000005c   Code   RO          376    i.XB_18B20_Math_Temperture  xb_18b20.o
    0x08004004   0x0000004c   Code   RO          377    i.XB_18B20_Read_Byte  xb_18b20.o
    0x08004050   0x00000080   Code   RO          378    i.XB_18B20_Reset    xb_18b20.o
    0x080040d0   0x00000014   Code   RO          379    i.XB_18B20_Start_Convert  xb_18b20.o
    0x080040e4   0x00000068   Code   RO          380    i.XB_18B20_Write_Byte  xb_18b20.o
    0x0800414c   0x00000044   Code   RO          281    i.XB_ADC_Filter     xb_adc.o
    0x08004190   0x0000000c   Code   RO          282    i.XB_ADC_Init       xb_adc.o
    0x0800419c   0x00000058   Code   RO          452    i.XB_Alcohol_AP_Send_Data  xb_wifi.o
    0x080041f4   0x00000114   Code   RO          453    i.XB_USART_Init     xb_wifi.o
    0x08004308   0x00000154   Code   RO          455    i.XB_WIFI_Init      xb_wifi.o
    0x0800445c   0x0000004c   Code   RO          456    i.XB_WIFI_Send_Str  xb_wifi.o
    0x080044a8   0x00000020   Code   RO          457    i.XB_WIFI_USART_Send_Char  xb_wifi.o
    0x080044c8   0x00000070   Code   RO           14    i.YF017_Init        main.o
    0x08004538   0x00000028   Code   RO         2623    i.__ARM_fpclassify  m_ws.l(fpclassify.o)
    0x08004560   0x0000000e   Code   RO         2480    i._is_digit         c_w.l(__printf_wp.o)
    0x0800456e   0x00000002   PAD
    0x08004570   0x00000130   Code   RO           15    i.main              main.o
    0x080046a0   0x0000002c   Code   RO         2407    i.sqrtf             m_ws.l(sqrtf.o)
    0x080046cc   0x0000002c   Code   RO         2608    locale$$code        c_w.l(lc_ctype_c.o)
    0x080046f8   0x0000002c   Code   RO         2611    locale$$code        c_w.l(lc_numeric_c.o)
    0x08004724   0x00000018   Code   RO         2515    x$fpl$dcmpinf       fz_ws.l(dcmpi.o)
    0x0800473c   0x00000078   Code   RO         2380    x$fpl$dleqf         fz_ws.l(dleqf.o)
    0x080047b4   0x0000009c   Code   RO         2517    x$fpl$dnaninf       fz_ws.l(dnaninf.o)
    0x08004850   0x0000000c   Code   RO         2519    x$fpl$dretinf       fz_ws.l(dretinf.o)
    0x0800485c   0x0000006c   Code   RO         2382    x$fpl$drleqf        fz_ws.l(drleqf.o)
    0x080048c8   0x00000056   Code   RO         2384    x$fpl$f2d           fz_ws.l(f2d.o)
    0x0800491e   0x00000002   PAD
    0x08004920   0x000000c4   Code   RO         2386    x$fpl$fadd          fz_ws.l(faddsub_clz.o)
    0x080049e4   0x00000018   Code   RO         2569    x$fpl$fcmpinf       fz_ws.l(fcmpi.o)
    0x080049fc   0x00000184   Code   RO         2393    x$fpl$fdiv          fz_ws.l(fdiv.o)
    0x08004b80   0x00000030   Code   RO         2397    x$fpl$fflt          fz_ws.l(fflt_clz.o)
    0x08004bb0   0x00000068   Code   RO         2521    x$fpl$fleqf         fz_ws.l(fleqf.o)
    0x08004c18   0x00000102   Code   RO         2402    x$fpl$fmul          fz_ws.l(fmul.o)
    0x08004d1a   0x0000008c   Code   RO         2523    x$fpl$fnaninf       fz_ws.l(fnaninf.o)
    0x08004da6   0x0000000a   Code   RO         2525    x$fpl$fretinf       fz_ws.l(fretinf.o)
    0x08004db0   0x00000062   Code   RO         2404    x$fpl$frleqf        fz_ws.l(frleqf.o)
    0x08004e12   0x00000014   Code   RO         2387    x$fpl$frsb          fz_ws.l(faddsub_clz.o)
    0x08004e26   0x00000002   PAD
    0x08004e28   0x00000110   Code   RO         2527    x$fpl$fsqrt         fz_ws.l(fsqrt.o)
    0x08004f38   0x000000ea   Code   RO         2388    x$fpl$fsub          fz_ws.l(faddsub_clz.o)
    0x08005022   0x00000004   Code   RO         2529    x$fpl$printf1       fz_ws.l(printf1.o)
    0x08005026   0x00000000   Code   RO         2531    x$fpl$usenofp       fz_ws.l(usenofp.o)
    0x08005026   0x00000002   PAD
    0x08005028   0x00000008   Data   RO         2439    .constdata          c_w.l(_printf_wctomb.o)
    0x08005030   0x00000028   Data   RO         2468    .constdata          c_w.l(_printf_hex_int_ll_ptr.o)
    0x08005058   0x00000011   Data   RO         2488    .constdata          c_w.l(__printf_flags_ss_wp.o)
    0x08005069   0x00000003   PAD
    0x0800506c   0x00000094   Data   RO         2583    .constdata          c_w.l(bigflt0.o)
    0x08005100   0x00000020   Data   RO         2749    Region$$Table       anon$$obj.o
    0x08005120   0x00000110   Data   RO         2607    locale$$data        c_w.l(lc_ctype_c.o)
    0x08005230   0x0000001c   Data   RO         2610    locale$$data        c_w.l(lc_numeric_c.o)


    Execution Region RW_IRAM1 (Base: 0x20000000, Size: 0x000009e0, Max: 0x0000c000, ABSOLUTE)

    Base Addr    Size         Type   Attr      Idx    E Section Name        Object

    0x20000000   0x0000001c   Data   RW           17    .data               main.o
    0x2000001c   0x0000001a   Data   RW          209    .data               safe_check.o
    0x20000036   0x00000006   Data   RW          284    .data               xb_adc.o
    0x2000003c   0x00000005   Data   RW          334    .data               xb_delay.o
    0x20000041   0x00000003   PAD
    0x20000044   0x00000006   Data   RW          459    .data               xb_wifi.o
    0x2000004a   0x00000014   Data   RW         1314    .data               stm32f10x_rcc.o
    0x2000005e   0x00000002   PAD
    0x20000060   0x0000001c   Zero   RW           16    .bss                main.o
    0x2000007c   0x0000003c   Zero   RW          208    .bss                safe_check.o
    0x200000b8   0x000000c8   Zero   RW          283    .bss                xb_adc.o
    0x20000180   0x00000200   Zero   RW          458    .bss                xb_wifi.o
    0x20000380   0x00000060   Zero   RW         2533    .bss                c_w.l(libspace.o)
    0x200003e0   0x00000200   Zero   RW         2310    HEAP                startup_stm32f10x_hd.o
    0x200005e0   0x00000400   Zero   RW         2309    STACK               startup_stm32f10x_hd.o


==============================================================================

Image component sizes


      Code (inc. data)   RO Data    RW Data    ZI Data      Debug   Object Name

      2712        218          0         28         28     285131   main.o
       112         12          0          0          0       1144   misc.o
      1664        130          0         26         60      21634   safe_check.o
        64         26        304          0       1536        848   startup_stm32f10x_hd.o
       390         10          0          0          0       7813   stm32f10x_adc.o
       428          8          0          0          0       4816   stm32f10x_dma.o
       448          6          0          0          0       4762   stm32f10x_gpio.o
        12          6          0          0          0        546   stm32f10x_pwr.o
       360         44          0         20          0       5790   stm32f10x_rcc.o
       246         42          0          0          0       3822   stm32f10x_tim.o
       450          6          0          0          0       6552   stm32f10x_usart.o
        96         24          0          0          0       3014   stm32f10x_wwdg.o
       328         28          0          0          0       2101   system_stm32f10x.o
       646         30          0          0          0       5635   xb_18b20.o
       360         24          0          6        200       2916   xb_adc.o
       144         26          0          5          0       1748   xb_delay.o
       764         40          0          0          0       6363   xb_eeprom_24c0x.o
       860         50          0          0          0       6987   xb_mma845x.o
      1176        226          0          6        512       6722   xb_wifi.o

    ----------------------------------------------------------------------
     11280        956        336         96       2336     378344   Object Totals
         0          0         32          0          0          0   (incl. Generated)
        20          0          0          5          0          0   (incl. Padding)

    ----------------------------------------------------------------------

      Code (inc. data)   RO Data    RW Data    ZI Data      Debug   Library Member Name

         8          0          0          0          0         68   __main.o
       392          4         17          0          0         92   __printf_flags_ss_wp.o
        14          0          0          0          0         68   __printf_wp.o
         0          0          0          0          0          0   __rtentry.o
        12          0          0          0          0          0   __rtentry2.o
         6          0          0          0          0          0   __rtentry4.o
        52          8          0          0          0          0   __scatter.o
        26          0          0          0          0          0   __scatter_copy.o
        28          0          0          0          0          0   __scatter_zi.o
        28          0          0          0          0         68   _chval.o
         6          0          0          0          0          0   _printf_a.o
         6          0          0          0          0          0   _printf_c.o
        44          0          0          0          0        108   _printf_char.o
        48          6          0          0          0         96   _printf_char_common.o
        40          0          0          0          0         68   _printf_charcount.o
         6          0          0          0          0          0   _printf_d.o
       120         16          0          0          0         92   _printf_dec.o
         6          0          0          0          0          0   _printf_e.o
         6          0          0          0          0          0   _printf_f.o
      1050          0          0          0          0        216   _printf_fp_dec.o
       128         16          0          0          0         84   _printf_fp_infnan.o
         6          0          0          0          0          0   _printf_g.o
       148          4         40          0          0        160   _printf_hex_int_ll_ptr.o
         6          0          0          0          0          0   _printf_i.o
       178          0          0          0          0         88   _printf_intcommon.o
        10          0          0          0          0          0   _printf_l.o
         6          0          0          0          0          0   _printf_lc.o
        10          0          0          0          0          0   _printf_ll.o
         6          0          0          0          0          0   _printf_lld.o
         6          0          0          0          0          0   _printf_lli.o
         6          0          0          0          0          0   _printf_llo.o
         6          0          0          0          0          0   _printf_llu.o
         6          0          0          0          0          0   _printf_llx.o
       124         16          0          0          0         92   _printf_longlong_dec.o
         6          0          0          0          0          0   _printf_ls.o
         6          0          0          0          0          0   _printf_n.o
         6          0          0          0          0          0   _printf_o.o
       112         10          0          0          0        124   _printf_oct_int_ll.o
         6          0          0          0          0          0   _printf_p.o
        78          0          0          0          0        108   _printf_pad.o
         0          0          0          0          0          0   _printf_percent.o
         4          0          0          0          0          0   _printf_percent_end.o
         6          0          0          0          0          0   _printf_s.o
        82          0          0          0          0         80   _printf_str.o
        36          0          0          0          0         84   _printf_truncate.o
         6          0          0          0          0          0   _printf_u.o
        44          0          0          0          0        108   _printf_wchar.o
       188          6          8          0          0         92   _printf_wctomb.o
         6          0          0          0          0          0   _printf_x.o
        22          0          0          0          0        100   _rserrno.o
        10          0          0          0          0         68   _sputc.o
       158          0          0          0          0         92   _strtoul.o
        64          0          0          0          0         92   _wcrtomb.o
        26          0          0          0          0         80   atoi.o
       220          4        148          0          0         96   bigflt0.o
      1910        128          0          0          0        672   btod.o
        36          4          0          0          0         76   c89vsprintf.o
        18          0          0          0          0         80   exit.o
         6          0          0          0          0        152   heapauxi.o
         0          0          0          0          0          0   indicate_semi.o
        44         10        272          0          0         76   lc_ctype_c.o
        44         10         28          0          0         76   lc_numeric_c.o
         2          0          0          0          0          0   libinit.o
        30          0          0          0          0          0   libinit2.o
         2          0          0          0          0          0   libshutdown.o
         2          0          0          0          0          0   libshutdown2.o
         8          4          0          0         96         68   libspace.o
       138          0          0          0          0         80   lludiv10.o
        16          4          0          0          0         76   rt_ctype_table.o
         8          4          0          0          0         68   rt_errno_addr_intlibspace.o
         8          4          0          0          0         68   rt_locale_intlibspace.o
         2          0          0          0          0          0   rtexit.o
        10          0          0          0          0          0   rtexit2.o
       128          0          0          0          0         68   strcmpv7m.o
        72          0          0          0          0         80   strcpy.o
        62          0          0          0          0         76   strlen.o
       150          0          0          0          0         80   strncmp.o
       112          0          0          0          0         88   strtol.o
        12          4          0          0          0         68   sys_exit.o
        74          0          0          0          0         80   sys_stackheap_outer.o
         2          0          0          0          0         68   use_no_semi.o
        24          0          0          0          0         68   dcmpi.o
       120          4          0          0          0         92   dleqf.o
       156          4          0          0          0         92   dnaninf.o
        12          0          0          0          0         68   dretinf.o
       108          0          0          0          0         80   drleqf.o
        86          4          0          0          0         84   f2d.o
       450          8          0          0          0        236   faddsub_clz.o
        24          0          0          0          0         68   fcmpi.o
       388         76          0          0          0         96   fdiv.o
        48          0          0          0          0         68   fflt_clz.o
       104          4          0          0          0         84   fleqf.o
       258          4          0          0          0         84   fmul.o
       140          4          0          0          0         84   fnaninf.o
        10          0          0          0          0         68   fretinf.o
        98          0          0          0          0         68   frleqf.o
       272        100          0          0          0         88   fsqrt.o
         4          0          0          0          0         68   printf1.o
         0          0          0          0          0          0   usenofp.o
        40          0          0          0          0         68   fpclassify.o
        44          0          0          0          0         80   sqrtf.o

    ----------------------------------------------------------------------
      8936        470        516          0         96       6168   Library Totals
        24          0          3          0          0          0   (incl. Padding)

    ----------------------------------------------------------------------

      Code (inc. data)   RO Data    RW Data    ZI Data      Debug   Library Name

      6526        262        513          0         96       4524   c_w.l
      2302        208          0          0          0       1496   fz_ws.l
        84          0          0          0          0        148   m_ws.l

    ----------------------------------------------------------------------
      8936        470        516          0         96       6168   Library Totals

    ----------------------------------------------------------------------

==============================================================================


      Code (inc. data)   RO Data    RW Data    ZI Data      Debug   

     20216       1426        852         96       2432     375252   Grand Totals
     20216       1426        852         96       2432     375252   ELF Image Totals
     20216       1426        852         96          0          0   ROM Totals

==============================================================================

    Total RO  Size (Code + RO Data)                21068 (  20.57kB)
    Total RW  Size (RW Data + ZI Data)              2528 (   2.47kB)
    Total ROM Size (Code + RO Data + RW Data)      21164 (  20.67kB)

==============================================================================

