<html>
<body>
<pre>
<h1>µVision Build Log</h1>
<h2>Tool Versions:</h2>
IDE-Version: ¦ÌVision V5.16.0.0
Copyright (C) 2015 ARM Ltd and ARM Germany GmbH. All rights reserved.
License Information: Luo Simon, XB, LIC=47GLQ-NIPS8-2YJV0-BEH6Y-A7NGG-Z4R7R
 
Tool Versions:
Toolchain:       MDK-ARM Standard  Version: 5.16.0.0
Toolchain Path:  F:\Keil\ARM\ARM\ARMCC\Bin
C Compiler:      Armcc.exe V5.06 (build 20)
Assembler:       Armasm.exe V5.06 (build 20)
Linker/Locator:  ArmLink.exe V5.06 (build 20)
Library Manager: ArmAr.exe V5.06 (build 20)
Hex Converter:   FromElf.exe V5.06 (build 20)
CPU DLL:         SARMCM3.DLL V5.16.0.0
Dialog DLL:      DCM.DLL V1.13.2.0
Target DLL:      STLink\ST-LINKIII-KEIL_SWO.dll V2.0.17.0
Dialog DLL:      TCM.DLL V1.14.5.0
 
<h2>Project:</h2>
F:\Document\Alcohol_Fire\V0.3\Program\USER\ArtFire.uvprojx
Project File Date:  04/08/2016

<h2>Output:</h2>
*** Using Compiler 'V5.06 (build 20)', folder: 'F:\Keil\ARM\ARM\ARMCC\Bin'
Build target 'Target 1'
compiling core_cm3.c...
compiling delay.c...
compiling ADC.c...
compiling Safe_Check.c...
compiling system_stm32f10x.c...
compiling EEPROM_24C0x.c...
compiling main.c...
main.c(10): warning:  #177-D: variable "i" was declared but never referenced
  	uint16_t i;
main.c: 1 warning, 0 errors
assembling startup_stm32f10x_md.s...
compiling DS1302.c...
compiling Temp_18B20.c...
compiling MMA7660.c...
compiling misc.c...
compiling stm32f10x_bkp.c...
compiling stm32f10x_adc.c...
compiling stm32f10x_can.c...
compiling stm32f10x_crc.c...
compiling stm32f10x_cec.c...
compiling stm32f10x_dbgmcu.c...
compiling stm32f10x_dac.c...
compiling stm32f10x_exti.c...
compiling stm32f10x_dma.c...
compiling stm32f10x_flash.c...
compiling stm32f10x_gpio.c...
compiling stm32f10x_fsmc.c...
compiling stm32f10x_iwdg.c...
compiling stm32f10x_i2c.c...
compiling stm32f10x_pwr.c...
compiling stm32f10x_rcc.c...
compiling stm32f10x_rtc.c...
compiling stm32f10x_wwdg.c...
compiling stm32f10x_spi.c...
compiling stm32f10x_sdio.c...
compiling stm32f10x_usart.c...
compiling stm32f10x_tim.c...
linking...
Program Size: Code=4760 RO-data=268 RW-data=32 ZI-data=1832  
".\Objects\ArtFire.axf" - 0 Error(s), 1 Warning(s).

<h2>Collection of Component include folders:</h2>
  F:\Document\Alcohol_Fire\V0.3\Program\USER\RTE
  F:\Keil\ARM\ARM\PACK\Keil\STM32F1xx_DFP\1.1.0\Device\Include

<h2>Collection of Component Files used:</h2>
Build Time Elapsed:  00:00:03
</pre>
</body>
</html>
