Component: ARM Compiler 5.06 update 4 (build 422) Tool: armlink [4d35d2]

==============================================================================

Section Cross References

    main.o(i.ArtFire_Init) refers to system_stm32f10x.o(i.SystemInit) for SystemInit
    main.o(i.ArtFire_Init) refers to xb_delay.o(i.SysTick_Configuration) for SysTick_Configuration
    main.o(i.ArtFire_Init) refers to misc.o(i.NVIC_PriorityGroupConfig) for NVIC_PriorityGroupConfig
    main.o(i.ArtFire_Init) refers to stm32f10x_rcc.o(i.RCC_APB2PeriphClockCmd) for RCC_APB2PeriphClockCmd
    main.o(i.ArtFire_Init) refers to xb_eeprom_24c0x.o(i.EEPROM_24C0x_Low_Init) for EEPROM_24C0x_Low_Init
    main.o(i.ArtFire_Init) refers to main.o(i.Get_System_Setting) for Get_System_Setting
    main.o(i.ArtFire_Init) refers to stm32f10x_rcc.o(i.RCC_APB1PeriphClockCmd) for RCC_APB1PeriphClockCmd
    main.o(i.ArtFire_Init) refers to stm32f10x_wwdg.o(i.WWDG_SetPrescaler) for WWDG_SetPrescaler
    main.o(i.ArtFire_Init) refers to stm32f10x_wwdg.o(i.WWDG_SetWindowValue) for WWDG_SetWindowValue
    main.o(i.ArtFire_Init) refers to stm32f10x_wwdg.o(i.WWDG_Enable) for WWDG_Enable
    main.o(i.ArtFire_Init) refers to voice.o(i.XB_Voice_Init) for XB_Voice_Init
    main.o(i.ArtFire_Init) refers to safe_check.o(i.Safe_Check_Init) for Safe_Check_Init
    main.o(i.ArtFire_Init) refers to main.o(i.Debug_USART_Init) for Debug_USART_Init
    main.o(i.ArtFire_Init) refers to stm32f10x_gpio.o(i.GPIO_Init) for GPIO_Init
    main.o(i.ArtFire_Init) refers to stm32f10x_gpio.o(i.GPIO_ResetBits) for GPIO_ResetBits
    main.o(i.ArtFire_Init) refers to stm32f10x_gpio.o(i.GPIO_SetBits) for GPIO_SetBits
    main.o(i.ArtFire_Init) refers to xb_wifi.o(i.XB_WIFI_Init) for XB_WIFI_Init
    main.o(i.ArtFire_Init) refers to voice.o(i.XB_Set_Play) for XB_Set_Play
    main.o(i.ArtFire_Init) refers to main.o(.bss) for XB_WIFI_Structure
    main.o(i.Critical_Problem_Handler) refers to stm32f10x_tim.o(i.TIM_Cmd) for TIM_Cmd
    main.o(i.Critical_Problem_Handler) refers to stm32f10x_gpio.o(i.GPIO_ResetBits) for GPIO_ResetBits
    main.o(i.Critical_Problem_Handler) refers to stm32f10x_gpio.o(i.GPIO_SetBits) for GPIO_SetBits
    main.o(i.Critical_Problem_Handler) refers to xb_delay.o(i.Delay_ms) for Delay_ms
    main.o(i.Critical_Problem_Handler) refers to main.o(i.Debug_USART_Send_Char) for Debug_USART_Send_Char
    main.o(i.Critical_Problem_Handler) refers to main.o(.bss) for System_Status
    main.o(i.Debug_USART_Init) refers to stm32f10x_rcc.o(i.RCC_APB2PeriphClockCmd) for RCC_APB2PeriphClockCmd
    main.o(i.Debug_USART_Init) refers to stm32f10x_usart.o(i.USART_Cmd) for USART_Cmd
    main.o(i.Debug_USART_Init) refers to stm32f10x_usart.o(i.USART_Init) for USART_Init
    main.o(i.Debug_USART_Init) refers to stm32f10x_gpio.o(i.GPIO_Init) for GPIO_Init
    main.o(i.Debug_USART_Printf) refers to c89vsprintf.o(.text) for __c89vsprintf
    main.o(i.Debug_USART_Printf) refers to strlen.o(.text) for strlen
    main.o(i.Debug_USART_Printf) refers to main.o(i.Debug_USART_Send_Char) for Debug_USART_Send_Char
    main.o(i.Debug_USART_Send_Char) refers to stm32f10x_usart.o(i.USART_GetFlagStatus) for USART_GetFlagStatus
    main.o(i.Debug_USART_Send_Char) refers to stm32f10x_usart.o(i.USART_SendData) for USART_SendData
    main.o(i.Get_Remote_Action) refers to stm32f10x_gpio.o(i.GPIO_ReadInputDataBit) for GPIO_ReadInputDataBit
    main.o(i.Get_Remote_Action) refers to xb_delay.o(i.Delay_ms) for Delay_ms
    main.o(i.Get_Remote_Action) refers to xb_wifi.o(.data) for WIFIStartStopFire
    main.o(i.Get_Remote_Action) refers to main.o(.bss) for System_Status
    main.o(i.Get_System_Setting) refers to stm32f10x_gpio.o(i.GPIO_Init) for GPIO_Init
    main.o(i.Get_System_Setting) refers to stm32f10x_gpio.o(i.GPIO_ReadInputDataBit) for GPIO_ReadInputDataBit
    main.o(i.Get_System_Setting) refers to xb_eeprom_24c0x.o(i.EEPROM_24C0x_Read) for EEPROM_24C0x_Read
    main.o(i.Get_System_Setting) refers to xb_eeprom_24c0x.o(i.EEPROM_24C0x_Write) for EEPROM_24C0x_Write
    main.o(i.Get_System_Setting) refers to main.o(.bss) for System_Status
    main.o(i.Pump_Alcohol) refers to stm32f10x_gpio.o(i.GPIO_ResetBits) for GPIO_ResetBits
    main.o(i.Pump_Alcohol) refers to stm32f10x_gpio.o(i.GPIO_SetBits) for GPIO_SetBits
    main.o(i.Pump_Alcohol) refers to xb_delay.o(i.Delay_ms) for Delay_ms
    main.o(i.Pump_Alcohol) refers to stm32f10x_gpio.o(i.GPIO_ReadInputDataBit) for GPIO_ReadInputDataBit
    main.o(i.Pump_Alcohol) refers to main.o(i.Critical_Problem_Handler) for Critical_Problem_Handler
    main.o(i.Pump_Alcohol) refers to main.o(.data) for Alcohol_Low_Alarm_Cnt
    main.o(i.Pump_Alcohol) refers to main.o(.bss) for System_Status
    main.o(i.Pump_Alcohol) refers to safe_check.o(.data) for Critical_Problem_Handler_Flag
    main.o(i.Start_Fire) refers to voice.o(i.XB_Set_Play) for XB_Set_Play
    main.o(i.Start_Fire) refers to stm32f10x_gpio.o(i.GPIO_ResetBits) for GPIO_ResetBits
[...]
    .constdata                               0x08005630   Section    111528  voice.o(.constdata)
    Voice_Tab_ENG_LEN                        0x08013a30   Data          20  voice.o(.constdata)
    CHN_IF                                   0x08013a44   Data       14208  voice.o(.constdata)
    CHN_II                                   0x080171c4   Data       13184  voice.o(.constdata)
    CHN_LA                                   0x0801a544   Data       16640  voice.o(.constdata)
    CHN_POF                                  0x0801e644   Data        4480  voice.o(.constdata)
    CHN_PON                                  0x0801f7c4   Data        4608  voice.o(.constdata)
    Voice_Tab_CHN_LEN                        0x080209c4   Data          20  voice.o(.constdata)
    .constdata                               0x080209d8   Section        8  _printf_wctomb.o(.constdata)
    initial_mbstate                          0x080209d8   Data           8  _printf_wctomb.o(.constdata)
    .constdata                               0x080209e0   Section       40  _printf_hex_int_ll_ptr.o(.constdata)
    uc_hextab                                0x080209e0   Data          20  _printf_hex_int_ll_ptr.o(.constdata)
    lc_hextab                                0x080209f4   Data          20  _printf_hex_int_ll_ptr.o(.constdata)
    .constdata                               0x08020a08   Section       17  __printf_flags_ss_wp.o(.constdata)
    maptable                                 0x08020a08   Data          17  __printf_flags_ss_wp.o(.constdata)
    .constdata                               0x08020a1c   Section      148  bigflt0.o(.constdata)
    tenpwrs_x                                0x08020a1c   Data          60  bigflt0.o(.constdata)
    tenpwrs_i                                0x08020a58   Data          64  bigflt0.o(.constdata)
    locale$$data                             0x08020ad0   Section      272  lc_ctype_c.o(locale$$data)
    __lcctype_c_name                         0x08020ad4   Data           2  lc_ctype_c.o(locale$$data)
    __lcctype_c_start                        0x08020adc   Data           0  lc_ctype_c.o(locale$$data)
    locale$$data                             0x08020be0   Section       28  lc_numeric_c.o(locale$$data)
    __lcctype_c_end                          0x08020be0   Data           0  lc_ctype_c.o(locale$$data)
    __lcnum_c_name                           0x08020be4   Data           2  lc_numeric_c.o(locale$$data)
    __lcnum_c_start                          0x08020bec   Data           0  lc_numeric_c.o(locale$$data)
    __lcnum_c_point                          0x08020bf8   Data           0  lc_numeric_c.o(locale$$data)
    __lcnum_c_thousands                      0x08020bfa   Data           0  lc_numeric_c.o(locale$$data)
    __lcnum_c_grouping                       0x08020bfb   Data           0  lc_numeric_c.o(locale$$data)
    __lcnum_c_end                            0x08020bfc   Data           0  lc_numeric_c.o(locale$$data)
    .data                                    0x20000000   Section       48  main.o(.data)
    .data                                    0x20000030   Section       26  safe_check.o(.data)
    .data                                    0x2000004a   Section        8  xb_adc.o(.data)
    .data                                    0x20000054   Section        8  xb_delay.o(.data)
    .data                                    0x2000005c   Section       30  xb_wifi.o(.data)
    Cnt                                      0x20000078   Data           1  xb_wifi.o(.data)
    Sum                                      0x20000079   Data           1  xb_wifi.o(.data)
    .data                                    0x2000007c   Section      184  voice.o(.data)
    Voice_Tab_ENG                            0x2000007c   Data          20  voice.o(.data)
    Voice_Tab_CHN                            0x20000090   Data          20  voice.o(.data)
    .data                                    0x20000134   Section       20  stm32f10x_rcc.o(.data)
    APBAHBPrescTable                         0x20000134   Data          16  stm32f10x_rcc.o(.data)
    ADCPrescTable                            0x20000144   Data           4  stm32f10x_rcc.o(.data)
    .bss                                     0x20000148   Section       40  main.o(.bss)
    .bss                                     0x20000170   Section       60  safe_check.o(.bss)
    .bss                                     0x200001ac   Section      180  xb_adc.o(.bss)
    .bss                                     0x20000260   Section      588  xb_wifi.o(.bss)
    DMA_InitStructure                        0x20000480   Data          44  xb_wifi.o(.bss)
    .bss                                     0x200004ac   Section       44  voice.o(.bss)
    .bss                                     0x200004d8   Section       96  libspace.o(.bss)
    HEAP                                     0x20000538   Section      512  startup_stm32f10x_xl.o(HEAP)
    Heap_Mem                                 0x20000538   Data         512  startup_stm32f10x_xl.o(HEAP)
    STACK                                    0x20000738   Section     1024  startup_stm32f10x_xl.o(STACK)
    Stack_Mem                                0x20000738   Data        1024  startup_stm32f10x_xl.o(STACK)
    __initial_sp                             0x20000b38   Data           0  startup_stm32f10x_xl.o(STACK)

    Global Symbols

    Symbol Name                              Value     Ov Type        Size  Object(Section)

    BuildAttributes$$THM_ISAv4$P$D$K$B$S$PE$A:L22UL41UL21$X:L11$S22US41US21$IEEE1$IW$USESV6$~STKCKD$USESV7$~SHL$OTIME$ROPI$IEEEJ$EBA8$UX$STANDARDLIB$REQ8$PRES8$EABIv2 0x00000000   Number         0  anon$$obj.o ABSOLUTE
    __ARM_use_no_argv                        0x00000000   Number         0  main.o ABSOLUTE
    _printf_flags                            0x00000000   Number         0  printf_stubs.o ABSOLUTE
    _printf_return_value                     0x00000000   Number         0  printf_stubs.o ABSOLUTE
    _printf_sizespec                         0x00000000   Number         0  printf_stubs.o ABSOLUTE
    _printf_widthprec                        0x00000000   Number         0  printf_stubs.o ABSOLUTE
    __ARM_exceptions_init                     - Undefined Weak Reference
    __alloca_initialize                       - Undefined Weak Reference
    __arm_preinit_                            - Undefined Weak Reference
    __cpp_initialize__aeabi_                  - Undefined Weak Reference
    __cxa_finalize                            - Undefined Weak Reference
    __sigvec_lookup                           - Undefined Weak Reference
    _atexit_init                              - Undefined Weak Reference
    _call_atexit_fns                          - Undefined Weak Reference
    _clock_init                               - Undefined Weak Reference
    _fp_trap_init                             - Undefined Weak Reference
    _fp_trap_shutdown                         - Undefined Weak Reference
    _get_lc_collate                           - Undefined Weak Reference
    _get_lc_monetary                          - Undefined Weak Reference
    _get_lc_time                              - Undefined Weak Reference
    _getenv_init                              - Undefined Weak Reference
    _handle_redirection                       - Undefined Weak Reference
    _init_alloc                               - Undefined Weak Reference
    _init_user_alloc                          - Undefined Weak Reference
    _initio                                   - Undefined Weak Reference
    _printf_fp_hex                            - Undefined Weak Reference
    _printf_mbtowc                            - Undefined Weak Reference
    _printf_wc                                - Undefined Weak Reference
    _rand_init                                - Undefined Weak Reference
    _signal_finish                            - Undefined Weak Reference
    _signal_init                              - Undefined Weak Reference
    _terminate_alloc                          - Undefined Weak Reference
    _terminate_user_alloc                     - Undefined Weak Reference
    _terminateio                              - Undefined Weak Reference
    __Vectors_Size                           0x00000130   Number         0  startup_stm32f10x_xl.o ABSOLUTE
    __Vectors                                0x08000000   Data           4  startup_stm32f10x_xl.o(RESET)
    __Vectors_End                            0x08000130   Data           0  startup_stm32f10x_xl.o(RESET)
    __main                                   0x08000131   Thumb Code     8  __main.o(!!!main)
    __scatterload                            0x08000139   Thumb Code     0  __scatter.o(!!!scatter)
    __scatterload_rt2                        0x08000139   Thumb Code    44  __scatter.o(!!!scatter)
    __scatterload_rt2_thumb_only             0x08000139   Thumb Code     0  __scatter.o(!!!scatter)
    __scatterload_null                       0x08000147   Thumb Code     0  __scatter.o(!!!scatter)
    __decompress                             0x0800016d   Thumb Code    90  __dczerorl2.o(!!dczerorl2)
    __decompress1                            0x0800016d   Thumb Code     0  __dczerorl2.o(!!dczerorl2)
    __scatterload_zeroinit                   0x080001c9   Thumb Code    28  __scatter_zi.o(!!handler_zi)
    _printf_n                                0x080001e5   Thumb Code     0  _printf_n.o(.ARM.Collect$$_printf_percent$$00000001)
    _printf_percent                          0x080001e5   Thumb Code     0  _printf_percent.o(.ARM.Collect$$_printf_percent$$00000000)
    _printf_p                                0x080001eb   Thumb Code     0  _printf_p.o(.ARM.Collect$$_printf_percent$$00000002)
    _printf_f                                0x080001f1   Thumb Code     0  _printf_f.o(.ARM.Collect$$_printf_percent$$00000003)
    _printf_e                                0x080001f7   Thumb Code     0  _printf_e.o(.ARM.Collect$$_printf_percent$$00000004)
    _printf_g                                0x080001fd   Thumb Code     0  _printf_g.o(.ARM.Collect$$_printf_percent$$00000005)
    _printf_a                                0x08000203   Thumb Code     0  _printf_a.o(.ARM.Collect$$_printf_percent$$00000006)
    _printf_ll                               0x08000209   Thumb Code     0  _printf_ll.o(.ARM.Collect$$_printf_percent$$00000007)
    _printf_i                                0x08000213   Thumb Code     0  _printf_i.o(.ARM.Collect$$_printf_percent$$00000008)
    _printf_d                                0x08000219   Thumb Code     0  _printf_d.o(.ARM.Collect$$_printf_percent$$00000009)
    _printf_u                                0x0800021f   Thumb Code     0  _printf_u.o(.ARM.Collect$$_printf_percent$$0000000A)
    _printf_o                                0x08000225   Thumb Code     0  _printf_o.o(.ARM.Collect$$_printf_percent$$0000000B)
    _printf_x                                0x0800022b   Thumb Code     0  _printf_x.o(.ARM.Collect$$_printf_percent$$0000000C)
    _printf_lli                              0x08000231   Thumb Code     0  _printf_lli.o(.ARM.Collect$$_printf_percent$$0000000D)
    _printf_lld                              0x08000237   Thumb Code     0  _printf_lld.o(.ARM.Collect$$_printf_percent$$0000000E)
    _printf_llu                              0x0800023d   Thumb Code     0  _printf_llu.o(.ARM.Collect$$_printf_percent$$0000000F)
    _printf_llo                              0x08000243   Thumb Code     0  _printf_llo.o(.ARM.Collect$$_printf_percent$$00000010)
    _printf_llx                              0x08000249   Thumb Code     0  _printf_llx.o(.ARM.Collect$$_printf_percent$$00000011)
    _printf_l                                0x0800024f   Thumb Code     0  _printf_l.o(.ARM.Collect$$_printf_percent$$00000012)
    _printf_c                                0x08000259   Thumb Code     0  _printf_c.o(.ARM.Collect$$_printf_percent$$00000013)
    _printf_s                                0x0800025f   Thumb Code     0  _printf_s.o(.ARM.Collect$$_printf_percent$$00000014)
    _printf_lc                               0x08000265   Thumb Code     0  _printf_lc.o(.ARM.Collect$$_printf_percent$$00000015)
    _printf_ls                               0x0800026b   Thumb Code     0  _printf_ls.o(.ARM.Collect$$_printf_percent$$00000016)
    _printf_percent_end                      0x08000271   Thumb Code     0  _printf_percent_end.o(.ARM.Collect$$_printf_percent$$00000017)
    __rt_lib_init                            0x08000275   Thumb Code     0  libinit.o(.ARM.Collect$$libinit$$00000000)
    __rt_lib_init_fp_1                       0x08000277   Thumb Code     0  libinit2.o(.ARM.Collect$$libinit$$00000002)
    __rt_lib_init_heap_1                     0x08000277   Thumb Code     0  libinit2.o(.ARM.Collect$$libinit$$0000000A)
    __rt_lib_init_lc_common                  0x08000277   Thumb Code     0  libinit2.o(.ARM.Collect$$libinit$$0000000F)
    __rt_lib_init_preinit_1                  0x08000277   Thumb Code     0  libinit2.o(.ARM.Collect$$libinit$$00000004)
    __rt_lib_init_rand_1                     0x08000277   Thumb Code     0  libinit2.o(.ARM.Collect$$libinit$$0000000E)
    __rt_lib_init_user_alloc_1               0x08000277   Thumb Code     0  libinit2.o(.ARM.Collect$$libinit$$0000000C)
    __rt_lib_init_lc_collate_1               0x0800027d   Thumb Code     0  libinit2.o(.ARM.Collect$$libinit$$00000011)
    __rt_lib_init_lc_ctype_2                 0x0800027d   Thumb Code     0  libinit2.o(.ARM.Collect$$libinit$$00000012)
    __rt_lib_init_lc_ctype_1                 0x08000289   Thumb Code     0  libinit2.o(.ARM.Collect$$libinit$$00000013)
    __rt_lib_init_lc_monetary_1              0x08000289   Thumb Code     0  libinit2.o(.ARM.Collect$$libinit$$00000015)
    __rt_lib_init_lc_numeric_2               0x08000289   Thumb Code     0  libinit2.o(.ARM.Collect$$libinit$$00000016)
    __rt_lib_init_alloca_1                   0x08000293   Thumb Code     0  libinit2.o(.ARM.Collect$$libinit$$0000002E)
    __rt_lib_init_argv_1                     0x08000293   Thumb Code     0  libinit2.o(.ARM.Collect$$libinit$$0000002C)
    __rt_lib_init_atexit_1                   0x08000293   Thumb Code     0  libinit2.o(.ARM.Collect$$libinit$$0000001B)
    __rt_lib_init_clock_1                    0x08000293   Thumb Code     0  libinit2.o(.ARM.Collect$$libinit$$00000021)
    __rt_lib_init_cpp_1                      0x08000293   Thumb Code     0  libinit2.o(.ARM.Collect$$libinit$$00000032)
    __rt_lib_init_exceptions_1               0x08000293   Thumb Code     0  libinit2.o(.ARM.Collect$$libinit$$00000030)
    __rt_lib_init_fp_trap_1                  0x08000293   Thumb Code     0  libinit2.o(.ARM.Collect$$libinit$$0000001F)
    __rt_lib_init_getenv_1                   0x08000293   Thumb Code     0  libinit2.o(.ARM.Collect$$libinit$$00000023)
    __rt_lib_init_lc_numeric_1               0x08000293   Thumb Code     0  libinit2.o(.ARM.Collect$$libinit$$00000017)
    __rt_lib_init_lc_time_1                  0x08000293   Thumb Code     0  libinit2.o(.ARM.Collect$$libinit$$00000019)
    __rt_lib_init_return                     0x08000293   Thumb Code     0  libinit2.o(.ARM.Collect$$libinit$$00000033)
    __rt_lib_init_signal_1                   0x08000293   Thumb Code     0  libinit2.o(.ARM.Collect$$libinit$$0000001D)
    __rt_lib_init_stdio_1                    0x08000293   Thumb Code     0  libinit2.o(.ARM.Collect$$libinit$$00000025)
    __rt_lib_shutdown                        0x08000295   Thumb Code     0  libshutdown.o(.ARM.Collect$$libshutdown$$00000000)
    __rt_lib_shutdown_cpp_1                  0x08000297   Thumb Code     0  libshutdown2.o(.ARM.Collect$$libshutdown$$00000002)
    __rt_lib_shutdown_fp_trap_1              0x08000297   Thumb Code     0  libshutdown2.o(.ARM.Collect$$libshutdown$$00000007)
    __rt_lib_shutdown_heap_1                 0x08000297   Thumb Code     0  libshutdown2.o(.ARM.Collect$$libshutdown$$0000000F)
    __rt_lib_shutdown_return                 0x08000297   Thumb Code     0  libshutdown2.o(.ARM.Collect$$libshutdown$$00000010)
    __rt_lib_shutdown_signal_1               0x08000297   Thumb Code     0  libshutdown2.o(.ARM.Collect$$libshutdown$$0000000A)
    __rt_lib_shutdown_stdio_1                0x08000297   Thumb Code     0  libshutdown2.o(.ARM.Collect$$libshutdown$$00000004)
    __rt_lib_shutdown_user_alloc_1           0x08000297   Thumb Code     0  libshutdown2.o(.ARM.Collect$$libshutdown$$0000000C)
    __rt_entry                               0x08000299   Thumb Code     0  __rtentry.o(.ARM.Collect$$rtentry$$00000000)
    __rt_entry_presh_1                       0x08000299   Thumb Code     0  __rtentry2.o(.ARM.Collect$$rtentry$$00000002)
    __rt_entry_sh                            0x08000299   Thumb Code     0  __rtentry4.o(.ARM.Collect$$rtentry$$00000004)
    __rt_entry_li                            0x0800029f   Thumb Code     0  __rtentry2.o(.ARM.Collect$$rtentry$$0000000A)
    __rt_entry_postsh_1                      0x0800029f   Thumb Code     0  __rtentry2.o(.ARM.Collect$$rtentry$$00000009)
    __rt_entry_main                          0x080002a3   Thumb Code     0  __rtentry2.o(.ARM.Collect$$rtentry$$0000000D)
    __rt_entry_postli_1                      0x080002a3   Thumb Code     0  __rtentry2.o(.ARM.Collect$$rtentry$$0000000C)
    __rt_exit                                0x080002ab   Thumb Code     0  rtexit.o(.ARM.Collect$$rtexit$$00000000)
    __rt_exit_ls                             0x080002ad   Thumb Code     0  rtexit2.o(.ARM.Collect$$rtexit$$00000003)
    __rt_exit_prels_1                        0x080002ad   Thumb Code     0  rtexit2.o(.ARM.Collect$$rtexit$$00000002)
    __rt_exit_exit                           0x080002b1   Thumb Code     0  rtexit2.o(.ARM.Collect$$rtexit$$00000004)
    Reset_Handler                            0x080002b9   Thumb Code     8  startup_stm32f10x_xl.o(.text)
    NMI_Handler                              0x080002c1   Thumb Code     2  startup_stm32f10x_xl.o(.text)
    HardFault_Handler                        0x080002c3   Thumb Code     2  startup_stm32f10x_xl.o(.text)
    MemManage_Handler                        0x080002c5   Thumb Code     2  startup_stm32f10x_xl.o(.text)
    BusFault_Handler                         0x080002c7   Thumb Code     2  startup_stm32f10x_xl.o(.text)
    UsageFault_Handler                       0x080002c9   Thumb Code     2  startup_stm32f10x_xl.o(.text)
    SVC_Handler                              0x080002cb   Thumb Code     2  startup_stm32f10x_xl.o(.text)
    DebugMon_Handler                         0x080002cd   Thumb Code     2  startup_stm32f10x_xl.o(.text)
    PendSV_Handler                           0x080002cf   Thumb Code     2  startup_stm32f10x_xl.o(.text)
    ADC1_2_IRQHandler                        0x080002d3   Thumb Code     0  startup_stm32f10x_xl.o(.text)
    ADC3_IRQHandler                          0x080002d3   Thumb Code     0  startup_stm32f10x_xl.o(.text)
    CAN1_RX1_IRQHandler                      0x080002d3   Thumb Code     0  startup_stm32f10x_xl.o(.text)
    CAN1_SCE_IRQHandler                      0x080002d3   Thumb Code     0  startup_stm32f10x_xl.o(.text)
    DMA1_Channel1_IRQHandler                 0x080002d3   Thumb Code     0  startup_stm32f10x_xl.o(.text)
    DMA1_Channel2_IRQHandler                 0x080002d3   Thumb Code     0  startup_stm32f10x_xl.o(.text)
    DMA1_Channel3_IRQHandler                 0x080002d3   Thumb Code     0  startup_stm32f10x_xl.o(.text)
    DMA1_Channel4_IRQHandler                 0x080002d3   Thumb Code     0  startup_stm32f10x_xl.o(.text)
    DMA1_Channel5_IRQHandler                 0x080002d3   Thumb Code     0  startup_stm32f10x_xl.o(.text)
    DMA1_Channel6_IRQHandler                 0x080002d3   Thumb Code     0  startup_stm32f10x_xl.o(.text)
    DMA1_Channel7_IRQHandler                 0x080002d3   Thumb Code     0  startup_stm32f10x_xl.o(.text)
    DMA2_Channel1_IRQHandler                 0x080002d3   Thumb Code     0  startup_stm32f10x_xl.o(.text)
    DMA2_Channel2_IRQHandler                 0x080002d3   Thumb Code     0  startup_stm32f10x_xl.o(.text)
    DMA2_Channel4_5_IRQHandler               0x080002d3   Thumb Code     0  startup_stm32f10x_xl.o(.text)
    EXTI0_IRQHandler                         0x080002d3   Thumb Code     0  startup_stm32f10x_xl.o(.text)
    EXTI15_10_IRQHandler                     0x080002d3   Thumb Code     0  startup_stm32f10x_xl.o(.text)
    EXTI1_IRQHandler                         0x080002d3   Thumb Code     0  startup_stm32f10x_xl.o(.text)
    EXTI2_IRQHandler                         0x080002d3   Thumb Code     0  startup_stm32f10x_xl.o(.text)
    EXTI3_IRQHandler                         0x080002d3   Thumb Code     0  startup_stm32f10x_xl.o(.text)
    EXTI4_IRQHandler                         0x080002d3   Thumb Code     0  startup_stm32f10x_xl.o(.text)
    EXTI9_5_IRQHandler                       0x080002d3   Thumb Code     0  startup_stm32f10x_xl.o(.text)
    FLASH_IRQHandler                         0x080002d3   Thumb Code     0  startup_stm32f10x_xl.o(.text)
    FSMC_IRQHandler                          0x080002d3   Thumb Code     0  startup_stm32f10x_xl.o(.text)
    I2C1_ER_IRQHandler                       0x080002d3   Thumb Code     0  startup_stm32f10x_xl.o(.text)
    I2C1_EV_IRQHandler                       0x080002d3   Thumb Code     0  startup_stm32f10x_xl.o(.text)
    I2C2_ER_IRQHandler                       0x080002d3   Thumb Code     0  startup_stm32f10x_xl.o(.text)
    I2C2_EV_IRQHandler                       0x080002d3   Thumb Code     0  startup_stm32f10x_xl.o(.text)
    PVD_IRQHandler                           0x080002d3   Thumb Code     0  startup_stm32f10x_xl.o(.text)
    RCC_IRQHandler                           0x080002d3   Thumb Code     0  startup_stm32f10x_xl.o(.text)
    RTCAlarm_IRQHandler                      0x080002d3   Thumb Code     0  startup_stm32f10x_xl.o(.text)
    RTC_IRQHandler                           0x080002d3   Thumb Code     0  startup_stm32f10x_xl.o(.text)
    SDIO_IRQHandler                          0x080002d3   Thumb Code     0  startup_stm32f10x_xl.o(.text)
    SPI1_IRQHandler                          0x080002d3   Thumb Code     0  startup_stm32f10x_xl.o(.text)
    SPI2_IRQHandler                          0x080002d3   Thumb Code     0  startup_stm32f10x_xl.o(.text)
    SPI3_IRQHandler                          0x080002d3   Thumb Code     0  startup_stm32f10x_xl.o(.text)
    TAMPER_IRQHandler                        0x080002d3   Thumb Code     0  startup_stm32f10x_xl.o(.text)
    TIM1_BRK_TIM9_IRQHandler                 0x080002d3   Thumb Code     0  startup_stm32f10x_xl.o(.text)
    TIM1_CC_IRQHandler                       0x080002d3   Thumb Code     0  startup_stm32f10x_xl.o(.text)
    TIM1_TRG_COM_TIM11_IRQHandler            0x080002d3   Thumb Code     0  startup_stm32f10x_xl.o(.text)
    TIM1_UP_TIM10_IRQHandler                 0x080002d3   Thumb Code     0  startup_stm32f10x_xl.o(.text)
    TIM2_IRQHandler                          0x080002d3   Thumb Code     0  startup_stm32f10x_xl.o(.text)
    TIM3_IRQHandler                          0x080002d3   Thumb Code     0  startup_stm32f10x_xl.o(.text)
    TIM5_IRQHandler                          0x080002d3   Thumb Code     0  startup_stm32f10x_xl.o(.text)
    TIM8_BRK_TIM12_IRQHandler                0x080002d3   Thumb Code     0  startup_stm32f10x_xl.o(.text)
    TIM8_CC_IRQHandler                       0x080002d3   Thumb Code     0  startup_stm32f10x_xl.o(.text)
    TIM8_TRG_COM_TIM14_IRQHandler            0x080002d3   Thumb Code     0  startup_stm32f10x_xl.o(.text)
    TIM8_UP_TIM13_IRQHandler                 0x080002d3   Thumb Code     0  startup_stm32f10x_xl.o(.text)
    UART4_IRQHandler                         0x080002d3   Thumb Code     0  startup_stm32f10x_xl.o(.text)
    UART5_IRQHandler                         0x080002d3   Thumb Code     0  startup_stm32f10x_xl.o(.text)
    USART1_IRQHandler                        0x080002d3   Thumb Code     0  startup_stm32f10x_xl.o(.text)
    USART2_IRQHandler                        0x080002d3   Thumb Code     0  startup_stm32f10x_xl.o(.text)
    USBWakeUp_IRQHandler                     0x080002d3   Thumb Code     0  startup_stm32f10x_xl.o(.text)
    USB_HP_CAN1_TX_IRQHandler                0x080002d3   Thumb Code     0  startup_stm32f10x_xl.o(.text)
    USB_LP_CAN1_RX0_IRQHandler               0x080002d3   Thumb Code     0  startup_stm32f10x_xl.o(.text)
    WWDG_IRQHandler                          0x080002d3   Thumb Code     0  startup_stm32f10x_xl.o(.text)
    __user_initial_stackheap                 0x080002d5   Thumb Code     0  startup_stm32f10x_xl.o(.text)
    __c89vsprintf                            0x080002f9   Thumb Code    32  c89vsprintf.o(.text)
    atoi                                     0x0800031d   Thumb Code    26  atoi.o(.text)
    strlen                                   0x08000337   Thumb Code    62  strlen.o(.text)
    strncmp                                  0x08000375   Thumb Code   150  strncmp.o(.text)
    strcmp                                   0x0800040d   Thumb Code   128  strcmpv7m.o(.text)
    __use_two_region_memory                  0x0800048d   Thumb Code     2  heapauxi.o(.text)
    __rt_heap_escrow$2region                 0x0800048f   Thumb Code     2  heapauxi.o(.text)
    __rt_heap_expand$2region                 0x08000491   Thumb Code     2  heapauxi.o(.text)
    __aeabi_errno_addr                       0x08000495   Thumb Code     8  rt_errno_addr_intlibspace.o(.text)
    __errno$intlibspace                      0x08000495   Thumb Code     0  rt_errno_addr_intlibspace.o(.text)
    __rt_errno_addr$intlibspace              0x08000495   Thumb Code     0  rt_errno_addr_intlibspace.o(.text)
    __read_errno                             0x0800049d   Thumb Code    10  _rserrno.o(.text)
    __set_errno                              0x080004a7   Thumb Code    12  _rserrno.o(.text)
    _printf_pre_padding                      0x080004b3   Thumb Code    44  _printf_pad.o(.text)
    _printf_post_padding                     0x080004df   Thumb Code    34  _printf_pad.o(.text)
    _printf_truncate_signed                  0x08000501   Thumb Code    18  _printf_truncate.o(.text)
    _printf_truncate_unsigned                0x08000513   Thumb Code    18  _printf_truncate.o(.text)
    _printf_str                              0x08000525   Thumb Code    82  _printf_str.o(.text)
    _printf_int_dec                          0x08000579   Thumb Code   104  _printf_dec.o(.text)
    _printf_charcount                        0x080005f1   Thumb Code    40  _printf_charcount.o(.text)
    _printf_char_common                      0x08000623   Thumb Code    32  _printf_char_common.o(.text)
    _sputc                                   0x08000649   Thumb Code    10  _sputc.o(.text)
    _printf_wctomb                           0x08000655   Thumb Code   182  _printf_wctomb.o(.text)
    _printf_longlong_dec                     0x08000711   Thumb Code   108  _printf_longlong_dec.o(.text)
    _printf_longlong_oct                     0x0800078d   Thumb Code    66  _printf_oct_int_ll.o(.text)
    _printf_int_oct                          0x080007cf   Thumb Code    24  _printf_oct_int_ll.o(.text)
    _printf_ll_oct                           0x080007e7   Thumb Code    12  _printf_oct_int_ll.o(.text)
    _printf_longlong_hex                     0x080007fd   Thumb Code    86  _printf_hex_int_ll_ptr.o(.text)
    _printf_int_hex                          0x08000853   Thumb Code    28  _printf_hex_int_ll_ptr.o(.text)
    _printf_ll_hex                           0x0800086f   Thumb Code    12  _printf_hex_int_ll_ptr.o(.text)
    _printf_hex_ptr                          0x0800087b   Thumb Code    18  _printf_hex_int_ll_ptr.o(.text)
    __printf                                 0x08000891   Thumb Code   388  __printf_flags_ss_wp.o(.text)
    strtol                                   0x08000a19   Thumb Code   112  strtol.o(.text)
    __user_libspace                          0x08000a89   Thumb Code     8  libspace.o(.text)
    __user_perproc_libspace                  0x08000a89   Thumb Code     0  libspace.o(.text)
    __user_perthread_libspace                0x08000a89   Thumb Code     0  libspace.o(.text)
    __rt_ctype_table                         0x08000a91   Thumb Code    16  rt_ctype_table.o(.text)
    _ll_udiv10                               0x08000aa1   Thumb Code   138  lludiv10.o(.text)
    _printf_int_common                       0x08000b2b   Thumb Code   178  _printf_intcommon.o(.text)
    __lib_sel_fp_printf                      0x08000bdd   Thumb Code     2  _printf_fp_dec.o(.text)
    _printf_fp_dec_real                      0x08000d8b   Thumb Code   620  _printf_fp_dec.o(.text)
    _printf_cs_common                        0x08000ff7   Thumb Code    20  _printf_char.o(.text)
    _printf_char                             0x0800100b   Thumb Code    16  _printf_char.o(.text)
    _printf_string                           0x0800101b   Thumb Code     8  _printf_char.o(.text)
    _printf_lcs_common                       0x08001023   Thumb Code    20  _printf_wchar.o(.text)
    _printf_wchar                            0x08001037   Thumb Code    16  _printf_wchar.o(.text)
    _printf_wstring                          0x08001047   Thumb Code     8  _printf_wchar.o(.text)
    _strtoul                                 0x0800104f   Thumb Code   158  _strtoul.o(.text)
    _wcrtomb                                 0x080010ed   Thumb Code    64  _wcrtomb.o(.text)
    __user_setup_stackheap                   0x0800112d   Thumb Code    74  sys_stackheap_outer.o(.text)
    __rt_locale                              0x08001179   Thumb Code     8  rt_locale_intlibspace.o(.text)
    _printf_fp_infnan                        0x08001181   Thumb Code   112  _printf_fp_infnan.o(.text)
    _chval                                   0x08001201   Thumb Code    28  _chval.o(.text)
    _btod_etento                             0x0800121d   Thumb Code   216  bigflt0.o(.text)
    exit                                     0x080012f9   Thumb Code    18  exit.o(.text)
    _sys_exit                                0x0800130d   Thumb Code     8  sys_exit.o(.text)
    __I$use$semihosting                      0x08001319   Thumb Code     0  use_no_semi.o(.text)
    __use_no_semihosting_swi                 0x08001319   Thumb Code     2  use_no_semi.o(.text)
    __semihosting_library_function           0x0800131b   Thumb Code     0  indicate_semi.o(.text)
    _btod_d2e                                0x0800131b   Thumb Code    62  btod.o(CL$$btod_d2e)
    _d2e_denorm_low                          0x08001359   Thumb Code    70  btod.o(CL$$btod_d2e_denorm_low)
    _d2e_norm_op1                            0x0800139f   Thumb Code    96  btod.o(CL$$btod_d2e_norm_op1)
    __btod_div_common                        0x080013ff   Thumb Code   696  btod.o(CL$$btod_div_common)
    _e2e                                     0x08001737   Thumb Code   198  btod.o(CL$$btod_e2e)
    _btod_ediv                               0x080017fd   Thumb Code    40  btod.o(CL$$btod_ediv)
    _btod_emul                               0x08001825   Thumb Code    40  btod.o(CL$$btod_emul)
    __btod_mult_common                       0x0800184d   Thumb Code   580  btod.o(CL$$btod_mult_common)
    ADC_Cmd                                  0x08001a91   Thumb Code    22  stm32f10x_adc.o(i.ADC_Cmd)
    ADC_DMACmd                               0x08001aa7   Thumb Code    22  stm32f10x_adc.o(i.ADC_DMACmd)
    ADC_GPIO_Config                          0x08001abd   Thumb Code    32  xb_adc.o(i.ADC_GPIO_Config)
    ADC_GetCalibrationStatus                 0x08001ae1   Thumb Code    20  stm32f10x_adc.o(i.ADC_GetCalibrationStatus)
    ADC_GetResetCalibrationStatus            0x08001af5   Thumb Code    20  stm32f10x_adc.o(i.ADC_GetResetCalibrationStatus)
    ADC_Init                                 0x08001b09   Thumb Code    70  stm32f10x_adc.o(i.ADC_Init)
    ADC_Mode_Config                          0x08001b59   Thumb Code   246  xb_adc.o(i.ADC_Mode_Config)
    ADC_RegularChannelConfig                 0x08001c5d   Thumb Code   184  stm32f10x_adc.o(i.ADC_RegularChannelConfig)
    ADC_ResetCalibration                     0x08001d15   Thumb Code    10  stm32f10x_adc.o(i.ADC_ResetCalibration)
    ADC_SoftwareStartConvCmd                 0x08001d1f   Thumb Code    22  stm32f10x_adc.o(i.ADC_SoftwareStartConvCmd)
    ADC_StartCalibration                     0x08001d35   Thumb Code    10  stm32f10x_adc.o(i.ADC_StartCalibration)
    Acc_Adjust                               0x08001d41   Thumb Code   216  safe_check.o(i.Acc_Adjust)
    Acc_Check                                0x08001e29   Thumb Code   316  safe_check.o(i.Acc_Check)
    Ack                                      0x08001f8d   Thumb Code    50  xb_mma845x.o(i.Ack)
    Alcohol_Concentration_Check              0x08001fc5   Thumb Code    18  safe_check.o(i.Alcohol_Concentration_Check)
    ArtFire_Init                             0x08001fdd   Thumb Code   520  main.o(i.ArtFire_Init)
    Critical_Problem_Handler                 0x08002209   Thumb Code   128  main.o(i.Critical_Problem_Handler)
    DAC_Cmd                                  0x0800229d   Thumb Code    34  stm32f10x_dac.o(i.DAC_Cmd)
    DAC_DMACmd                               0x080022c5   Thumb Code    38  stm32f10x_dac.o(i.DAC_DMACmd)
    DAC_Init                                 0x080022f1   Thumb Code    46  stm32f10x_dac.o(i.DAC_Init)
    DMA2_Channel3_IRQHandler                 0x08002325   Thumb Code    34  voice.o(i.DMA2_Channel3_IRQHandler)
    DMA_ClearITPendingBit                    0x08002355   Thumb Code    18  stm32f10x_dma.o(i.DMA_ClearITPendingBit)
    DMA_Cmd                                  0x08002371   Thumb Code    24  stm32f10x_dma.o(i.DMA_Cmd)
    DMA_DeInit                               0x08002389   Thumb Code   324  stm32f10x_dma.o(i.DMA_DeInit)
    DMA_GetCurrDataCounter                   0x080024d5   Thumb Code     8  stm32f10x_dma.o(i.DMA_GetCurrDataCounter)
    DMA_GetITStatus                          0x080024dd   Thumb Code    36  stm32f10x_dma.o(i.DMA_GetITStatus)
    DMA_ITConfig                             0x08002509   Thumb Code    18  stm32f10x_dma.o(i.DMA_ITConfig)
    DMA_Init                                 0x0800251b   Thumb Code    60  stm32f10x_dma.o(i.DMA_Init)
    DMA_SetCurrDataCounter                   0x08002557   Thumb Code     4  stm32f10x_dma.o(i.DMA_SetCurrDataCounter)
    Debug_USART_Init                         0x0800255d   Thumb Code   136  main.o(i.Debug_USART_Init)
    Debug_USART_Send_Char                    0x080025ed   Thumb Code    28  main.o(i.Debug_USART_Send_Char)
    Delay_10us                               0x0800260d   Thumb Code    16  xb_mma845x.o(i.Delay_10us)
    Delay_ms                                 0x0800261d   Thumb Code    16  xb_delay.o(i.Delay_ms)
    EEPROM_24C0x_Delay                       0x08002631   Thumb Code    16  xb_eeprom_24c0x.o(i.EEPROM_24C0x_Delay)
    EEPROM_24C0x_End                         0x08002641   Thumb Code    42  xb_eeprom_24c0x.o(i.EEPROM_24C0x_End)
    EEPROM_24C0x_Low_Init                    0x08002675   Thumb Code    60  xb_eeprom_24c0x.o(i.EEPROM_24C0x_Low_Init)
    EEPROM_24C0x_No_ACK                      0x080026b9   Thumb Code    50  xb_eeprom_24c0x.o(i.EEPROM_24C0x_No_ACK)
    EEPROM_24C0x_Read                        0x080026f5   Thumb Code    78  xb_eeprom_24c0x.o(i.EEPROM_24C0x_Read)
    EEPROM_24C0x_Read_Byte                   0x08002745   Thumb Code    76  xb_eeprom_24c0x.o(i.EEPROM_24C0x_Read_Byte)
    EEPROM_24C0x_SDA_Mode                    0x08002799   Thumb Code    70  xb_eeprom_24c0x.o(i.EEPROM_24C0x_SDA_Mode)
    EEPROM_24C0x_Start                       0x080027e5   Thumb Code    50  xb_eeprom_24c0x.o(i.EEPROM_24C0x_Start)
    EEPROM_24C0x_Wait_ACK                    0x08002821   Thumb Code    62  xb_eeprom_24c0x.o(i.EEPROM_24C0x_Wait_ACK)
    EEPROM_24C0x_Write                       0x08002869   Thumb Code    66  xb_eeprom_24c0x.o(i.EEPROM_24C0x_Write)
    EEPROM_24C0x_Write_Byte                  0x080028ad   Thumb Code    92  xb_eeprom_24c0x.o(i.EEPROM_24C0x_Write_Byte)
    Fire_Detect                              0x08002911   Thumb Code    42  safe_check.o(i.Fire_Detect)
    GPIO_Init                                0x08002941   Thumb Code   278  stm32f10x_gpio.o(i.GPIO_Init)
    GPIO_PinRemapConfig                      0x08002a59   Thumb Code   138  stm32f10x_gpio.o(i.GPIO_PinRemapConfig)
    GPIO_ReadInputDataBit                    0x08002ae9   Thumb Code    18  stm32f10x_gpio.o(i.GPIO_ReadInputDataBit)
    GPIO_ResetBits                           0x08002afb   Thumb Code     4  stm32f10x_gpio.o(i.GPIO_ResetBits)
    GPIO_SetBits                             0x08002aff   Thumb Code     4  stm32f10x_gpio.o(i.GPIO_SetBits)
    Get_Remote_Action                        0x08002b05   Thumb Code   186  main.o(i.Get_Remote_Action)
    Get_System_Setting                       0x08002bd1   Thumb Code   266  main.o(i.Get_System_Setting)
    MMA845x_End                              0x08002ced   Thumb Code    46  xb_mma845x.o(i.MMA845x_End)
    MMA845x_Init                             0x08002d21   Thumb Code   100  xb_mma845x.o(i.MMA845x_Init)
    MMA845x_Read_ACC_Buf                     0x08002d8d   Thumb Code   130  xb_mma845x.o(i.MMA845x_Read_ACC_Buf)
    MMA845x_Read_Byte                        0x08002e11   Thumb Code    86  xb_mma845x.o(i.MMA845x_Read_Byte)
    MMA845x_SDA_Type                         0x08002e6d   Thumb Code    74  xb_mma845x.o(i.MMA845x_SDA_Type)
    MMA845x_Start                            0x08002ebd   Thumb Code    46  xb_mma845x.o(i.MMA845x_Start)
    MMA845x_Write_Byte                       0x08002ef1   Thumb Code   100  xb_mma845x.o(i.MMA845x_Write_Byte)
    MMA845x_Write_Reg                        0x08002f59   Thumb Code    66  xb_mma845x.o(i.MMA845x_Write_Reg)
    NVIC_Init                                0x08002f9d   Thumb Code   100  misc.o(i.NVIC_Init)
    NVIC_PriorityGroupConfig                 0x0800300d   Thumb Code    10  misc.o(i.NVIC_PriorityGroupConfig)
    No_Ack                                   0x08003021   Thumb Code    50  xb_mma845x.o(i.No_Ack)
    Pump_Alcohol                             0x08003059   Thumb Code   238  main.o(i.Pump_Alcohol)
    RCC_AHBPeriphClockCmd                    0x0800315d   Thumb Code    26  stm32f10x_rcc.o(i.RCC_AHBPeriphClockCmd)
    RCC_APB1PeriphClockCmd                   0x0800317d   Thumb Code    26  stm32f10x_rcc.o(i.RCC_APB1PeriphClockCmd)
    RCC_APB2PeriphClockCmd                   0x0800319d   Thumb Code    26  stm32f10x_rcc.o(i.RCC_APB2PeriphClockCmd)
    RCC_GetClocksFreq                        0x080031bd   Thumb Code   192  stm32f10x_rcc.o(i.RCC_GetClocksFreq)
    Rx_Data_Hanndle                          0x08003291   Thumb Code   458  xb_wifi.o(i.Rx_Data_Hanndle)
    Safe_Check                               0x08003491   Thumb Code   476  safe_check.o(i.Safe_Check)
    Safe_Check_Init                          0x08003685   Thumb Code   228  safe_check.o(i.Safe_Check_Init)
    Start_Fire                               0x0800385d   Thumb Code   630  main.o(i.Start_Fire)
    SysTick_Configuration                    0x08003b05   Thumb Code    24  xb_delay.o(i.SysTick_Configuration)
    SysTick_Handler                          0x08003b21   Thumb Code   142  xb_delay.o(i.SysTick_Handler)
    SystemInit                               0x08003bd5   Thumb Code    78  system_stm32f10x.o(i.SystemInit)
    TIM4_IRQHandler                          0x08003c35   Thumb Code   434  xb_wifi.o(i.TIM4_IRQHandler)
    TIM6_IRQHandler                          0x08003e21   Thumb Code    64  safe_check.o(i.TIM6_IRQHandler)
    TIM7_IRQHandler                          0x08003e6d   Thumb Code    26  safe_check.o(i.TIM7_IRQHandler)
    TIM_ClearITPendingBit                    0x08003e8d   Thumb Code     6  stm32f10x_tim.o(i.TIM_ClearITPendingBit)
    TIM_Cmd                                  0x08003e93   Thumb Code    24  stm32f10x_tim.o(i.TIM_Cmd)
    TIM_GetITStatus                          0x08003eab   Thumb Code    34  stm32f10x_tim.o(i.TIM_GetITStatus)
    TIM_ITConfig                             0x08003ecd   Thumb Code    18  stm32f10x_tim.o(i.TIM_ITConfig)
    TIM_PrescalerConfig                      0x08003edf   Thumb Code     6  stm32f10x_tim.o(i.TIM_PrescalerConfig)
    TIM_SelectOutputTrigger                  0x08003ee5   Thumb Code    18  stm32f10x_tim.o(i.TIM_SelectOutputTrigger)
    TIM_SetAutoreload                        0x08003ef7   Thumb Code     4  stm32f10x_tim.o(i.TIM_SetAutoreload)
    TIM_TimeBaseInit                         0x08003efd   Thumb Code   122  stm32f10x_tim.o(i.TIM_TimeBaseInit)
    Temperture_Check                         0x08003fa1   Thumb Code    82  safe_check.o(i.Temperture_Check)
    USART3_IRQHandler                        0x08003ff9   Thumb Code    84  xb_wifi.o(i.USART3_IRQHandler)
    USART_Cmd                                0x0800405d   Thumb Code    24  stm32f10x_usart.o(i.USART_Cmd)
    USART_DMACmd                             0x08004075   Thumb Code    18  stm32f10x_usart.o(i.USART_DMACmd)
    USART_GetFlagStatus                      0x08004087   Thumb Code    26  stm32f10x_usart.o(i.USART_GetFlagStatus)
    USART_GetITStatus                        0x080040a1   Thumb Code    84  stm32f10x_usart.o(i.USART_GetITStatus)
    USART_ITConfig                           0x080040f5   Thumb Code    74  stm32f10x_usart.o(i.USART_ITConfig)
    USART_Init                               0x08004141   Thumb Code   210  stm32f10x_usart.o(i.USART_Init)
    USART_SendData                           0x08004219   Thumb Code     8  stm32f10x_usart.o(i.USART_SendData)
    WWDG_Enable                              0x08004221   Thumb Code    10  stm32f10x_wwdg.o(i.WWDG_Enable)
    WWDG_SetCounter                          0x08004231   Thumb Code    10  stm32f10x_wwdg.o(i.WWDG_SetCounter)
    WWDG_SetPrescaler                        0x08004241   Thumb Code    18  stm32f10x_wwdg.o(i.WWDG_SetPrescaler)
    WWDG_SetWindowValue                      0x08004259   Thumb Code    34  stm32f10x_wwdg.o(i.WWDG_SetWindowValue)
    Wait_Ack                                 0x08004281   Thumb Code    66  xb_mma845x.o(i.Wait_Ack)
    Wait_For_Signal                          0x080042c9   Thumb Code    72  xb_wifi.o(i.Wait_For_Signal)
    XB_18B20_Delay_10us                      0x08004319   Thumb Code    28  xb_18b20.o(i.XB_18B20_Delay_10us)
    XB_18B20_Get_Temperture                  0x08004335   Thumb Code    54  xb_18b20.o(i.XB_18B20_Get_Temperture)
    XB_18B20_IO_Mode                         0x0800436d   Thumb Code    74  xb_18b20.o(i.XB_18B20_IO_Mode)
    XB_18B20_Init                            0x080043bd   Thumb Code    54  xb_18b20.o(i.XB_18B20_Init)
    XB_18B20_Low_Init                        0x080043f3   Thumb Code    10  xb_18b20.o(i.XB_18B20_Low_Init)
    XB_18B20_Math_Temperture                 0x080043fd   Thumb Code    82  xb_18b20.o(i.XB_18B20_Math_Temperture)
    XB_18B20_Read_Byte                       0x08004459   Thumb Code    68  xb_18b20.o(i.XB_18B20_Read_Byte)
    XB_18B20_Reset                           0x080044a1   Thumb Code   116  xb_18b20.o(i.XB_18B20_Reset)
    XB_18B20_Start_Convert                   0x08004519   Thumb Code    20  xb_18b20.o(i.XB_18B20_Start_Convert)
    XB_18B20_Write_Byte                      0x0800452d   Thumb Code    90  xb_18b20.o(i.XB_18B20_Write_Byte)
    XB_ADC_Filter                            0x0800458d   Thumb Code    62  xb_adc.o(i.XB_ADC_Filter)
    XB_ADC_Init                              0x080045d5   Thumb Code    12  xb_adc.o(i.XB_ADC_Init)
    XB_Alcohol_AP_Send_Data                  0x080045e1   Thumb Code    62  xb_wifi.o(i.XB_Alcohol_AP_Send_Data)
    XB_Set_Play                              0x08004635   Thumb Code    88  voice.o(i.XB_Set_Play)
    XB_USART_Init                            0x080046a1   Thumb Code   408  xb_wifi.o(i.XB_USART_Init)
    XB_Voice_Init                            0x08004855   Thumb Code   224  voice.o(i.XB_Voice_Init)
    XB_WIFI_Init                             0x0800494d   Thumb Code   228  xb_wifi.o(i.XB_WIFI_Init)
    XB_WIFI_Send_Str                         0x08004aad   Thumb Code    76  xb_wifi.o(i.XB_WIFI_Send_Str)
    XB_WIFI_USART_Send_Char                  0x08004af9   Thumb Code    28  xb_wifi.o(i.XB_WIFI_USART_Send_Char)
    __ARM_fpclassify                         0x08004b19   Thumb Code    40  fpclassify.o(i.__ARM_fpclassify)
    _is_digit                                0x08004b41   Thumb Code    14  __printf_wp.o(i._is_digit)
    main                                     0x08004b51   Thumb Code   310  main.o(i.main)
    sqrtf                                    0x08004ca9   Thumb Code    44  sqrtf.o(i.sqrtf)
    _get_lc_ctype                            0x08004cd5   Thumb Code    44  lc_ctype_c.o(locale$$code)
    _get_lc_numeric                          0x08004d01   Thumb Code    44  lc_numeric_c.o(locale$$code)
    __fpl_dcmp_Inf                           0x08004d2d   Thumb Code    24  dcmpi.o(x$fpl$dcmpinf)
    __aeabi_cdcmple                          0x08004d45   Thumb Code     0  dleqf.o(x$fpl$dleqf)
    _dcmple                                  0x08004d45   Thumb Code   120  dleqf.o(x$fpl$dleqf)
    __fpl_dcmple_InfNaN                      0x08004da7   Thumb Code     0  dleqf.o(x$fpl$dleqf)
    __fpl_dnaninf                            0x08004dbd   Thumb Code   156  dnaninf.o(x$fpl$dnaninf)
    __fpl_dretinf                            0x08004e59   Thumb Code    12  dretinf.o(x$fpl$dretinf)
    __aeabi_cdrcmple                         0x08004e65   Thumb Code     0  drleqf.o(x$fpl$drleqf)
    _drcmple                                 0x08004e65   Thumb Code   108  drleqf.o(x$fpl$drleqf)
    __aeabi_f2d                              0x08004ed1   Thumb Code     0  f2d.o(x$fpl$f2d)
    _f2d                                     0x08004ed1   Thumb Code    86  f2d.o(x$fpl$f2d)
    __aeabi_fadd                             0x08004f29   Thumb Code     0  faddsub_clz.o(x$fpl$fadd)
    _fadd                                    0x08004f29   Thumb Code   196  faddsub_clz.o(x$fpl$fadd)
    __fpl_fcmp_Inf                           0x08004fed   Thumb Code    24  fcmpi.o(x$fpl$fcmpinf)
    __aeabi_fdiv                             0x08005005   Thumb Code     0  fdiv.o(x$fpl$fdiv)
    _fdiv                                    0x08005005   Thumb Code   384  fdiv.o(x$fpl$fdiv)
    __aeabi_i2f                              0x08005189   Thumb Code     0  fflt_clz.o(x$fpl$fflt)
    _fflt                                    0x08005189   Thumb Code    48  fflt_clz.o(x$fpl$fflt)
    __aeabi_cfcmple                          0x080051b9   Thumb Code     0  fleqf.o(x$fpl$fleqf)
    _fcmple                                  0x080051b9   Thumb Code   104  fleqf.o(x$fpl$fleqf)
    __fpl_fcmple_InfNaN                      0x0800520b   Thumb Code     0  fleqf.o(x$fpl$fleqf)
    __aeabi_fmul                             0x08005221   Thumb Code     0  fmul.o(x$fpl$fmul)
    _fmul                                    0x08005221   Thumb Code   258  fmul.o(x$fpl$fmul)
    __fpl_fnaninf                            0x08005323   Thumb Code   140  fnaninf.o(x$fpl$fnaninf)
    __fpl_fretinf                            0x080053af   Thumb Code    10  fretinf.o(x$fpl$fretinf)
    __aeabi_cfrcmple                         0x080053b9   Thumb Code     0  frleqf.o(x$fpl$frleqf)
    _frcmple                                 0x080053b9   Thumb Code    98  frleqf.o(x$fpl$frleqf)
    __aeabi_frsub                            0x0800541b   Thumb Code     0  faddsub_clz.o(x$fpl$frsb)
    _frsb                                    0x0800541b   Thumb Code    20  faddsub_clz.o(x$fpl$frsb)
    _fsqrt                                   0x08005431   Thumb Code   272  fsqrt.o(x$fpl$fsqrt)
    __aeabi_fsub                             0x08005541   Thumb Code     0  faddsub_clz.o(x$fpl$fsub)
    _fsub                                    0x08005541   Thumb Code   234  faddsub_clz.o(x$fpl$fsub)
    _printf_fp_dec                           0x0800562b   Thumb Code     4  printf1.o(x$fpl$printf1)
    __I$use$fp                               0x0800562e   Number         0  usenofp.o(x$fpl$usenofp)
    ENG_IF                                   0x08005630   Data       13824  voice.o(.constdata)
    ENG_II                                   0x08008c30   Data       14592  voice.o(.constdata)
    ENG_LA                                   0x0800c530   Data       19072  voice.o(.constdata)
    ENG_POF                                  0x08010fb0   Data        5888  voice.o(.constdata)
    ENG_PON                                  0x080126b0   Data        4992  voice.o(.constdata)
    Region$$Table$$Base                      0x08020ab0   Number         0  anon$$obj.o(Region$$Table)
    Region$$Table$$Limit                     0x08020ad0   Number         0  anon$$obj.o(Region$$Table)
    __ctype                                  0x08020add   Data           0  lc_ctype_c.o(locale$$data)
    number                                   0x20000000   Data          16  main.o(.data)
    Fire_Time_Ctr                            0x20000010   Data           2  main.o(.data)
    WIFI_Control_Val                         0x20000012   Data           1  main.o(.data)
    Alcohol_Low_Alarm_Cnt                    0x20000013   Data           1  main.o(.data)
    WIFI_Client_Num                          0x20000014   Data           1  main.o(.data)
    FireUpHotCnt                             0x20000018   Data           4  main.o(.data)
    OnFireCnt                                0x2000001c   Data           4  main.o(.data)
    SpoutsAlcoholTimeout                     0x20000020   Data           8  main.o(.data)
    SpoutsAlcoholDelay                       0x20000028   Data           8  main.o(.data)
    Acc_Ctr                                  0x20000030   Data           1  safe_check.o(.data)
    Acc_Adjust_X                             0x20000034   Data           4  safe_check.o(.data)
    Acc_Adjust_Y                             0x20000038   Data           4  safe_check.o(.data)
    Acc_Adjust_Z                             0x2000003c   Data           4  safe_check.o(.data)
    Detect_Count                             0x20000040   Data           6  safe_check.o(.data)
    Critical_Problem_Handler_Flag            0x20000046   Data           1  safe_check.o(.data)
    Temperture                               0x20000048   Data           2  safe_check.o(.data)
    ADC_ConvertedValue                       0x2000004a   Data           2  xb_adc.o(.data)
    XB_ADC_After_Filter                      0x2000004c   Data           6  xb_adc.o(.data)
    TimingDelay                              0x20000054   Data           4  xb_delay.o(.data)
    WWDG_Ctr                                 0x20000058   Data           1  xb_delay.o(.data)
    USARTSendCnt                             0x2000005a   Data           2  xb_delay.o(.data)
    XB_WIFI_Structure_I                      0x2000005c   Data           4  xb_wifi.o(.data)
    RX_Frame_Data_Flag                       0x20000060   Data           1  xb_wifi.o(.data)
    RX_Frame_User_Data_Flag                  0x20000061   Data           1  xb_wifi.o(.data)
    APSendStr                                0x20000062   Data          18  xb_wifi.o(.data)
    StatuSendCnt                             0x20000074   Data           1  xb_wifi.o(.data)
    WIFIStartStopFire                        0x20000075   Data           1  xb_wifi.o(.data)
    WIFICommandCnt                           0x20000076   Data           2  xb_wifi.o(.data)
    Voice_Language                           0x200000a4   Data          16  voice.o(.data)
    Sin                                      0x200000b4   Data         128  voice.o(.data)
    System_Status                            0x20000148   Data          12  main.o(.bss)
    XB_WIFI_Structure                        0x20000154   Data          28  main.o(.bss)
    Acc_Buf                                  0x20000170   Data          60  safe_check.o(.bss)
    AD_Value                                 0x200001ac   Data         180  xb_adc.o(.bss)
    XB_WIFI_RX_Buf                           0x20000260   Data         256  xb_wifi.o(.bss)
    XB_WIFI_RX_USER_Buf                      0x20000360   Data         256  xb_wifi.o(.bss)
    StausSendBuf                             0x20000460   Data          29  xb_wifi.o(.bss)
    DMA_InitStructure                        0x200004ac   Data          44  voice.o(.bss)
    __libspace_start                         0x200004d8   Data          96  libspace.o(.bss)
    __temporary_stack_top$libspace           0x20000538   Data           0  libspace.o(.bss)



==============================================================================

Memory Map of the image

  Image Entry point : 0x08000131

  Load Region LR_IROM1 (Base: 0x08000000, Size: 0x00020d44, Max: 0x00100000, ABSOLUTE, COMPRESSED[0x00020cf8])

    Execution Region ER_IROM1 (Base: 0x08000000, Size: 0x00020bfc, Max: 0x00100000, ABSOLUTE)

    Base Addr    Size         Type   Attr      Idx    E Section Name        Object

    0x08000000   0x00000130   Data   RO         2482    RESET               startup_stm32f10x_xl.o
    0x08000130   0x00000008   Code   RO         2547  * !!!main             c_w.l(__main.o)
    0x08000138   0x00000034   Code   RO         2922    !!!scatter          c_w.l(__scatter.o)
    0x0800016c   0x0000005a   Code   RO         2920    !!dczerorl2         c_w.l(__dczerorl2.o)
    0x080001c6   0x00000002   PAD
    0x080001c8   0x0000001c   Code   RO         2924    !!handler_zi        c_w.l(__scatter_zi.o)
    0x080001e4   0x00000000   Code   RO         2672    .ARM.Collect$$_printf_percent$$00000000  c_w.l(_printf_percent.o)
    0x080001e4   0x00000006   Code   RO         2661    .ARM.Collect$$_printf_percent$$00000001  c_w.l(_printf_n.o)
    0x080001ea   0x00000006   Code   RO         2663    .ARM.Collect$$_printf_percent$$00000002  c_w.l(_printf_p.o)
    0x080001f0   0x00000006   Code   RO         2668    .ARM.Collect$$_printf_percent$$00000003  c_w.l(_printf_f.o)
    0x080001f6   0x00000006   Code   RO         2669    .ARM.Collect$$_printf_percent$$00000004  c_w.l(_printf_e.o)
    0x080001fc   0x00000006   Code   RO         2670    .ARM.Collect$$_printf_percent$$00000005  c_w.l(_printf_g.o)
    0x08000202   0x00000006   Code   RO         2671    .ARM.Collect$$_printf_percent$$00000006  c_w.l(_printf_a.o)
    0x08000208   0x0000000a   Code   RO         2676    .ARM.Collect$$_printf_percent$$00000007  c_w.l(_printf_ll.o)
    0x08000212   0x00000006   Code   RO         2665    .ARM.Collect$$_printf_percent$$00000008  c_w.l(_printf_i.o)
    0x08000218   0x00000006   Code   RO         2666    .ARM.Collect$$_printf_percent$$00000009  c_w.l(_printf_d.o)
    0x0800021e   0x00000006   Code   RO         2667    .ARM.Collect$$_printf_percent$$0000000A  c_w.l(_printf_u.o)
    0x08000224   0x00000006   Code   RO         2664    .ARM.Collect$$_printf_percent$$0000000B  c_w.l(_printf_o.o)
    0x0800022a   0x00000006   Code   RO         2662    .ARM.Collect$$_printf_percent$$0000000C  c_w.l(_printf_x.o)
    0x08000230   0x00000006   Code   RO         2673    .ARM.Collect$$_printf_percent$$0000000D  c_w.l(_printf_lli.o)
    0x08000236   0x00000006   Code   RO         2674    .ARM.Collect$$_printf_percent$$0000000E  c_w.l(_printf_lld.o)
    0x0800023c   0x00000006   Code   RO         2675    .ARM.Collect$$_printf_percent$$0000000F  c_w.l(_printf_llu.o)
    0x08000242   0x00000006   Code   RO         2680    .ARM.Collect$$_printf_percent$$00000010  c_w.l(_printf_llo.o)
    0x08000248   0x00000006   Code   RO         2681    .ARM.Collect$$_printf_percent$$00000011  c_w.l(_printf_llx.o)
    0x0800024e   0x0000000a   Code   RO         2677    .ARM.Collect$$_printf_percent$$00000012  c_w.l(_printf_l.o)
    0x08000258   0x00000006   Code   RO         2659    .ARM.Collect$$_printf_percent$$00000013  c_w.l(_printf_c.o)
    0x0800025e   0x00000006   Code   RO         2660    .ARM.Collect$$_printf_percent$$00000014  c_w.l(_printf_s.o)
    0x08000264   0x00000006   Code   RO         2678    .ARM.Collect$$_printf_percent$$00000015  c_w.l(_printf_lc.o)
    0x0800026a   0x00000006   Code   RO         2679    .ARM.Collect$$_printf_percent$$00000016  c_w.l(_printf_ls.o)
    0x08000270   0x00000004   Code   RO         2733    .ARM.Collect$$_printf_percent$$00000017  c_w.l(_printf_percent_end.o)
    0x08000274   0x00000002   Code   RO         2789    .ARM.Collect$$libinit$$00000000  c_w.l(libinit.o)
    0x08000276   0x00000000   Code   RO         2797    .ARM.Collect$$libinit$$00000002  c_w.l(libinit2.o)
    0x08000276   0x00000000   Code   RO         2799    .ARM.Collect$$libinit$$00000004  c_w.l(libinit2.o)
    0x08000276   0x00000000   Code   RO         2802    .ARM.Collect$$libinit$$0000000A  c_w.l(libinit2.o)
    0x08000276   0x00000000   Code   RO         2804    .ARM.Collect$$libinit$$0000000C  c_w.l(libinit2.o)
    0x08000276   0x00000000   Code   RO         2806    .ARM.Collect$$libinit$$0000000E  c_w.l(libinit2.o)
    0x08000276   0x00000006   Code   RO         2807    .ARM.Collect$$libinit$$0000000F  c_w.l(libinit2.o)
    0x0800027c   0x00000000   Code   RO         2809    .ARM.Collect$$libinit$$00000011  c_w.l(libinit2.o)
    0x0800027c   0x0000000c   Code   RO         2810    .ARM.Collect$$libinit$$00000012  c_w.l(libinit2.o)
    0x08000288   0x00000000   Code   RO         2811    .ARM.Collect$$libinit$$00000013  c_w.l(libinit2.o)
    0x08000288   0x00000000   Code   RO         2813    .ARM.Collect$$libinit$$00000015  c_w.l(libinit2.o)
    0x08000288   0x0000000a   Code   RO         2814    .ARM.Collect$$libinit$$00000016  c_w.l(libinit2.o)
    0x08000292   0x00000000   Code   RO         2815    .ARM.Collect$$libinit$$00000017  c_w.l(libinit2.o)
    0x08000292   0x00000000   Code   RO         2817    .ARM.Collect$$libinit$$00000019  c_w.l(libinit2.o)
    0x08000292   0x00000000   Code   RO         2819    .ARM.Collect$$libinit$$0000001B  c_w.l(libinit2.o)
    0x08000292   0x00000000   Code   RO         2821    .ARM.Collect$$libinit$$0000001D  c_w.l(libinit2.o)
    0x08000292   0x00000000   Code   RO         2823    .ARM.Collect$$libinit$$0000001F  c_w.l(libinit2.o)
    0x08000292   0x00000000   Code   RO         2825    .ARM.Collect$$libinit$$00000021  c_w.l(libinit2.o)
    0x08000292   0x00000000   Code   RO         2827    .ARM.Collect$$libinit$$00000023  c_w.l(libinit2.o)
    0x08000292   0x00000000   Code   RO         2829    .ARM.Collect$$libinit$$00000025  c_w.l(libinit2.o)
    0x08000292   0x00000000   Code   RO         2833    .ARM.Collect$$libinit$$0000002C  c_w.l(libinit2.o)
    0x08000292   0x00000000   Code   RO         2835    .ARM.Collect$$libinit$$0000002E  c_w.l(libinit2.o)
    0x08000292   0x00000000   Code   RO         2837    .ARM.Collect$$libinit$$00000030  c_w.l(libinit2.o)
    0x08000292   0x00000000   Code   RO         2839    .ARM.Collect$$libinit$$00000032  c_w.l(libinit2.o)
    0x08000292   0x00000002   Code   RO         2840    .ARM.Collect$$libinit$$00000033  c_w.l(libinit2.o)
    0x08000294   0x00000002   Code   RO         2860    .ARM.Collect$$libshutdown$$00000000  c_w.l(libshutdown.o)
    0x08000296   0x00000000   Code   RO         2873    .ARM.Collect$$libshutdown$$00000002  c_w.l(libshutdown2.o)
    0x08000296   0x00000000   Code   RO         2875    .ARM.Collect$$libshutdown$$00000004  c_w.l(libshutdown2.o)
    0x08000296   0x00000000   Code   RO         2878    .ARM.Collect$$libshutdown$$00000007  c_w.l(libshutdown2.o)
    0x08000296   0x00000000   Code   RO         2881    .ARM.Collect$$libshutdown$$0000000A  c_w.l(libshutdown2.o)
    0x08000296   0x00000000   Code   RO         2883    .ARM.Collect$$libshutdown$$0000000C  c_w.l(libshutdown2.o)
    0x08000296   0x00000000   Code   RO         2886    .ARM.Collect$$libshutdown$$0000000F  c_w.l(libshutdown2.o)
    0x08000296   0x00000002   Code   RO         2887    .ARM.Collect$$libshutdown$$00000010  c_w.l(libshutdown2.o)
    0x08000298   0x00000000   Code   RO         2583    .ARM.Collect$$rtentry$$00000000  c_w.l(__rtentry.o)
    0x08000298   0x00000000   Code   RO         2705    .ARM.Collect$$rtentry$$00000002  c_w.l(__rtentry2.o)
    0x08000298   0x00000006   Code   RO         2717    .ARM.Collect$$rtentry$$00000004  c_w.l(__rtentry4.o)
    0x0800029e   0x00000000   Code   RO         2707    .ARM.Collect$$rtentry$$00000009  c_w.l(__rtentry2.o)
    0x0800029e   0x00000004   Code   RO         2708    .ARM.Collect$$rtentry$$0000000A  c_w.l(__rtentry2.o)
    0x080002a2   0x00000000   Code   RO         2710    .ARM.Collect$$rtentry$$0000000C  c_w.l(__rtentry2.o)
    0x080002a2   0x00000008   Code   RO         2711    .ARM.Collect$$rtentry$$0000000D  c_w.l(__rtentry2.o)
    0x080002aa   0x00000002   Code   RO         2794    .ARM.Collect$$rtexit$$00000000  c_w.l(rtexit.o)
    0x080002ac   0x00000000   Code   RO         2842    .ARM.Collect$$rtexit$$00000002  c_w.l(rtexit2.o)
    0x080002ac   0x00000004   Code   RO         2843    .ARM.Collect$$rtexit$$00000003  c_w.l(rtexit2.o)
    0x080002b0   0x00000006   Code   RO         2844    .ARM.Collect$$rtexit$$00000004  c_w.l(rtexit2.o)
    0x080002b6   0x00000002   PAD
    0x080002b8   0x00000040   Code   RO         2483    .text               startup_stm32f10x_xl.o
    0x080002f8   0x00000024   Code   RO         2535    .text               c_w.l(c89vsprintf.o)
    0x0800031c   0x0000001a   Code   RO         2537    .text               c_w.l(atoi.o)
    0x08000336   0x0000003e   Code   RO         2539    .text               c_w.l(strlen.o)
    0x08000374   0x00000096   Code   RO         2541    .text               c_w.l(strncmp.o)
    0x0800040a   0x00000002   PAD
    0x0800040c   0x00000080   Code   RO         2543    .text               c_w.l(strcmpv7m.o)
    0x0800048c   0x00000006   Code   RO         2545    .text               c_w.l(heapauxi.o)
    0x08000492   0x00000002   PAD
    0x08000494   0x00000008   Code   RO         2587    .text               c_w.l(rt_errno_addr_intlibspace.o)
    0x0800049c   0x00000016   Code   RO         2589    .text               c_w.l(_rserrno.o)
    0x080004b2   0x0000004e   Code   RO         2593    .text               c_w.l(_printf_pad.o)
    0x08000500   0x00000024   Code   RO         2595    .text               c_w.l(_printf_truncate.o)
    0x08000524   0x00000052   Code   RO         2597    .text               c_w.l(_printf_str.o)
    0x08000576   0x00000002   PAD
    0x08000578   0x00000078   Code   RO         2599    .text               c_w.l(_printf_dec.o)
    0x080005f0   0x00000028   Code   RO         2601    .text               c_w.l(_printf_charcount.o)
    0x08000618   0x00000030   Code   RO         2603    .text               c_w.l(_printf_char_common.o)
    0x08000648   0x0000000a   Code   RO         2605    .text               c_w.l(_sputc.o)
    0x08000652   0x00000002   PAD
    0x08000654   0x000000bc   Code   RO         2607    .text               c_w.l(_printf_wctomb.o)
    0x08000710   0x0000007c   Code   RO         2610    .text               c_w.l(_printf_longlong_dec.o)
    0x0800078c   0x00000070   Code   RO         2616    .text               c_w.l(_printf_oct_int_ll.o)
    0x080007fc   0x00000094   Code   RO         2636    .text               c_w.l(_printf_hex_int_ll_ptr.o)
    0x08000890   0x00000188   Code   RO         2656    .text               c_w.l(__printf_flags_ss_wp.o)
    0x08000a18   0x00000070   Code   RO         2682    .text               c_w.l(strtol.o)
    0x08000a88   0x00000008   Code   RO         2701    .text               c_w.l(libspace.o)
    0x08000a90   0x00000010   Code   RO         2719    .text               c_w.l(rt_ctype_table.o)
    0x08000aa0   0x0000008a   Code   RO         2721    .text               c_w.l(lludiv10.o)
    0x08000b2a   0x000000b2   Code   RO         2723    .text               c_w.l(_printf_intcommon.o)
    0x08000bdc   0x0000041a   Code   RO         2725    .text               c_w.l(_printf_fp_dec.o)
    0x08000ff6   0x0000002c   Code   RO         2729    .text               c_w.l(_printf_char.o)
    0x08001022   0x0000002c   Code   RO         2731    .text               c_w.l(_printf_wchar.o)
    0x0800104e   0x0000009e   Code   RO         2734    .text               c_w.l(_strtoul.o)
    0x080010ec   0x00000040   Code   RO         2736    .text               c_w.l(_wcrtomb.o)
    0x0800112c   0x0000004a   Code   RO         2740    .text               c_w.l(sys_stackheap_outer.o)
    0x08001176   0x00000002   PAD
    0x08001178   0x00000008   Code   RO         2745    .text               c_w.l(rt_locale_intlibspace.o)
    0x08001180   0x00000080   Code   RO         2747    .text               c_w.l(_printf_fp_infnan.o)
    0x08001200   0x0000001c   Code   RO         2749    .text               c_w.l(_chval.o)
    0x0800121c   0x000000dc   Code   RO         2751    .text               c_w.l(bigflt0.o)
    0x080012f8   0x00000012   Code   RO         2782    .text               c_w.l(exit.o)
    0x0800130a   0x00000002   PAD
    0x0800130c   0x0000000c   Code   RO         2852    .text               c_w.l(sys_exit.o)
    0x08001318   0x00000002   Code   RO         2863    .text               c_w.l(use_no_semi.o)
    0x0800131a   0x00000000   Code   RO         2865    .text               c_w.l(indicate_semi.o)
    0x0800131a   0x0000003e   Code   RO         2754    CL$$btod_d2e        c_w.l(btod.o)
    0x08001358   0x00000046   Code   RO         2756    CL$$btod_d2e_denorm_low  c_w.l(btod.o)
    0x0800139e   0x00000060   Code   RO         2755    CL$$btod_d2e_norm_op1  c_w.l(btod.o)
    0x080013fe   0x00000338   Code   RO         2764    CL$$btod_div_common  c_w.l(btod.o)
    0x08001736   0x000000c6   Code   RO         2761    CL$$btod_e2e        c_w.l(btod.o)
    0x080017fc   0x00000028   Code   RO         2758    CL$$btod_ediv       c_w.l(btod.o)
    0x08001824   0x00000028   Code   RO         2757    CL$$btod_emul       c_w.l(btod.o)
    0x0800184c   0x00000244   Code   RO         2763    CL$$btod_mult_common  c_w.l(btod.o)
    0x08001a90   0x00000016   Code   RO          853    i.ADC_Cmd           stm32f10x_adc.o
    0x08001aa6   0x00000016   Code   RO          854    i.ADC_DMACmd        stm32f10x_adc.o
    0x08001abc   0x00000024   Code   RO          281    i.ADC_GPIO_Config   xb_adc.o
    0x08001ae0   0x00000014   Code   RO          861    i.ADC_GetCalibrationStatus  stm32f10x_adc.o
    0x08001af4   0x00000014   Code   RO          867    i.ADC_GetResetCalibrationStatus  stm32f10x_adc.o
    0x08001b08   0x00000050   Code   RO          871    i.ADC_Init          stm32f10x_adc.o
    0x08001b58   0x00000104   Code   RO          282    i.ADC_Mode_Config   xb_adc.o
    0x08001c5c   0x000000b8   Code   RO          875    i.ADC_RegularChannelConfig  stm32f10x_adc.o
    0x08001d14   0x0000000a   Code   RO          876    i.ADC_ResetCalibration  stm32f10x_adc.o
    0x08001d1e   0x00000016   Code   RO          878    i.ADC_SoftwareStartConvCmd  stm32f10x_adc.o
    0x08001d34   0x0000000a   Code   RO          880    i.ADC_StartCalibration  stm32f10x_adc.o
    0x08001d3e   0x00000002   PAD
    0x08001d40   0x000000e8   Code   RO          194    i.Acc_Adjust        safe_check.o
    0x08001e28   0x00000164   Code   RO          195    i.Acc_Check         safe_check.o
    0x08001f8c   0x00000038   Code   RO          544    i.Ack               xb_mma845x.o
    0x08001fc4   0x00000018   Code   RO          196    i.Alcohol_Concentration_Check  safe_check.o
    0x08001fdc   0x0000022c   Code   RO            4    i.ArtFire_Init      main.o
    0x08002208   0x00000094   Code   RO            5    i.Critical_Problem_Handler  main.o
    0x0800229c   0x00000028   Code   RO         1081    i.DAC_Cmd           stm32f10x_dac.o
    0x080022c4   0x0000002c   Code   RO         1082    i.DAC_DMACmd        stm32f10x_dac.o
    0x080022f0   0x00000034   Code   RO         1086    i.DAC_Init          stm32f10x_dac.o
    0x08002324   0x00000030   Code   RO          724    i.DMA2_Channel3_IRQHandler  voice.o
    0x08002354   0x0000001c   Code   RO         1172    i.DMA_ClearITPendingBit  stm32f10x_dma.o
    0x08002370   0x00000018   Code   RO         1173    i.DMA_Cmd           stm32f10x_dma.o
    0x08002388   0x0000014c   Code   RO         1174    i.DMA_DeInit        stm32f10x_dma.o
    0x080024d4   0x00000008   Code   RO         1175    i.DMA_GetCurrDataCounter  stm32f10x_dma.o
    0x080024dc   0x0000002c   Code   RO         1177    i.DMA_GetITStatus   stm32f10x_dma.o
    0x08002508   0x00000012   Code   RO         1178    i.DMA_ITConfig      stm32f10x_dma.o
    0x0800251a   0x0000003c   Code   RO         1179    i.DMA_Init          stm32f10x_dma.o
    0x08002556   0x00000004   Code   RO         1180    i.DMA_SetCurrDataCounter  stm32f10x_dma.o
    0x0800255a   0x00000002   PAD
    0x0800255c   0x00000090   Code   RO            6    i.Debug_USART_Init  main.o
    0x080025ec   0x00000020   Code   RO            8    i.Debug_USART_Send_Char  main.o
    0x0800260c   0x00000010   Code   RO          545    i.Delay_10us        xb_mma845x.o
    0x0800261c   0x00000014   Code   RO          333    i.Delay_ms          xb_delay.o
    0x08002630   0x00000010   Code   RO          635    i.EEPROM_24C0x_Delay  xb_eeprom_24c0x.o
    0x08002640   0x00000034   Code   RO          636    i.EEPROM_24C0x_End  xb_eeprom_24c0x.o
    0x08002674   0x00000044   Code   RO          637    i.EEPROM_24C0x_Low_Init  xb_eeprom_24c0x.o
    0x080026b8   0x0000003c   Code   RO          638    i.EEPROM_24C0x_No_ACK  xb_eeprom_24c0x.o
    0x080026f4   0x0000004e   Code   RO          639    i.EEPROM_24C0x_Read  xb_eeprom_24c0x.o
    0x08002742   0x00000002   PAD
    0x08002744   0x00000054   Code   RO          640    i.EEPROM_24C0x_Read_Byte  xb_eeprom_24c0x.o
    0x08002798   0x0000004c   Code   RO          641    i.EEPROM_24C0x_SDA_Mode  xb_eeprom_24c0x.o
    0x080027e4   0x0000003c   Code   RO          642    i.EEPROM_24C0x_Start  xb_eeprom_24c0x.o
    0x08002820   0x00000048   Code   RO          643    i.EEPROM_24C0x_Wait_ACK  xb_eeprom_24c0x.o
    0x08002868   0x00000042   Code   RO          644    i.EEPROM_24C0x_Write  xb_eeprom_24c0x.o
    0x080028aa   0x00000002   PAD
    0x080028ac   0x00000064   Code   RO          645    i.EEPROM_24C0x_Write_Byte  xb_eeprom_24c0x.o
    0x08002910   0x00000030   Code   RO          197    i.Fire_Detect       safe_check.o
    0x08002940   0x00000116   Code   RO         1261    i.GPIO_Init         stm32f10x_gpio.o
    0x08002a56   0x00000002   PAD
    0x08002a58   0x00000090   Code   RO         1263    i.GPIO_PinRemapConfig  stm32f10x_gpio.o
    0x08002ae8   0x00000012   Code   RO         1265    i.GPIO_ReadInputDataBit  stm32f10x_gpio.o
    0x08002afa   0x00000004   Code   RO         1268    i.GPIO_ResetBits    stm32f10x_gpio.o
    0x08002afe   0x00000004   Code   RO         1269    i.GPIO_SetBits      stm32f10x_gpio.o
    0x08002b02   0x00000002   PAD
    0x08002b04   0x000000cc   Code   RO            9    i.Get_Remote_Action  main.o
    0x08002bd0   0x0000011c   Code   RO           10    i.Get_System_Setting  main.o
    0x08002cec   0x00000034   Code   RO          546    i.MMA845x_End       xb_mma845x.o
    0x08002d20   0x0000006c   Code   RO          547    i.MMA845x_Init      xb_mma845x.o
    0x08002d8c   0x00000082   Code   RO          548    i.MMA845x_Read_ACC_Buf  xb_mma845x.o
    0x08002e0e   0x00000002   PAD
    0x08002e10   0x0000005c   Code   RO          549    i.MMA845x_Read_Byte  xb_mma845x.o
    0x08002e6c   0x00000050   Code   RO          550    i.MMA845x_SDA_Type  xb_mma845x.o
    0x08002ebc   0x00000034   Code   RO          551    i.MMA845x_Start     xb_mma845x.o
    0x08002ef0   0x00000068   Code   RO          552    i.MMA845x_Write_Byte  xb_mma845x.o
    0x08002f58   0x00000042   Code   RO          553    i.MMA845x_Write_Reg  xb_mma845x.o
    0x08002f9a   0x00000002   PAD
    0x08002f9c   0x00000070   Code   RO          799    i.NVIC_Init         misc.o
    0x0800300c   0x00000014   Code   RO          800    i.NVIC_PriorityGroupConfig  misc.o
    0x08003020   0x00000038   Code   RO          554    i.No_Ack            xb_mma845x.o
    0x08003058   0x00000104   Code   RO           11    i.Pump_Alcohol      main.o
    0x0800315c   0x00000020   Code   RO         1454    i.RCC_AHBPeriphClockCmd  stm32f10x_rcc.o
    0x0800317c   0x00000020   Code   RO         1455    i.RCC_APB1PeriphClockCmd  stm32f10x_rcc.o
    0x0800319c   0x00000020   Code   RO         1457    i.RCC_APB2PeriphClockCmd  stm32f10x_rcc.o
    0x080031bc   0x000000d4   Code   RO         1465    i.RCC_GetClocksFreq  stm32f10x_rcc.o
    0x08003290   0x00000200   Code   RO          451    i.Rx_Data_Hanndle   xb_wifi.o
    0x08003490   0x000001f4   Code   RO          198    i.Safe_Check        safe_check.o
    0x08003684   0x000000f0   Code   RO          199    i.Safe_Check_Init   safe_check.o
    0x08003774   0x00000008   Code   RO         2490    i.SetSysClock       system_stm32f10x.o
    0x0800377c   0x000000e0   Code   RO         2491    i.SetSysClockTo72   system_stm32f10x.o
    0x0800385c   0x000002a8   Code   RO           12    i.Start_Fire        main.o
    0x08003b04   0x0000001c   Code   RO          334    i.SysTick_Configuration  xb_delay.o
    0x08003b20   0x000000b4   Code   RO          335    i.SysTick_Handler   xb_delay.o
    0x08003bd4   0x00000060   Code   RO         2493    i.SystemInit        system_stm32f10x.o
    0x08003c34   0x000001ec   Code   RO          452    i.TIM4_IRQHandler   xb_wifi.o
    0x08003e20   0x0000004c   Code   RO          200    i.TIM6_IRQHandler   safe_check.o
    0x08003e6c   0x00000020   Code   RO          201    i.TIM7_IRQHandler   safe_check.o
    0x08003e8c   0x00000006   Code   RO         1676    i.TIM_ClearITPendingBit  stm32f10x_tim.o
    0x08003e92   0x00000018   Code   RO         1681    i.TIM_Cmd           stm32f10x_tim.o
    0x08003eaa   0x00000022   Code   RO         1702    i.TIM_GetITStatus   stm32f10x_tim.o
    0x08003ecc   0x00000012   Code   RO         1706    i.TIM_ITConfig      stm32f10x_tim.o
    0x08003ede   0x00000006   Code   RO         1730    i.TIM_PrescalerConfig  stm32f10x_tim.o
    0x08003ee4   0x00000012   Code   RO         1738    i.TIM_SelectOutputTrigger  stm32f10x_tim.o
    0x08003ef6   0x00000004   Code   RO         1740    i.TIM_SetAutoreload  stm32f10x_tim.o
    0x08003efa   0x00000002   PAD
    0x08003efc   0x000000a4   Code   RO         1752    i.TIM_TimeBaseInit  stm32f10x_tim.o
    0x08003fa0   0x00000058   Code   RO          202    i.Temperture_Check  safe_check.o
    0x08003ff8   0x00000064   Code   RO          453    i.USART3_IRQHandler  xb_wifi.o
    0x0800405c   0x00000018   Code   RO         2229    i.USART_Cmd         stm32f10x_usart.o
    0x08004074   0x00000012   Code   RO         2230    i.USART_DMACmd      stm32f10x_usart.o
    0x08004086   0x0000001a   Code   RO         2232    i.USART_GetFlagStatus  stm32f10x_usart.o
    0x080040a0   0x00000054   Code   RO         2233    i.USART_GetITStatus  stm32f10x_usart.o
    0x080040f4   0x0000004a   Code   RO         2235    i.USART_ITConfig    stm32f10x_usart.o
    0x0800413e   0x00000002   PAD
    0x08004140   0x000000d8   Code   RO         2236    i.USART_Init        stm32f10x_usart.o
    0x08004218   0x00000008   Code   RO         2246    i.USART_SendData    stm32f10x_usart.o
    0x08004220   0x00000010   Code   RO         2419    i.WWDG_Enable       stm32f10x_wwdg.o
    0x08004230   0x00000010   Code   RO         2422    i.WWDG_SetCounter   stm32f10x_wwdg.o
    0x08004240   0x00000018   Code   RO         2423    i.WWDG_SetPrescaler  stm32f10x_wwdg.o
    0x08004258   0x00000028   Code   RO         2424    i.WWDG_SetWindowValue  stm32f10x_wwdg.o
    0x08004280   0x00000048   Code   RO          555    i.Wait_Ack          xb_mma845x.o
    0x080042c8   0x00000050   Code   RO          454    i.Wait_For_Signal   xb_wifi.o
    0x08004318   0x0000001c   Code   RO          373    i.XB_18B20_Delay_10us  xb_18b20.o
    0x08004334   0x00000036   Code   RO          374    i.XB_18B20_Get_Temperture  xb_18b20.o
    0x0800436a   0x00000002   PAD
    0x0800436c   0x00000050   Code   RO          375    i.XB_18B20_IO_Mode  xb_18b20.o
    0x080043bc   0x00000036   Code   RO          376    i.XB_18B20_Init     xb_18b20.o
    0x080043f2   0x0000000a   Code   RO          377    i.XB_18B20_Low_Init  xb_18b20.o
    0x080043fc   0x0000005c   Code   RO          378    i.XB_18B20_Math_Temperture  xb_18b20.o
    0x08004458   0x00000048   Code   RO          379    i.XB_18B20_Read_Byte  xb_18b20.o
    0x080044a0   0x00000078   Code   RO          380    i.XB_18B20_Reset    xb_18b20.o
    0x08004518   0x00000014   Code   RO          381    i.XB_18B20_Start_Convert  xb_18b20.o
    0x0800452c   0x00000060   Code   RO          382    i.XB_18B20_Write_Byte  xb_18b20.o
    0x0800458c   0x00000048   Code   RO          283    i.XB_ADC_Filter     xb_adc.o
    0x080045d4   0x0000000c   Code   RO          284    i.XB_ADC_Init       xb_adc.o
    0x080045e0   0x00000054   Code   RO          455    i.XB_Alcohol_AP_Send_Data  xb_wifi.o
    0x08004634   0x0000006c   Code   RO          725    i.XB_Set_Play       voice.o
    0x080046a0   0x000001b4   Code   RO          456    i.XB_USART_Init     xb_wifi.o
    0x08004854   0x000000f8   Code   RO          726    i.XB_Voice_Init     voice.o
    0x0800494c   0x00000160   Code   RO          458    i.XB_WIFI_Init      xb_wifi.o
    0x08004aac   0x0000004c   Code   RO          459    i.XB_WIFI_Send_Str  xb_wifi.o
    0x08004af8   0x00000020   Code   RO          460    i.XB_WIFI_USART_Send_Char  xb_wifi.o
    0x08004b18   0x00000028   Code   RO         2792    i.__ARM_fpclassify  m_ws.l(fpclassify.o)
    0x08004b40   0x0000000e   Code   RO         2649    i._is_digit         c_w.l(__printf_wp.o)
    0x08004b4e   0x00000002   PAD
    0x08004b50   0x00000158   Code   RO           13    i.main              main.o
    0x08004ca8   0x0000002c   Code   RO         2576    i.sqrtf             m_ws.l(sqrtf.o)
    0x08004cd4   0x0000002c   Code   RO         2777    locale$$code        c_w.l(lc_ctype_c.o)
    0x08004d00   0x0000002c   Code   RO         2780    locale$$code        c_w.l(lc_numeric_c.o)
    0x08004d2c   0x00000018   Code   RO         2684    x$fpl$dcmpinf       fz_ws.l(dcmpi.o)
    0x08004d44   0x00000078   Code   RO         2549    x$fpl$dleqf         fz_ws.l(dleqf.o)
    0x08004dbc   0x0000009c   Code   RO         2686    x$fpl$dnaninf       fz_ws.l(dnaninf.o)
    0x08004e58   0x0000000c   Code   RO         2688    x$fpl$dretinf       fz_ws.l(dretinf.o)
    0x08004e64   0x0000006c   Code   RO         2551    x$fpl$drleqf        fz_ws.l(drleqf.o)
    0x08004ed0   0x00000056   Code   RO         2553    x$fpl$f2d           fz_ws.l(f2d.o)
    0x08004f26   0x00000002   PAD
    0x08004f28   0x000000c4   Code   RO         2555    x$fpl$fadd          fz_ws.l(faddsub_clz.o)
    0x08004fec   0x00000018   Code   RO         2738    x$fpl$fcmpinf       fz_ws.l(fcmpi.o)
    0x08005004   0x00000184   Code   RO         2562    x$fpl$fdiv          fz_ws.l(fdiv.o)
    0x08005188   0x00000030   Code   RO         2566    x$fpl$fflt          fz_ws.l(fflt_clz.o)
    0x080051b8   0x00000068   Code   RO         2690    x$fpl$fleqf         fz_ws.l(fleqf.o)
    0x08005220   0x00000102   Code   RO         2571    x$fpl$fmul          fz_ws.l(fmul.o)
    0x08005322   0x0000008c   Code   RO         2692    x$fpl$fnaninf       fz_ws.l(fnaninf.o)
    0x080053ae   0x0000000a   Code   RO         2694    x$fpl$fretinf       fz_ws.l(fretinf.o)
    0x080053b8   0x00000062   Code   RO         2573    x$fpl$frleqf        fz_ws.l(frleqf.o)
    0x0800541a   0x00000014   Code   RO         2556    x$fpl$frsb          fz_ws.l(faddsub_clz.o)
    0x0800542e   0x00000002   PAD
    0x08005430   0x00000110   Code   RO         2696    x$fpl$fsqrt         fz_ws.l(fsqrt.o)
    0x08005540   0x000000ea   Code   RO         2557    x$fpl$fsub          fz_ws.l(faddsub_clz.o)
    0x0800562a   0x00000004   Code   RO         2698    x$fpl$printf1       fz_ws.l(printf1.o)
    0x0800562e   0x00000000   Code   RO         2700    x$fpl$usenofp       fz_ws.l(usenofp.o)
    0x0800562e   0x00000002   PAD
    0x08005630   0x0001b3a8   Data   RO          728    .constdata          voice.o
    0x080209d8   0x00000008   Data   RO         2608    .constdata          c_w.l(_printf_wctomb.o)
    0x080209e0   0x00000028   Data   RO         2637    .constdata          c_w.l(_printf_hex_int_ll_ptr.o)
    0x08020a08   0x00000011   Data   RO         2657    .constdata          c_w.l(__printf_flags_ss_wp.o)
    0x08020a19   0x00000003   PAD
    0x08020a1c   0x00000094   Data   RO         2752    .constdata          c_w.l(bigflt0.o)
    0x08020ab0   0x00000020   Data   RO         2918    Region$$Table       anon$$obj.o
    0x08020ad0   0x00000110   Data   RO         2776    locale$$data        c_w.l(lc_ctype_c.o)
    0x08020be0   0x0000001c   Data   RO         2779    locale$$data        c_w.l(lc_numeric_c.o)


    Execution Region RW_IRAM1 (Base: 0x20000000, Size: 0x00000b38, Max: 0x00018000, ABSOLUTE, COMPRESSED[0x000000fc])

    Base Addr    Size         Type   Attr      Idx    E Section Name        Object

    0x20000000   0x00000030   Data   RW           15    .data               main.o
    0x20000030   0x0000001a   Data   RW          204    .data               safe_check.o
    0x2000004a   0x00000008   Data   RW          286    .data               xb_adc.o
    0x20000052   0x00000002   PAD
    0x20000054   0x00000008   Data   RW          336    .data               xb_delay.o
    0x2000005c   0x0000001e   Data   RW          462    .data               xb_wifi.o
    0x2000007a   0x00000002   PAD
    0x2000007c   0x000000b8   Data   RW          729    .data               voice.o
    0x20000134   0x00000014   Data   RW         1485    .data               stm32f10x_rcc.o
    0x20000148   0x00000028   Zero   RW           14    .bss                main.o
    0x20000170   0x0000003c   Zero   RW          203    .bss                safe_check.o
    0x200001ac   0x000000b4   Zero   RW          285    .bss                xb_adc.o
    0x20000260   0x0000024c   Zero   RW          461    .bss                xb_wifi.o
    0x200004ac   0x0000002c   Zero   RW          727    .bss                voice.o
    0x200004d8   0x00000060   Zero   RW         2702    .bss                c_w.l(libspace.o)
    0x20000538   0x00000200   Zero   RW         2481    HEAP                startup_stm32f10x_xl.o
    0x20000738   0x00000400   Zero   RW         2480    STACK               startup_stm32f10x_xl.o


==============================================================================

Image component sizes


      Code (inc. data)   RO Data    RW Data    ZI Data      Debug   Object Name

      2652        210          0         48         40     290466   main.o
       132         22          0          0          0       1695   misc.o
      1596        128          0         26         60      21574   safe_check.o
        64         26        304          0       1536        848   startup_stm32f10x_xl.o
       390         10          0          0          0       7813   stm32f10x_adc.o
       136         18          0          0          0       2546   stm32f10x_dac.o
       518         26          0          0          0       6649   stm32f10x_dma.o
       448          6          0          0          0       4762   stm32f10x_gpio.o
       308         38          0         20          0       5226   stm32f10x_rcc.o
       274         42          0          0          0       5634   stm32f10x_tim.o
       450          6          0          0          0       6552   stm32f10x_usart.o
        96         24          0          0          0       3014   stm32f10x_wwdg.o
       328         28          0          0          0       2101   system_stm32f10x.o
       404         58     111528        184         44       6917   voice.o
       626         30          0          0          0       5635   xb_18b20.o
       380         28          0          8        180       6752   xb_adc.o
       228         46          0          8          0       1829   xb_delay.o
       732         70          0          0          0       6363   xb_eeprom_24c0x.o
       884         54          0          0          0       6995   xb_mma845x.o
      2164        314          0         30        588       7725   xb_wifi.o

    ----------------------------------------------------------------------
     12832       1184     111864        328       2448     401096   Object Totals
         0          0         32          0          0          0   (incl. Generated)
        22          0          0          4          0          0   (incl. Padding)

    ----------------------------------------------------------------------

      Code (inc. data)   RO Data    RW Data    ZI Data      Debug   Library Member Name

        90          0          0          0          0          0   __dczerorl2.o
         8          0          0          0          0         68   __main.o
       392          4         17          0          0         92   __printf_flags_ss_wp.o
        14          0          0          0          0         68   __printf_wp.o
         0          0          0          0          0          0   __rtentry.o
        12          0          0          0          0          0   __rtentry2.o
         6          0          0          0          0          0   __rtentry4.o
        52          8          0          0          0          0   __scatter.o
        28          0          0          0          0          0   __scatter_zi.o
        28          0          0          0          0         68   _chval.o
         6          0          0          0          0          0   _printf_a.o
         6          0          0          0          0          0   _printf_c.o
        44          0          0          0          0        108   _printf_char.o
        48          6          0          0          0         96   _printf_char_common.o
        40          0          0          0          0         68   _printf_charcount.o
         6          0          0          0          0          0   _printf_d.o
       120         16          0          0          0         92   _printf_dec.o
         6          0          0          0          0          0   _printf_e.o
         6          0          0          0          0          0   _printf_f.o
      1050          0          0          0          0        216   _printf_fp_dec.o
       128         16          0          0          0         84   _printf_fp_infnan.o
         6          0          0          0          0          0   _printf_g.o
       148          4         40          0          0        160   _printf_hex_int_ll_ptr.o
         6          0          0          0          0          0   _printf_i.o
       178          0          0          0          0         88   _printf_intcommon.o
        10          0          0          0          0          0   _printf_l.o
         6          0          0          0          0          0   _printf_lc.o
        10          0          0          0          0          0   _printf_ll.o
         6          0          0          0          0          0   _printf_lld.o
         6          0          0          0          0          0   _printf_lli.o
         6          0          0          0          0          0   _printf_llo.o
         6          0          0          0          0          0   _printf_llu.o
         6          0          0          0          0          0   _printf_llx.o
       124         16          0          0          0         92   _printf_longlong_dec.o
         6          0          0          0          0          0   _printf_ls.o
         6          0          0          0          0          0   _printf_n.o
         6          0          0          0          0          0   _printf_o.o
       112         10          0          0          0        124   _printf_oct_int_ll.o
         6          0          0          0          0          0   _printf_p.o
        78          0          0          0          0        108   _printf_pad.o
         0          0          0          0          0          0   _printf_percent.o
         4          0          0          0          0          0   _printf_percent_end.o
         6          0          0          0          0          0   _printf_s.o
        82          0          0          0          0         80   _printf_str.o
        36          0          0          0          0         84   _printf_truncate.o
         6          0          0          0          0          0   _printf_u.o
        44          0          0          0          0        108   _printf_wchar.o
       188          6          8          0          0         92   _printf_wctomb.o
         6          0          0          0          0          0   _printf_x.o
        22          0          0          0          0        100   _rserrno.o
        10          0          0          0          0         68   _sputc.o
       158          0          0          0          0         92   _strtoul.o
        64          0          0          0          0         92   _wcrtomb.o
        26          0          0          0          0         80   atoi.o
       220          4        148          0          0         96   bigflt0.o
      1910        128          0          0          0        672   btod.o
        36          4          0          0          0         76   c89vsprintf.o
        18          0          0          0          0         80   exit.o
         6          0          0          0          0        152   heapauxi.o
         0          0          0          0          0          0   indicate_semi.o
        44         10        272          0          0         76   lc_ctype_c.o
        44         10         28          0          0         76   lc_numeric_c.o
         2          0          0          0          0          0   libinit.o
        30          0          0          0          0          0   libinit2.o
         2          0          0          0          0          0   libshutdown.o
         2          0          0          0          0          0   libshutdown2.o
         8          4          0          0         96         68   libspace.o
       138          0          0          0          0         80   lludiv10.o
        16          4          0          0          0         76   rt_ctype_table.o
         8          4          0          0          0         68   rt_errno_addr_intlibspace.o
         8          4          0          0          0         68   rt_locale_intlibspace.o
         2          0          0          0          0          0   rtexit.o
        10          0          0          0          0          0   rtexit2.o
       128          0          0          0          0         68   strcmpv7m.o
        62          0          0          0          0         76   strlen.o
       150          0          0          0          0         80   strncmp.o
       112          0          0          0          0         88   strtol.o
        12          4          0          0          0         68   sys_exit.o
        74          0          0          0          0         80   sys_stackheap_outer.o
         2          0          0          0          0         68   use_no_semi.o
        24          0          0          0          0         68   dcmpi.o
       120          4          0          0          0         92   dleqf.o
       156          4          0          0          0         92   dnaninf.o
        12          0          0          0          0         68   dretinf.o
       108          0          0          0          0         80   drleqf.o
        86          4          0          0          0         84   f2d.o
       450          8          0          0          0        236   faddsub_clz.o
        24          0          0          0          0         68   fcmpi.o
       388         76          0          0          0         96   fdiv.o
        48          0          0          0          0         68   fflt_clz.o
       104          4          0          0          0         84   fleqf.o
       258          4          0          0          0         84   fmul.o
       140          4          0          0          0         84   fnaninf.o
        10          0          0          0          0         68   fretinf.o
        98          0          0          0          0         68   frleqf.o
       272        100          0          0          0         88   fsqrt.o
         4          0          0          0          0         68   printf1.o
         0          0          0          0          0          0   usenofp.o
        40          0          0          0          0         68   fpclassify.o
        44          0          0          0          0         80   sqrtf.o

    ----------------------------------------------------------------------
      8928        470        516          0         96       6088   Library Totals
        24          0          3          0          0          0   (incl. Padding)

    ----------------------------------------------------------------------

      Code (inc. data)   RO Data    RW Data    ZI Data      Debug   Library Name

      6518        262        513          0         96       4444   c_w.l
      2302        208          0          0          0       1496   fz_ws.l
        84          0          0          0          0        148   m_ws.l

    ----------------------------------------------------------------------
      8928        470        516          0         96       6088   Library Totals

    ----------------------------------------------------------------------

==============================================================================


      Code (inc. data)   RO Data    RW Data    ZI Data      Debug   

     21760       1654     112380        328       2544     397456   Grand Totals
     21760       1654     112380        252       2544     397456   ELF Image Totals (compressed)
     21760       1654     112380        252          0          0   ROM Totals

==============================================================================

    Total RO  Size (Code + RO Data)               134140 ( 131.00kB)
    Total RW  Size (RW Data + ZI Data)              2872 (   2.80kB)
    Total ROM Size (Code + RO Data + RW Data)     134392 ( 131.24kB)

==============================================================================

